Archive member included to satisfy reference by file (symbol)

C:/ST/STM32CubeIDE_1.13.2/STM32CubeIDE/plugins/com.st.stm32cube.ide.mcu.externaltools.gnu-tools-for-stm32.11.3.rel1.win32_1.1.100.202309141235/tools/bin/../lib/gcc/arm-none-eabi/11.3.1/../../../../arm-none-eabi/lib/thumb/v7e-m+fp/hard\libc_nano.a(libc_a-exit.o)
                              C:/ST/STM32CubeIDE_1.13.2/STM32CubeIDE/plugins/com.st.stm32cube.ide.mcu.externaltools.gnu-tools-for-stm32.11.3.rel1.win32_1.1.100.202309141235/tools/bin/../lib/gcc/arm-none-eabi/11.3.1/../../../../arm-none-eabi/lib/thumb/v7e-m+fp/hard/crt0.o (exit)
C:/ST/STM32CubeIDE_1.13.2/STM32CubeIDE/plugins/com.st.stm32cube.ide.mcu.externaltools.gnu-tools-for-stm32.11.3.rel1.win32_1.1.100.202309141235/tools/bin/../lib/gcc/arm-none-eabi/11.3.1/../../../../arm-none-eabi/lib/thumb/v7e-m+fp/hard\libc_nano.a(libc_a-findfp.o)
                              C:/ST/STM32CubeIDE_1.13.2/STM32CubeIDE/plugins/com.st.stm32cube.ide.mcu.externaltools.gnu-tools-for-stm32.11.3.rel1.win32_1.1.100.202309141235/tools/bin/../lib/gcc/arm-none-eabi/11.3.1/../../../../arm-none-eabi/lib/thumb/v7e-m+fp/hard\libc_nano.a(libc_a-exit.o) (__stdio_exit_handler)
C:/ST/STM32CubeIDE_1.13.2/STM32CubeIDE/plugins/com.st.stm32cube.ide.mcu.externaltools.gnu-tools-for-stm32.11.3.rel1.win32_1.1.100.202309141235/tools/bin/../lib/gcc/arm-none-eabi/11.3.1/../../../../arm-none-eabi/lib/thumb/v7e-m+fp/hard\libc_nano.a(libc_a-fwalk.o)
                              C:/ST/STM32CubeIDE_1.13.2/STM32CubeIDE/plugins/com.st.stm32cube.ide.mcu.externaltools.gnu-tools-for-stm32.11.3.rel1.win32_1.1.100.202309141235/tools/bin/../lib/gcc/arm-none-eabi/11.3.1/../../../../arm-none-eabi/lib/thumb/v7e-m+fp/hard\libc_nano.a(libc_a-findfp.o) (_fwalk_sglue)
C:/ST/STM32CubeIDE_1.13.2/STM32CubeIDE/plugins/com.st.stm32cube.ide.mcu.externaltools.gnu-tools-for-stm32.11.3.rel1.win32_1.1.100.202309141235/tools/bin/../lib/gcc/arm-none-eabi/11.3.1/../../../../arm-none-eabi/lib/thumb/v7e-m+fp/hard\libc_nano.a(libc_a-stdio.o)
                              C:/ST/STM32CubeIDE_1.13.2/STM32CubeIDE/plugins/com.st.stm32cube.ide.mcu.externaltools.gnu-tools-for-stm32.11.3.rel1.win32_1.1.100.202309141235/tools/bin/../lib/gcc/arm-none-eabi/11.3.1/../../../../arm-none-eabi/lib/thumb/v7e-m+fp/hard\libc_nano.a(libc_a-findfp.o) (__sread)
C:/ST/STM32CubeIDE_1.13.2/STM32CubeIDE/plugins/com.st.stm32cube.ide.mcu.externaltools.gnu-tools-for-stm32.11.3.rel1.win32_1.1.100.202309141235/tools/bin/../lib/gcc/arm-none-eabi/11.3.1/../../../../arm-none-eabi/lib/thumb/v7e-m+fp/hard\libc_nano.a(libc_a-memset.o)
                              C:/ST/STM32CubeIDE_1.13.2/STM32CubeIDE/plugins/com.st.stm32cube.ide.mcu.externaltools.gnu-tools-for-stm32.11.3.rel1.win32_1.1.100.202309141235/tools/bin/../lib/gcc/arm-none-eabi/11.3.1/../../../../arm-none-eabi/lib/thumb/v7e-m+fp/hard/crt0.o (memset)
C:/ST/STM32CubeIDE_1.13.2/STM32CubeIDE/plugins/com.st.stm32cube.ide.mcu.externaltools.gnu-tools-for-stm32.11.3.rel1.win32_1.1.100.202309141235/tools/bin/../lib/gcc/arm-none-eabi/11.3.1/../../../../arm-none-eabi/lib/thumb/v7e-m+fp/hard\libc_nano.a(libc_a-closer.o)
                              C:/ST/STM32CubeIDE_1.13.2/STM32CubeIDE/plugins/com.st.stm32cube.ide.mcu.externaltools.gnu-tools-for-stm32.11.3.rel1.win32_1.1.100.202309141235/tools/bin/../lib/gcc/arm-none-eabi/11.3.1/../../../../arm-none-eabi/lib/thumb/v7e-m+fp/hard\libc_nano.a(libc_a-stdio.o) (_close_r)
C:/ST/STM32CubeIDE_1.13.2/STM32CubeIDE/plugins/com.st.stm32cube.ide.mcu.externaltools.gnu-tools-for-stm32.11.3.rel1.win32_1.1.100.202309141235/tools/bin/../lib/gcc/arm-none-eabi/11.3.1/../../../../arm-none-eabi/lib/thumb/v7e-m+fp/hard\libc_nano.a(libc_a-reent.o)
                              C:/ST/STM32CubeIDE_1.13.2/STM32CubeIDE/plugins/com.st.stm32cube.ide.mcu.externaltools.gnu-tools-for-stm32.11.3.rel1.win32_1.1.100.202309141235/tools/bin/../lib/gcc/arm-none-eabi/11.3.1/../../../../arm-none-eabi/lib/thumb/v7e-m+fp/hard\libc_nano.a(libc_a-closer.o) (errno)
C:/ST/STM32CubeIDE_1.13.2/STM32CubeIDE/plugins/com.st.stm32cube.ide.mcu.externaltools.gnu-tools-for-stm32.11.3.rel1.win32_1.1.100.202309141235/tools/bin/../lib/gcc/arm-none-eabi/11.3.1/../../../../arm-none-eabi/lib/thumb/v7e-m+fp/hard\libc_nano.a(libc_a-impure.o)
                              C:/ST/STM32CubeIDE_1.13.2/STM32CubeIDE/plugins/com.st.stm32cube.ide.mcu.externaltools.gnu-tools-for-stm32.11.3.rel1.win32_1.1.100.202309141235/tools/bin/../lib/gcc/arm-none-eabi/11.3.1/../../../../arm-none-eabi/lib/thumb/v7e-m+fp/hard\libc_nano.a(libc_a-reent.o) (_impure_ptr)
C:/ST/STM32CubeIDE_1.13.2/STM32CubeIDE/plugins/com.st.stm32cube.ide.mcu.externaltools.gnu-tools-for-stm32.11.3.rel1.win32_1.1.100.202309141235/tools/bin/../lib/gcc/arm-none-eabi/11.3.1/../../../../arm-none-eabi/lib/thumb/v7e-m+fp/hard\libc_nano.a(libc_a-lseekr.o)
[...]
Memory Configuration

Name             Origin             Length             Attributes
RAM              0x0000000020000000 0x0000000000020000 xrw
FLASH            0x0000000008000000 0x0000000000080000 xr
*default*        0x0000000000000000 0xffffffffffffffff

Linker script and memory map

LOAD C:/ST/STM32CubeIDE_1.13.2/STM32CubeIDE/plugins/com.st.stm32cube.ide.mcu.externaltools.gnu-tools-for-stm32.11.3.rel1.win32_1.1.100.202309141235/tools/bin/../lib/gcc/arm-none-eabi/11.3.1/thumb/v7e-m+fp/hard/crti.o
LOAD C:/ST/STM32CubeIDE_1.13.2/STM32CubeIDE/plugins/com.st.stm32cube.ide.mcu.externaltools.gnu-tools-for-stm32.11.3.rel1.win32_1.1.100.202309141235/tools/bin/../lib/gcc/arm-none-eabi/11.3.1/thumb/v7e-m+fp/hard/crtbegin.o
LOAD C:/ST/STM32CubeIDE_1.13.2/STM32CubeIDE/plugins/com.st.stm32cube.ide.mcu.externaltools.gnu-tools-for-stm32.11.3.rel1.win32_1.1.100.202309141235/tools/bin/../lib/gcc/arm-none-eabi/11.3.1/../../../../arm-none-eabi/lib/thumb/v7e-m+fp/hard/crt0.o
LOAD ./Core/Src/dma.o
LOAD ./Core/Src/gpio.o
LOAD ./Core/Src/main.o
LOAD ./Core/Src/stm32f4xx_hal_msp.o
LOAD ./Core/Src/stm32f4xx_hal_timebase_tim.o
LOAD ./Core/Src/stm32f4xx_it.o
LOAD ./Core/Src/syscalls.o
LOAD ./Core/Src/sysmem.o
LOAD ./Core/Src/system_stm32f4xx.o
LOAD ./Core/Src/tim.o
LOAD ./Core/Src/usart.o
LOAD ./Core/Startup/startup_stm32f411retx.o
LOAD ./Drivers/STM32F4xx_HAL_Driver/Src/stm32f4xx_hal.o
LOAD ./Drivers/STM32F4xx_HAL_Driver/Src/stm32f4xx_hal_cortex.o
LOAD ./Drivers/STM32F4xx_HAL_Driver/Src/stm32f4xx_hal_dma.o
LOAD ./Drivers/STM32F4xx_HAL_Driver/Src/stm32f4xx_hal_dma_ex.o
LOAD ./Drivers/STM32F4xx_HAL_Driver/Src/stm32f4xx_hal_exti.o
LOAD ./Drivers/STM32F4xx_HAL_Driver/Src/stm32f4xx_hal_flash.o
LOAD ./Drivers/STM32F4xx_HAL_Driver/Src/stm32f4xx_hal_flash_ex.o
LOAD ./Drivers/STM32F4xx_HAL_Driver/Src/stm32f4xx_hal_flash_ramfunc.o
LOAD ./Drivers/STM32F4xx_HAL_Driver/Src/stm32f4xx_hal_gpio.o
LOAD ./Drivers/STM32F4xx_HAL_Driver/Src/stm32f4xx_hal_pwr.o
LOAD ./Drivers/STM32F4xx_HAL_Driver/Src/stm32f4xx_hal_pwr_ex.o
LOAD ./Drivers/STM32F4xx_HAL_Driver/Src/stm32f4xx_hal_rcc.o
LOAD ./Drivers/STM32F4xx_HAL_Driver/Src/stm32f4xx_hal_rcc_ex.o
LOAD ./Drivers/STM32F4xx_HAL_Driver/Src/stm32f4xx_hal_tim.o
LOAD ./Drivers/STM32F4xx_HAL_Driver/Src/stm32f4xx_hal_tim_ex.o
LOAD ./Drivers/STM32F4xx_HAL_Driver/Src/stm32f4xx_hal_uart.o
START GROUP
LOAD C:/ST/STM32CubeIDE_1.13.2/STM32CubeIDE/plugins/com.st.stm32cube.ide.mcu.externaltools.gnu-tools-for-stm32.11.3.rel1.win32_1.1.100.202309141235/tools/bin/../lib/gcc/arm-none-eabi/11.3.1/../../../../arm-none-eabi/lib/thumb/v7e-m+fp/hard\libc_nano.a
LOAD C:/ST/STM32CubeIDE_1.13.2/STM32CubeIDE/plugins/com.st.stm32cube.ide.mcu.externaltools.gnu-tools-for-stm32.11.3.rel1.win32_1.1.100.202309141235/tools/bin/../lib/gcc/arm-none-eabi/11.3.1/../../../../arm-none-eabi/lib/thumb/v7e-m+fp/hard\libm.a
END GROUP
START GROUP
LOAD C:/ST/STM32CubeIDE_1.13.2/STM32CubeIDE/plugins/com.st.stm32cube.ide.mcu.externaltools.gnu-tools-for-stm32.11.3.rel1.win32_1.1.100.202309141235/tools/bin/../lib/gcc/arm-none-eabi/11.3.1/thumb/v7e-m+fp/hard\libgcc.a
LOAD C:/ST/STM32CubeIDE_1.13.2/STM32CubeIDE/plugins/com.st.stm32cube.ide.mcu.externaltools.gnu-tools-for-stm32.11.3.rel1.win32_1.1.100.202309141235/tools/bin/../lib/gcc/arm-none-eabi/11.3.1/../../../../arm-none-eabi/lib/thumb/v7e-m+fp/hard\libc_nano.a
END GROUP
START GROUP
LOAD C:/ST/STM32CubeIDE_1.13.2/STM32CubeIDE/plugins/com.st.stm32cube.ide.mcu.externaltools.gnu-tools-for-stm32.11.3.rel1.win32_1.1.100.202309141235/tools/bin/../lib/gcc/arm-none-eabi/11.3.1/thumb/v7e-m+fp/hard\libgcc.a
LOAD C:/ST/STM32CubeIDE_1.13.2/STM32CubeIDE/plugins/com.st.stm32cube.ide.mcu.externaltools.gnu-tools-for-stm32.11.3.rel1.win32_1.1.100.202309141235/tools/bin/../lib/gcc/arm-none-eabi/11.3.1/../../../../arm-none-eabi/lib/thumb/v7e-m+fp/hard\libc_nano.a
LOAD C:/ST/STM32CubeIDE_1.13.2/STM32CubeIDE/plugins/com.st.stm32cube.ide.mcu.externaltools.gnu-tools-for-stm32.11.3.rel1.win32_1.1.100.202309141235/tools/bin/../lib/gcc/arm-none-eabi/11.3.1/../../../../arm-none-eabi/lib/thumb/v7e-m+fp/hard\libnosys.a
END GROUP
START GROUP
LOAD C:/ST/STM32CubeIDE_1.13.2/STM32CubeIDE/plugins/com.st.stm32cube.ide.mcu.externaltools.gnu-tools-for-stm32.11.3.rel1.win32_1.1.100.202309141235/tools/bin/../lib/gcc/arm-none-eabi/11.3.1/thumb/v7e-m+fp/hard\libgcc.a
LOAD C:/ST/STM32CubeIDE_1.13.2/STM32CubeIDE/plugins/com.st.stm32cube.ide.mcu.externaltools.gnu-tools-for-stm32.11.3.rel1.win32_1.1.100.202309141235/tools/bin/../lib/gcc/arm-none-eabi/11.3.1/../../../../arm-none-eabi/lib/thumb/v7e-m+fp/hard\libc_nano.a
LOAD C:/ST/STM32CubeIDE_1.13.2/STM32CubeIDE/plugins/com.st.stm32cube.ide.mcu.externaltools.gnu-tools-for-stm32.11.3.rel1.win32_1.1.100.202309141235/tools/bin/../lib/gcc/arm-none-eabi/11.3.1/../../../../arm-none-eabi/lib/thumb/v7e-m+fp/hard\libnosys.a
END GROUP
LOAD C:/ST/STM32CubeIDE_1.13.2/STM32CubeIDE/plugins/com.st.stm32cube.ide.mcu.externaltools.gnu-tools-for-stm32.11.3.rel1.win32_1.1.100.202309141235/tools/bin/../lib/gcc/arm-none-eabi/11.3.1/thumb/v7e-m+fp/hard/crtend.o
LOAD C:/ST/STM32CubeIDE_1.13.2/STM32CubeIDE/plugins/com.st.stm32cube.ide.mcu.externaltools.gnu-tools-for-stm32.11.3.rel1.win32_1.1.100.202309141235/tools/bin/../lib/gcc/arm-none-eabi/11.3.1/thumb/v7e-m+fp/hard/crtn.o
                0x0000000020020000                _estack = (ORIGIN (RAM) + LENGTH (RAM))
                0x0000000000000200                _Min_Heap_Size = 0x200
                0x0000000000000400                _Min_Stack_Size = 0x400

.isr_vector     0x0000000008000000      0x198
                0x0000000008000000                . = ALIGN (0x4)
 *(.isr_vector)
 .isr_vector    0x0000000008000000      0x198 ./Core/Startup/startup_stm32f411retx.o
                0x0000000008000000                g_pfnVectors
                0x0000000008000198                . = ALIGN (0x4)

.text           0x0000000008000198     0x55bc
                0x0000000008000198                . = ALIGN (0x4)
 *(.text)
 .text          0x0000000008000198       0x40 C:/ST/STM32CubeIDE_1.13.2/STM32CubeIDE/plugins/com.st.stm32cube.ide.mcu.externaltools.gnu-tools-for-stm32.11.3.rel1.win32_1.1.100.202309141235/tools/bin/../lib/gcc/arm-none-eabi/11.3.1/thumb/v7e-m+fp/hard/crtbegin.o
 .text          0x00000000080001d8       0x30 C:/ST/STM32CubeIDE_1.13.2/STM32CubeIDE/plugins/com.st.stm32cube.ide.mcu.externaltools.gnu-tools-for-stm32.11.3.rel1.win32_1.1.100.202309141235/tools/bin/../lib/gcc/arm-none-eabi/11.3.1/thumb/v7e-m+fp/hard\libgcc.a(_aeabi_uldivmod.o)
                0x00000000080001d8                __aeabi_uldivmod
 .text          0x0000000008000208      0x2c8 C:/ST/STM32CubeIDE_1.13.2/STM32CubeIDE/plugins/com.st.stm32cube.ide.mcu.externaltools.gnu-tools-for-stm32.11.3.rel1.win32_1.1.100.202309141235/tools/bin/../lib/gcc/arm-none-eabi/11.3.1/thumb/v7e-m+fp/hard\libgcc.a(_udivmoddi4.o)
                0x0000000008000208                __udivmoddi4
 .text          0x00000000080004d0        0x4 C:/ST/STM32CubeIDE_1.13.2/STM32CubeIDE/plugins/com.st.stm32cube.ide.mcu.externaltools.gnu-tools-for-stm32.11.3.rel1.win32_1.1.100.202309141235/tools/bin/../lib/gcc/arm-none-eabi/11.3.1/thumb/v7e-m+fp/hard\libgcc.a(_dvmd_tls.o)
                0x00000000080004d0                __aeabi_idiv0
                0x00000000080004d0                __aeabi_ldiv0
 *(.text*)
 .text.MX_DMA_Init
                0x00000000080004d4       0x40 ./Core/Src/dma.o
                0x00000000080004d4                MX_DMA_Init
 .text.MX_GPIO_Init
                0x0000000008000514      0x110 ./Core/Src/gpio.o
                0x0000000008000514                MX_GPIO_Init
 .text.delay_us
                0x0000000008000624       0x34 ./Core/Src/main.o
                0x0000000008000624                delay_us
 .text.HAL_TIM_IC_CaptureCallback
                0x0000000008000658      0x330 ./Core/Src/main.o
                0x0000000008000658                HAL_TIM_IC_CaptureCallback
 .text.Trig1    0x0000000008000988       0x3c ./Core/Src/main.o
                0x0000000008000988                Trig1
 .text.Trig2    0x00000000080009c4       0x40 ./Core/Src/main.o
                0x00000000080009c4                Trig2
 .text.Trig3    0x0000000008000a04       0x40 ./Core/Src/main.o
                0x0000000008000a04                Trig3
 .text.go       0x0000000008000a44       0x58 ./Core/Src/main.o
                0x0000000008000a44                go
 .text.back     0x0000000008000a9c       0x58 ./Core/Src/main.o
                0x0000000008000a9c                back
 .text.stop     0x0000000008000af4       0x3c ./Core/Src/main.o
                0x0000000008000af4                stop
 .text.right    0x0000000008000b30       0x58 ./Core/Src/main.o
                0x0000000008000b30                right
 .text.left     0x0000000008000b88       0x58 ./Core/Src/main.o
                0x0000000008000b88                left
 .text.left_back
                0x0000000008000be0       0x3c ./Core/Src/main.o
                0x0000000008000be0                left_back
 .text.right_back
                0x0000000008000c1c       0x3c ./Core/Src/main.o
                0x0000000008000c1c                right_back
 .text.at_motor
                0x0000000008000c58      0x148 ./Core/Src/main.o
                0x0000000008000c58                at_motor
 .text.bt_motor
                0x0000000008000da0       0xdc ./Core/Src/main.o
                0x0000000008000da0                bt_motor
 .text.HAL_UART_RxCpltCallback
                0x0000000008000e7c       0x30 ./Core/Src/main.o
                0x0000000008000e7c                HAL_UART_RxCpltCallback
 .text.main     0x0000000008000eac       0xb0 ./Core/Src/main.o
                0x0000000008000eac                main
 .text.SystemClock_Config
                0x0000000008000f5c       0xd4 ./Core/Src/main.o
                0x0000000008000f5c                SystemClock_Config
 .text.HAL_TIM_PeriodElapsedCallback
                0x0000000008001030       0x24 ./Core/Src/main.o
                0x0000000008001030                HAL_TIM_PeriodElapsedCallback
 .text.Error_Handler
                0x0000000008001054        0xa ./Core/Src/main.o
                0x0000000008001054                Error_Handler
 *fill*         0x000000000800105e        0x2 
 .text.HAL_MspInit
                0x0000000008001060       0x50 ./Core/Src/stm32f4xx_hal_msp.o
                0x0000000008001060                HAL_MspInit
 .text.HAL_InitTick
                0x00000000080010b0       0xf8 ./Core/Src/stm32f4xx_hal_timebase_tim.o
                0x00000000080010b0                HAL_InitTick
 .text.NMI_Handler
                0x00000000080011a8        0x6 ./Core/Src/stm32f4xx_it.o
                0x00000000080011a8                NMI_Handler
 .text.HardFault_Handler
                0x00000000080011ae        0x6 ./Core/Src/stm32f4xx_it.o
                0x00000000080011ae                HardFault_Handler
 .text.MemManage_Handler
                0x00000000080011b4        0x6 ./Core/Src/stm32f4xx_it.o
                0x00000000080011b4                MemManage_Handler
 .text.BusFault_Handler
                0x00000000080011ba        0x6 ./Core/Src/stm32f4xx_it.o
                0x00000000080011ba                BusFault_Handler
 .text.UsageFault_Handler
                0x00000000080011c0        0x6 ./Core/Src/stm32f4xx_it.o
                0x00000000080011c0                UsageFault_Handler
 .text.SVC_Handler
                0x00000000080011c6        0xe ./Core/Src/stm32f4xx_it.o
                0x00000000080011c6                SVC_Handler
 .text.DebugMon_Handler
                0x00000000080011d4        0xe ./Core/Src/stm32f4xx_it.o
                0x00000000080011d4                DebugMon_Handler
 .text.PendSV_Handler
                0x00000000080011e2        0xe ./Core/Src/stm32f4xx_it.o
                0x00000000080011e2                PendSV_Handler
 .text.SysTick_Handler
                0x00000000080011f0        0xe ./Core/Src/stm32f4xx_it.o
                0x00000000080011f0                SysTick_Handler
 *fill*         0x00000000080011fe        0x2 
 .text.DMA1_Stream5_IRQHandler
                0x0000000008001200       0x14 ./Core/Src/stm32f4xx_it.o
                0x0000000008001200                DMA1_Stream5_IRQHandler
 .text.TIM1_CC_IRQHandler
                0x0000000008001214       0x14 ./Core/Src/stm32f4xx_it.o
                0x0000000008001214                TIM1_CC_IRQHandler
 .text.TIM2_IRQHandler
                0x0000000008001228       0x14 ./Core/Src/stm32f4xx_it.o
                0x0000000008001228                TIM2_IRQHandler
 .text.TIM3_IRQHandler
                0x000000000800123c       0x14 ./Core/Src/stm32f4xx_it.o
                0x000000000800123c                TIM3_IRQHandler
 .text.USART1_IRQHandler
                0x0000000008001250       0x14 ./Core/Src/stm32f4xx_it.o
                0x0000000008001250                USART1_IRQHandler
 .text.USART2_IRQHandler
                0x0000000008001264       0x14 ./Core/Src/stm32f4xx_it.o
                0x0000000008001264                USART2_IRQHandler
 .text.TIM5_IRQHandler
                0x0000000008001278       0x14 ./Core/Src/stm32f4xx_it.o
                0x0000000008001278                TIM5_IRQHandler
 .text.SystemInit
                0x000000000800128c       0x24 ./Core/Src/system_stm32f4xx.o
                0x000000000800128c                SystemInit
 .text.MX_TIM1_Init
                0x00000000080012b0       0xe8 ./Core/Src/tim.o
                0x00000000080012b0                MX_TIM1_Init
 .text.MX_TIM2_Init
                0x0000000008001398       0xa4 ./Core/Src/tim.o
                0x0000000008001398                MX_TIM2_Init
 .text.MX_TIM3_Init
                0x000000000800143c       0xa8 ./Core/Src/tim.o
                0x000000000800143c                MX_TIM3_Init
 .text.MX_TIM4_Init
                0x00000000080014e4       0xcc ./Core/Src/tim.o
                0x00000000080014e4                MX_TIM4_Init
 .text.HAL_TIM_Base_MspInit
                0x00000000080015b0       0xa0 ./Core/Src/tim.o
                0x00000000080015b0                HAL_TIM_Base_MspInit
 .text.HAL_TIM_IC_MspInit
                0x0000000008001650      0x118 ./Core/Src/tim.o
                0x0000000008001650                HAL_TIM_IC_MspInit
 .text.HAL_TIM_PWM_MspInit
                0x0000000008001768       0x44 ./Core/Src/tim.o
                0x0000000008001768                HAL_TIM_PWM_MspInit
 .text.HAL_TIM_MspPostInit
                0x00000000080017ac       0x74 ./Core/Src/tim.o
                0x00000000080017ac                HAL_TIM_MspPostInit
 .text.MX_USART1_UART_Init
                0x0000000008001820       0x54 ./Core/Src/usart.o
                0x0000000008001820                MX_USART1_UART_Init
 .text.MX_USART2_UART_Init
                0x0000000008001874       0x54 ./Core/Src/usart.o
                0x0000000008001874                MX_USART2_UART_Init
 .text.HAL_UART_MspInit
                0x00000000080018c8      0x1bc ./Core/Src/usart.o
                0x00000000080018c8                HAL_UART_MspInit
 .text.Reset_Handler
                0x0000000008001a84       0x50 ./Core/Startup/startup_stm32f411retx.o
                0x0000000008001a84                Reset_Handler
 .text.Default_Handler
                0x0000000008001ad4        0x2 ./Core/Startup/startup_stm32f411retx.o
                0x0000000008001ad4                RTC_Alarm_IRQHandler
                0x0000000008001ad4                EXTI2_IRQHandler
                0x0000000008001ad4                SPI4_IRQHandler
                0x0000000008001ad4                DMA2_Stream5_IRQHandler
                0x0000000008001ad4                PVD_IRQHandler
                0x0000000008001ad4                SDIO_IRQHandler
                0x0000000008001ad4                TAMP_STAMP_IRQHandler
                0x0000000008001ad4                EXTI3_IRQHandler
                0x0000000008001ad4                TIM1_UP_TIM10_IRQHandler
                0x0000000008001ad4                I2C3_ER_IRQHandler
                0x0000000008001ad4                EXTI0_IRQHandler
                0x0000000008001ad4                I2C2_EV_IRQHandler
                0x0000000008001ad4                DMA1_Stream2_IRQHandler
                0x0000000008001ad4                FPU_IRQHandler
                0x0000000008001ad4                DMA2_Stream2_IRQHandler
                0x0000000008001ad4                SPI1_IRQHandler
                0x0000000008001ad4                TIM1_BRK_TIM9_IRQHandler
                0x0000000008001ad4                DMA2_Stream3_IRQHandler
                0x0000000008001ad4                USART6_IRQHandler
                0x0000000008001ad4                DMA2_Stream0_IRQHandler
                0x0000000008001ad4                TIM4_IRQHandler
                0x0000000008001ad4                I2C1_EV_IRQHandler
                0x0000000008001ad4                DMA1_Stream6_IRQHandler
                0x0000000008001ad4                DMA1_Stream1_IRQHandler
                0x0000000008001ad4                RCC_IRQHandler
                0x0000000008001ad4                Default_Handler
                0x0000000008001ad4                EXTI15_10_IRQHandler
                0x0000000008001ad4                ADC_IRQHandler
                0x0000000008001ad4                DMA1_Stream7_IRQHandler
                0x0000000008001ad4                SPI5_IRQHandler
                0x0000000008001ad4                DMA2_Stream7_IRQHandler
                0x0000000008001ad4                I2C3_EV_IRQHandler
                0x0000000008001ad4                EXTI9_5_IRQHandler
                0x0000000008001ad4                RTC_WKUP_IRQHandler
                0x0000000008001ad4                SPI2_IRQHandler
                0x0000000008001ad4                DMA1_Stream0_IRQHandler
                0x0000000008001ad4                EXTI4_IRQHandler
                0x0000000008001ad4                WWDG_IRQHandler
                0x0000000008001ad4                OTG_FS_WKUP_IRQHandler
                0x0000000008001ad4                TIM1_TRG_COM_TIM11_IRQHandler
                0x0000000008001ad4                EXTI1_IRQHandler
                0x0000000008001ad4                I2C2_ER_IRQHandler
                0x0000000008001ad4                DMA2_Stream1_IRQHandler
                0x0000000008001ad4                FLASH_IRQHandler
                0x0000000008001ad4                DMA2_Stream4_IRQHandler
                0x0000000008001ad4                OTG_FS_IRQHandler
                0x0000000008001ad4                SPI3_IRQHandler
                0x0000000008001ad4                DMA1_Stream4_IRQHandler
                0x0000000008001ad4                I2C1_ER_IRQHandler
                0x0000000008001ad4                DMA2_Stream6_IRQHandler
                0x0000000008001ad4                DMA1_Stream3_IRQHandler
 *fill*         0x0000000008001ad6        0x2 
 .text.HAL_Init
                0x0000000008001ad8       0x44 ./Drivers/STM32F4xx_HAL_Driver/Src/stm32f4xx_hal.o
                0x0000000008001ad8                HAL_Init
 .text.HAL_IncTick
                0x0000000008001b1c       0x28 ./Drivers/STM32F4xx_HAL_Driver/Src/stm32f4xx_hal.o
                0x0000000008001b1c                HAL_IncTick
 .text.HAL_GetTick
                0x0000000008001b44       0x18 ./Drivers/STM32F4xx_HAL_Driver/Src/stm32f4xx_hal.o
                0x0000000008001b44                HAL_GetTick
 .text.HAL_Delay
                0x0000000008001b5c       0x48 ./Drivers/STM32F4xx_HAL_Driver/Src/stm32f4xx_hal.o
                0x0000000008001b5c                HAL_Delay
 .text.__NVIC_SetPriorityGrouping
                0x0000000008001ba4       0x48 ./Drivers/STM32F4xx_HAL_Driver/Src/stm32f4xx_hal_cortex.o
 .text.__NVIC_GetPriorityGrouping
                0x0000000008001bec       0x1c ./Drivers/STM32F4xx_HAL_Driver/Src/stm32f4xx_hal_cortex.o
 .text.__NVIC_EnableIRQ
                0x0000000008001c08       0x3c ./Drivers/STM32F4xx_HAL_Driver/Src/stm32f4xx_hal_cortex.o
 .text.__NVIC_SetPriority
                0x0000000008001c44       0x54 ./Drivers/STM32F4xx_HAL_Driver/Src/stm32f4xx_hal_cortex.o
 .text.NVIC_EncodePriority
                0x0000000008001c98       0x66 ./Drivers/STM32F4xx_HAL_Driver/Src/stm32f4xx_hal_cortex.o
 .text.HAL_NVIC_SetPriorityGrouping
                0x0000000008001cfe       0x16 ./Drivers/STM32F4xx_HAL_Driver/Src/stm32f4xx_hal_cortex.o
                0x0000000008001cfe                HAL_NVIC_SetPriorityGrouping
 .text.HAL_NVIC_SetPriority
                0x0000000008001d14       0x38 ./Drivers/STM32F4xx_HAL_Driver/Src/stm32f4xx_hal_cortex.o
                0x0000000008001d14                HAL_NVIC_SetPriority
 .text.HAL_NVIC_EnableIRQ
                0x0000000008001d4c       0x1c ./Drivers/STM32F4xx_HAL_Driver/Src/stm32f4xx_hal_cortex.o
                0x0000000008001d4c                HAL_NVIC_EnableIRQ
 .text.HAL_DMA_Init
                0x0000000008001d68      0x15c ./Drivers/STM32F4xx_HAL_Driver/Src/stm32f4xx_hal_dma.o
                0x0000000008001d68                HAL_DMA_Init
 .text.HAL_DMA_Abort
                0x0000000008001ec4       0xe0 ./Drivers/STM32F4xx_HAL_Driver/Src/stm32f4xx_hal_dma.o
                0x0000000008001ec4                HAL_DMA_Abort
 .text.HAL_DMA_Abort_IT
                0x0000000008001fa4       0x44 ./Drivers/STM32F4xx_HAL_Driver/Src/stm32f4xx_hal_dma.o
                0x0000000008001fa4                HAL_DMA_Abort_IT
 .text.HAL_DMA_IRQHandler
                0x0000000008001fe8      0x314 ./Drivers/STM32F4xx_HAL_Driver/Src/stm32f4xx_hal_dma.o
                0x0000000008001fe8                HAL_DMA_IRQHandler
 .text.DMA_CalcBaseAndBitshift
                0x00000000080022fc       0x6c ./Drivers/STM32F4xx_HAL_Driver/Src/stm32f4xx_hal_dma.o
 .text.DMA_CheckFifoParam
                0x0000000008002368       0xf8 ./Drivers/STM32F4xx_HAL_Driver/Src/stm32f4xx_hal_dma.o
 .text.HAL_GPIO_Init
                0x0000000008002460      0x308 ./Drivers/STM32F4xx_HAL_Driver/Src/stm32f4xx_hal_gpio.o
                0x0000000008002460                HAL_GPIO_Init
 .text.HAL_GPIO_WritePin
                0x0000000008002768       0x32 ./Drivers/STM32F4xx_HAL_Driver/Src/stm32f4xx_hal_gpio.o
                0x0000000008002768                HAL_GPIO_WritePin
 *fill*         0x000000000800279a        0x2 
 .text.HAL_RCC_OscConfig
                0x000000000800279c      0x4f0 ./Drivers/STM32F4xx_HAL_Driver/Src/stm32f4xx_hal_rcc.o
                0x000000000800279c                HAL_RCC_OscConfig
 .text.HAL_RCC_ClockConfig
                0x0000000008002c8c      0x1cc ./Drivers/STM32F4xx_HAL_Driver/Src/stm32f4xx_hal_rcc.o
                0x0000000008002c8c                HAL_RCC_ClockConfig
 .text.HAL_RCC_GetSysClockFreq
                0x0000000008002e58      0x20c ./Drivers/STM32F4xx_HAL_Driver/Src/stm32f4xx_hal_rcc.o
                0x0000000008002e58                HAL_RCC_GetSysClockFreq
 .text.HAL_RCC_GetHCLKFreq
                0x0000000008003064       0x18 ./Drivers/STM32F4xx_HAL_Driver/Src/stm32f4xx_hal_rcc.o
                0x0000000008003064                HAL_RCC_GetHCLKFreq
 .text.HAL_RCC_GetPCLK1Freq
                0x000000000800307c       0x28 ./Drivers/STM32F4xx_HAL_Driver/Src/stm32f4xx_hal_rcc.o
                0x000000000800307c                HAL_RCC_GetPCLK1Freq
 .text.HAL_RCC_GetPCLK2Freq
                0x00000000080030a4       0x28 ./Drivers/STM32F4xx_HAL_Driver/Src/stm32f4xx_hal_rcc.o
                0x00000000080030a4                HAL_RCC_GetPCLK2Freq
 .text.HAL_RCC_GetClockConfig
                0x00000000080030cc       0x64 ./Drivers/STM32F4xx_HAL_Driver/Src/stm32f4xx_hal_rcc.o
                0x00000000080030cc                HAL_RCC_GetClockConfig
 .text.HAL_TIM_Base_Init
                0x0000000008003130       0x9e ./Drivers/STM32F4xx_HAL_Driver/Src/stm32f4xx_hal_tim.o
                0x0000000008003130                HAL_TIM_Base_Init
 *fill*         0x00000000080031ce        0x2 
 .text.HAL_TIM_Base_Start
                0x00000000080031d0       0xb4 ./Drivers/STM32F4xx_HAL_Driver/Src/stm32f4xx_hal_tim.o
                0x00000000080031d0                HAL_TIM_Base_Start
 .text.HAL_TIM_Base_Start_IT
                0x0000000008003284       0xc4 ./Drivers/STM32F4xx_HAL_Driver/Src/stm32f4xx_hal_tim.o
                0x0000000008003284                HAL_TIM_Base_Start_IT
 .text.HAL_TIM_PWM_Init
                0x0000000008003348       0x9e ./Drivers/STM32F4xx_HAL_Driver/Src/stm32f4xx_hal_tim.o
                0x0000000008003348                HAL_TIM_PWM_Init
 *fill*         0x00000000080033e6        0x2 
 .text.HAL_TIM_PWM_Start
                0x00000000080033e8      0x160 ./Drivers/STM32F4xx_HAL_Driver/Src/stm32f4xx_hal_tim.o
                0x00000000080033e8                HAL_TIM_PWM_Start
 .text.HAL_TIM_IC_Init
                0x0000000008003548       0x9e ./Drivers/STM32F4xx_HAL_Driver/Src/stm32f4xx_hal_tim.o
                0x0000000008003548                HAL_TIM_IC_Init
 *fill*         0x00000000080035e6        0x2 
 .text.HAL_TIM_IC_Start_IT
                0x00000000080035e8      0x234 ./Drivers/STM32F4xx_HAL_Driver/Src/stm32f4xx_hal_tim.o
                0x00000000080035e8                HAL_TIM_IC_Start_IT
 .text.HAL_TIM_IRQHandler
                0x000000000800381c      0x1e0 ./Drivers/STM32F4xx_HAL_Driver/Src/stm32f4xx_hal_tim.o
                0x000000000800381c                HAL_TIM_IRQHandler
 .text.HAL_TIM_IC_ConfigChannel
                0x00000000080039fc      0x138 ./Drivers/STM32F4xx_HAL_Driver/Src/stm32f4xx_hal_tim.o
                0x00000000080039fc                HAL_TIM_IC_ConfigChannel
 .text.HAL_TIM_PWM_ConfigChannel
                0x0000000008003b34      0x184 ./Drivers/STM32F4xx_HAL_Driver/Src/stm32f4xx_hal_tim.o
                0x0000000008003b34                HAL_TIM_PWM_ConfigChannel
 .text.HAL_TIM_ConfigClockSource
                0x0000000008003cb8      0x18e ./Drivers/STM32F4xx_HAL_Driver/Src/stm32f4xx_hal_tim.o
                0x0000000008003cb8                HAL_TIM_ConfigClockSource
 *fill*         0x0000000008003e46        0x2 
 .text.HAL_TIM_ReadCapturedValue
                0x0000000008003e48       0x88 ./Drivers/STM32F4xx_HAL_Driver/Src/stm32f4xx_hal_tim.o
                0x0000000008003e48                HAL_TIM_ReadCapturedValue
 .text.HAL_TIM_OC_DelayElapsedCallback
                0x0000000008003ed0       0x14 ./Drivers/STM32F4xx_HAL_Driver/Src/stm32f4xx_hal_tim.o
                0x0000000008003ed0                HAL_TIM_OC_DelayElapsedCallback
 .text.HAL_TIM_PWM_PulseFinishedCallback
                0x0000000008003ee4       0x14 ./Drivers/STM32F4xx_HAL_Driver/Src/stm32f4xx_hal_tim.o
                0x0000000008003ee4                HAL_TIM_PWM_PulseFinishedCallback
 .text.HAL_TIM_TriggerCallback
                0x0000000008003ef8       0x14 ./Drivers/STM32F4xx_HAL_Driver/Src/stm32f4xx_hal_tim.o
                0x0000000008003ef8                HAL_TIM_TriggerCallback
 .text.TIM_Base_SetConfig
                0x0000000008003f0c      0x118 ./Drivers/STM32F4xx_HAL_Driver/Src/stm32f4xx_hal_tim.o
                0x0000000008003f0c                TIM_Base_SetConfig
 .text.TIM_OC1_SetConfig
                0x0000000008004024       0xcc ./Drivers/STM32F4xx_HAL_Driver/Src/stm32f4xx_hal_tim.o
 .text.TIM_OC2_SetConfig
                0x00000000080040f0       0xd8 ./Drivers/STM32F4xx_HAL_Driver/Src/stm32f4xx_hal_tim.o
                0x00000000080040f0                TIM_OC2_SetConfig
 .text.TIM_OC3_SetConfig
                0x00000000080041c8       0xd4 ./Drivers/STM32F4xx_HAL_Driver/Src/stm32f4xx_hal_tim.o
 .text.TIM_OC4_SetConfig
                0x000000000800429c       0xa0 ./Drivers/STM32F4xx_HAL_Driver/Src/stm32f4xx_hal_tim.o
 .text.TIM_TI1_SetConfig
                0x000000000800433c       0xd0 ./Drivers/STM32F4xx_HAL_Driver/Src/stm32f4xx_hal_tim.o
                0x000000000800433c                TIM_TI1_SetConfig
 .text.TIM_TI1_ConfigInputStage
                0x000000000800440c       0x5e ./Drivers/STM32F4xx_HAL_Driver/Src/stm32f4xx_hal_tim.o
 .text.TIM_TI2_SetConfig
                0x000000000800446a       0x7a ./Drivers/STM32F4xx_HAL_Driver/Src/stm32f4xx_hal_tim.o
 .text.TIM_TI2_ConfigInputStage
                0x00000000080044e4       0x60 ./Drivers/STM32F4xx_HAL_Driver/Src/stm32f4xx_hal_tim.o
 .text.TIM_TI3_SetConfig
                0x0000000008004544       0x78 ./Drivers/STM32F4xx_HAL_Driver/Src/stm32f4xx_hal_tim.o
 .text.TIM_TI4_SetConfig
                0x00000000080045bc       0x7a ./Drivers/STM32F4xx_HAL_Driver/Src/stm32f4xx_hal_tim.o
 .text.TIM_ITRx_SetConfig
                0x0000000008004636       0x36 ./Drivers/STM32F4xx_HAL_Driver/Src/stm32f4xx_hal_tim.o
 .text.TIM_ETR_SetConfig
                0x000000000800466c       0x40 ./Drivers/STM32F4xx_HAL_Driver/Src/stm32f4xx_hal_tim.o
                0x000000000800466c                TIM_ETR_SetConfig
 .text.TIM_CCxChannelCmd
                0x00000000080046ac       0x4a ./Drivers/STM32F4xx_HAL_Driver/Src/stm32f4xx_hal_tim.o
                0x00000000080046ac                TIM_CCxChannelCmd
 *fill*         0x00000000080046f6        0x2 
 .text.HAL_TIMEx_MasterConfigSynchronization
                0x00000000080046f8       0xdc ./Drivers/STM32F4xx_HAL_Driver/Src/stm32f4xx_hal_tim_ex.o
                0x00000000080046f8                HAL_TIMEx_MasterConfigSynchronization
 .text.HAL_TIMEx_CommutCallback
                0x00000000080047d4       0x14 ./Drivers/STM32F4xx_HAL_Driver/Src/stm32f4xx_hal_tim_ex.o
                0x00000000080047d4                HAL_TIMEx_CommutCallback
 .text.HAL_TIMEx_BreakCallback
                0x00000000080047e8       0x14 ./Drivers/STM32F4xx_HAL_Driver/Src/stm32f4xx_hal_tim_ex.o
                0x00000000080047e8                HAL_TIMEx_BreakCallback
 .text.HAL_UART_Init
                0x00000000080047fc       0xa0 ./Drivers/STM32F4xx_HAL_Driver/Src/stm32f4xx_hal_uart.o
                0x00000000080047fc                HAL_UART_Init
 .text.HAL_UART_Receive_IT
                0x000000000800489c       0x4a ./Drivers/STM32F4xx_HAL_Driver/Src/stm32f4xx_hal_uart.o
                0x000000000800489c                HAL_UART_Receive_IT
 *fill*         0x00000000080048e6        0x2 
 .text.HAL_UART_IRQHandler
                0x00000000080048e8      0x524 ./Drivers/STM32F4xx_HAL_Driver/Src/stm32f4xx_hal_uart.o
                0x00000000080048e8                HAL_UART_IRQHandler
 .text.HAL_UART_TxCpltCallback
                0x0000000008004e0c       0x14 ./Drivers/STM32F4xx_HAL_Driver/Src/stm32f4xx_hal_uart.o
                0x0000000008004e0c                HAL_UART_TxCpltCallback
 .text.HAL_UART_ErrorCallback
                0x0000000008004e20       0x14 ./Drivers/STM32F4xx_HAL_Driver/Src/stm32f4xx_hal_uart.o
                0x0000000008004e20                HAL_UART_ErrorCallback
 .text.HAL_UARTEx_RxEventCallback
                0x0000000008004e34       0x18 ./Drivers/STM32F4xx_HAL_Driver/Src/stm32f4xx_hal_uart.o
                0x0000000008004e34                HAL_UARTEx_RxEventCallback
 .text.UART_Start_Receive_IT
                0x0000000008004e4c       0x74 ./Drivers/STM32F4xx_HAL_Driver/Src/stm32f4xx_hal_uart.o
                0x0000000008004e4c                UART_Start_Receive_IT
 .text.UART_EndRxTransfer
                0x0000000008004ec0       0xc6 ./Drivers/STM32F4xx_HAL_Driver/Src/stm32f4xx_hal_uart.o
 .text.UART_DMAAbortOnError
                0x0000000008004f86       0x28 ./Drivers/STM32F4xx_HAL_Driver/Src/stm32f4xx_hal_uart.o
 .text.UART_Transmit_IT
                0x0000000008004fae       0xa0 ./Drivers/STM32F4xx_HAL_Driver/Src/stm32f4xx_hal_uart.o
 .text.UART_EndTransmit_IT
                0x000000000800504e       0x30 ./Drivers/STM32F4xx_HAL_Driver/Src/stm32f4xx_hal_uart.o
 .text.UART_Receive_IT
                0x000000000800507e      0x17c ./Drivers/STM32F4xx_HAL_Driver/Src/stm32f4xx_hal_uart.o
 *fill*         0x00000000080051fa        0x2 
 .text.UART_SetConfig
                0x00000000080051fc      0x4e8 ./Drivers/STM32F4xx_HAL_Driver/Src/stm32f4xx_hal_uart.o
 .text.memset   0x00000000080056e4       0x10 C:/ST/STM32CubeIDE_1.13.2/STM32CubeIDE/plugins/com.st.stm32cube.ide.mcu.externaltools.gnu-tools-for-stm32.11.3.rel1.win32_1.1.100.202309141235/tools/bin/../lib/gcc/arm-none-eabi/11.3.1/../../../../arm-none-eabi/lib/thumb/v7e-m+fp/hard\libc_nano.a(libc_a-memset.o)
                0x00000000080056e4                memset
 .text.__libc_init_array
                0x00000000080056f4       0x48 C:/ST/STM32CubeIDE_1.13.2/STM32CubeIDE/plugins/com.st.stm32cube.ide.mcu.externaltools.gnu-tools-for-stm32.11.3.rel1.win32_1.1.100.202309141235/tools/bin/../lib/gcc/arm-none-eabi/11.3.1/../../../../arm-none-eabi/lib/thumb/v7e-m+fp/hard\libc_nano.a(libc_a-init.o)
                0x00000000080056f4                __libc_init_array
 *(.glue_7)
 .glue_7        0x000000000800573c        0x0 linker stubs
 *(.glue_7t)
 .glue_7t       0x000000000800573c        0x0 linker stubs
 *(.eh_frame)
 .eh_frame      0x000000000800573c        0x0 C:/ST/STM32CubeIDE_1.13.2/STM32CubeIDE/plugins/com.st.stm32cube.ide.mcu.externaltools.gnu-tools-for-stm32.11.3.rel1.win32_1.1.100.202309141235/tools/bin/../lib/gcc/arm-none-eabi/11.3.1/thumb/v7e-m+fp/hard/crtbegin.o
 *(.init)
 .init          0x000000000800573c        0x4 C:/ST/STM32CubeIDE_1.13.2/STM32CubeIDE/plugins/com.st.stm32cube.ide.mcu.externaltools.gnu-tools-for-stm32.11.3.rel1.win32_1.1.100.202309141235/tools/bin/../lib/gcc/arm-none-eabi/11.3.1/thumb/v7e-m+fp/hard/crti.o
                0x000000000800573c                _init
 .init          0x0000000008005740        0x8 C:/ST/STM32CubeIDE_1.13.2/STM32CubeIDE/plugins/com.st.stm32cube.ide.mcu.externaltools.gnu-tools-for-stm32.11.3.rel1.win32_1.1.100.202309141235/tools/bin/../lib/gcc/arm-none-eabi/11.3.1/thumb/v7e-m+fp/hard/crtn.o
 *(.fini)
 .fini          0x0000000008005748        0x4 C:/ST/STM32CubeIDE_1.13.2/STM32CubeIDE/plugins/com.st.stm32cube.ide.mcu.externaltools.gnu-tools-for-stm32.11.3.rel1.win32_1.1.100.202309141235/tools/bin/../lib/gcc/arm-none-eabi/11.3.1/thumb/v7e-m+fp/hard/crti.o
                0x0000000008005748                _fini
 .fini          0x000000000800574c        0x8 C:/ST/STM32CubeIDE_1.13.2/STM32CubeIDE/plugins/com.st.stm32cube.ide.mcu.externaltools.gnu-tools-for-stm32.11.3.rel1.win32_1.1.100.202309141235/tools/bin/../lib/gcc/arm-none-eabi/11.3.1/thumb/v7e-m+fp/hard/crtn.o
                0x0000000008005754                . = ALIGN (0x4)
                0x0000000008005754                _etext = .

.vfp11_veneer   0x0000000008005754        0x0
 .vfp11_veneer  0x0000000008005754        0x0 linker stubs

.v4_bx          0x0000000008005754        0x0
 .v4_bx         0x0000000008005754        0x0 linker stubs

.iplt           0x0000000008005754        0x0
 .iplt          0x0000000008005754        0x0 C:/ST/STM32CubeIDE_1.13.2/STM32CubeIDE/plugins/com.st.stm32cube.ide.mcu.externaltools.gnu-tools-for-stm32.11.3.rel1.win32_1.1.100.202309141235/tools/bin/../lib/gcc/arm-none-eabi/11.3.1/thumb/v7e-m+fp/hard/crtbegin.o

.rodata         0x0000000008005754       0x20
                0x0000000008005754                . = ALIGN (0x4)
 *(.rodata)
 *(.rodata*)
 .rodata.AHBPrescTable
                0x0000000008005754       0x10 ./Core/Src/system_stm32f4xx.o
                0x0000000008005754                AHBPrescTable
 .rodata.APBPrescTable
                0x0000000008005764        0x8 ./Core/Src/system_stm32f4xx.o
                0x0000000008005764                APBPrescTable
 .rodata.flagBitshiftOffset.0
                0x000000000800576c        0x8 ./Drivers/STM32F4xx_HAL_Driver/Src/stm32f4xx_hal_dma.o
                0x0000000008005774                . = ALIGN (0x4)

.ARM.extab      0x0000000008005774        0x0
                0x0000000008005774                . = ALIGN (0x4)
 *(.ARM.extab* .gnu.linkonce.armextab.*)
                0x0000000008005774                . = ALIGN (0x4)

.ARM            0x0000000008005774        0x8
                0x0000000008005774                . = ALIGN (0x4)
                0x0000000008005774                __exidx_start = .
 *(.ARM.exidx*)
 .ARM.exidx     0x0000000008005774        0x8 C:/ST/STM32CubeIDE_1.13.2/STM32CubeIDE/plugins/com.st.stm32cube.ide.mcu.externaltools.gnu-tools-for-stm32.11.3.rel1.win32_1.1.100.202309141235/tools/bin/../lib/gcc/arm-none-eabi/11.3.1/thumb/v7e-m+fp/hard\libgcc.a(_udivmoddi4.o)
                0x000000000800577c                __exidx_end = .
                0x000000000800577c                . = ALIGN (0x4)

.rel.dyn        0x000000000800577c        0x0
 .rel.iplt      0x000000000800577c        0x0 C:/ST/STM32CubeIDE_1.13.2/STM32CubeIDE/plugins/com.st.stm32cube.ide.mcu.externaltools.gnu-tools-for-stm32.11.3.rel1.win32_1.1.100.202309141235/tools/bin/../lib/gcc/arm-none-eabi/11.3.1/thumb/v7e-m+fp/hard/crtbegin.o

.preinit_array  0x000000000800577c        0x0
                0x000000000800577c                . = ALIGN (0x4)
                0x000000000800577c                PROVIDE (__preinit_array_start = .)
 *(.preinit_array*)
                0x000000000800577c                PROVIDE (__preinit_array_end = .)
                0x000000000800577c                . = ALIGN (0x4)

.init_array     0x000000000800577c        0x4
                0x000000000800577c                . = ALIGN (0x4)
                0x000000000800577c                PROVIDE (__init_array_start = .)
 *(SORT_BY_NAME(.init_array.*))
 *(.init_array*)
 .init_array    0x000000000800577c        0x4 C:/ST/STM32CubeIDE_1.13.2/STM32CubeIDE/plugins/com.st.stm32cube.ide.mcu.externaltools.gnu-tools-for-stm32.11.3.rel1.win32_1.1.100.202309141235/tools/bin/../lib/gcc/arm-none-eabi/11.3.1/thumb/v7e-m+fp/hard/crtbegin.o
                0x0000000008005780                PROVIDE (__init_array_end = .)
                0x0000000008005780                . = ALIGN (0x4)

.fini_array     0x0000000008005780        0x4
                0x0000000008005780                . = ALIGN (0x4)
                [!provide]                        PROVIDE (__fini_array_start = .)
 *(SORT_BY_NAME(.fini_array.*))
 *(.fini_array*)
 .fini_array    0x0000000008005780        0x4 C:/ST/STM32CubeIDE_1.13.2/STM32CubeIDE/plugins/com.st.stm32cube.ide.mcu.externaltools.gnu-tools-for-stm32.11.3.rel1.win32_1.1.100.202309141235/tools/bin/../lib/gcc/arm-none-eabi/11.3.1/thumb/v7e-m+fp/hard/crtbegin.o
                [!provide]                        PROVIDE (__fini_array_end = .)
                0x0000000008005784                . = ALIGN (0x4)
                0x0000000008005784                _sidata = LOADADDR (.data)

.data           0x0000000020000000       0x10 load address 0x0000000008005784
                0x0000000020000000                . = ALIGN (0x4)
                0x0000000020000000                _sdata = .
 *(.data)
 *(.data*)
 .data.PWM      0x0000000020000000        0x4 ./Core/Src/main.o
                0x0000000020000000                PWM
 .data.SystemCoreClock
                0x0000000020000004        0x4 ./Core/Src/system_stm32f4xx.o
                0x0000000020000004                SystemCoreClock
 .data.uwTickPrio
                0x0000000020000008        0x4 ./Drivers/STM32F4xx_HAL_Driver/Src/stm32f4xx_hal.o
                0x0000000020000008                uwTickPrio
 .data.uwTickFreq
                0x000000002000000c        0x1 ./Drivers/STM32F4xx_HAL_Driver/Src/stm32f4xx_hal.o
                0x000000002000000c                uwTickFreq
 *(.RamFunc)
 *(.RamFunc*)
                0x0000000020000010                . = ALIGN (0x4)
 *fill*         0x000000002000000d        0x3 
                0x0000000020000010                _edata = .

.igot.plt       0x0000000020000010        0x0 load address 0x0000000008005794
 .igot.plt      0x0000000020000010        0x0 C:/ST/STM32CubeIDE_1.13.2/STM32CubeIDE/plugins/com.st.stm32cube.ide.mcu.externaltools.gnu-tools-for-stm32.11.3.rel1.win32_1.1.100.202309141235/tools/bin/../lib/gcc/arm-none-eabi/11.3.1/thumb/v7e-m+fp/hard/crtbegin.o
                0x0000000020000010                . = ALIGN (0x4)

.bss            0x0000000020000010      0x2b8 load address 0x0000000008005794
                0x0000000020000010                _sbss = .
                0x0000000020000010                __bss_start__ = _sbss
 *(.bss)
 .bss           0x0000000020000010       0x1c C:/ST/STM32CubeIDE_1.13.2/STM32CubeIDE/plugins/com.st.stm32cube.ide.mcu.externaltools.gnu-tools-for-stm32.11.3.rel1.win32_1.1.100.202309141235/tools/bin/../lib/gcc/arm-none-eabi/11.3.1/thumb/v7e-m+fp/hard/crtbegin.o
 *(.bss*)
 .bss.rx_Data   0x000000002000002c        0x1 ./Core/Src/main.o
                0x000000002000002c                rx_Data
 .bss.state     0x000000002000002d        0x1 ./Core/Src/main.o
                0x000000002000002d                state
 .bss.flag      0x000000002000002e        0x1 ./Core/Src/main.o
                0x000000002000002e                flag
 *fill*         0x000000002000002f        0x1 
 .bss.INC_Value1
                0x0000000020000030        0x4 ./Core/Src/main.o
                0x0000000020000030                INC_Value1
 .bss.INC_Value2
                0x0000000020000034        0x4 ./Core/Src/main.o
                0x0000000020000034                INC_Value2
 .bss.echoTime_front
                0x0000000020000038        0x4 ./Core/Src/main.o
                0x0000000020000038                echoTime_front
 .bss.captureFlag1
                0x000000002000003c        0x1 ./Core/Src/main.o
                0x000000002000003c                captureFlag1
 *fill*         0x000000002000003d        0x3 
 .bss.distance_front
                0x0000000020000040        0x4 ./Core/Src/main.o
                0x0000000020000040                distance_front
 .bss.INC_Value3
                0x0000000020000044        0x4 ./Core/Src/main.o
                0x0000000020000044                INC_Value3
 .bss.INC_Value4
                0x0000000020000048        0x4 ./Core/Src/main.o
                0x0000000020000048                INC_Value4
 .bss.echoTime_left
                0x000000002000004c        0x4 ./Core/Src/main.o
                0x000000002000004c                echoTime_left
 .bss.captureFlag2
                0x0000000020000050        0x1 ./Core/Src/main.o
                0x0000000020000050                captureFlag2
 *fill*         0x0000000020000051        0x3 
 .bss.distance_left
                0x0000000020000054        0x4 ./Core/Src/main.o
                0x0000000020000054                distance_left
 .bss.INC_Value5
                0x0000000020000058        0x4 ./Core/Src/main.o
                0x0000000020000058                INC_Value5
 .bss.INC_Value6
                0x000000002000005c        0x4 ./Core/Src/main.o
                0x000000002000005c                INC_Value6
 .bss.echoTime_right
                0x0000000020000060        0x4 ./Core/Src/main.o
                0x0000000020000060                echoTime_right
 .bss.captureFlag3
                0x0000000020000064        0x1 ./Core/Src/main.o
                0x0000000020000064                captureFlag3
 *fill*         0x0000000020000065        0x3 
 .bss.distance_right
                0x0000000020000068        0x4 ./Core/Src/main.o
                0x0000000020000068                distance_right
 .bss.htim5     0x000000002000006c       0x48 ./Core/Src/stm32f4xx_hal_timebase_tim.o
                0x000000002000006c                htim5
 .bss.htim1     0x00000000200000b4       0x48 ./Core/Src/tim.o
                0x00000000200000b4                htim1
 .bss.htim2     0x00000000200000fc       0x48 ./Core/Src/tim.o
                0x00000000200000fc                htim2
 .bss.htim3     0x0000000020000144       0x48 ./Core/Src/tim.o
                0x0000000020000144                htim3
 .bss.htim4     0x000000002000018c       0x48 ./Core/Src/tim.o
                0x000000002000018c                htim4
 .bss.huart1    0x00000000200001d4       0x48 ./Core/Src/usart.o
                0x00000000200001d4                huart1
 .bss.huart2    0x000000002000021c       0x48 ./Core/Src/usart.o
                0x000000002000021c                huart2
 .bss.hdma_usart2_rx
                0x0000000020000264       0x60 ./Core/Src/usart.o
                0x0000000020000264                hdma_usart2_rx
 .bss.uwTick    0x00000000200002c4        0x4 ./Drivers/STM32F4xx_HAL_Driver/Src/stm32f4xx_hal.o
                0x00000000200002c4                uwTick
 *(COMMON)
                0x00000000200002c8                . = ALIGN (0x4)
                0x00000000200002c8                _ebss = .
                0x00000000200002c8                __bss_end__ = _ebss

._user_heap_stack
                0x00000000200002c8      0x600 load address 0x0000000008005794
                0x00000000200002c8                . = ALIGN (0x8)
                [!provide]                        PROVIDE (end = .)
                0x00000000200002c8                PROVIDE (_end = .)
                0x00000000200004c8                . = (. + _Min_Heap_Size)
 *fill*         0x00000000200002c8      0x200 
                0x00000000200008c8                . = (. + _Min_Stack_Size)
 *fill*         0x00000000200004c8      0x400 
                0x00000000200008c8                . = ALIGN (0x8)

/DISCARD/
 libc.a(*)
 libm.a(*)
 libgcc.a(*)

.ARM.attributes
                0x0000000000000000       0x30
 *(.ARM.attributes)
 .ARM.attributes
                0x0000000000000000       0x1e C:/ST/STM32CubeIDE_1.13.2/STM32CubeIDE/plugins/com.st.stm32cube.ide.mcu.externaltools.gnu-tools-for-stm32.11.3.rel1.win32_1.1.100.202309141235/tools/bin/../lib/gcc/arm-none-eabi/11.3.1/thumb/v7e-m+fp/hard/crti.o
 .ARM.attributes
                0x000000000000001e       0x34 C:/ST/STM32CubeIDE_1.13.2/STM32CubeIDE/plugins/com.st.stm32cube.ide.mcu.externaltools.gnu-tools-for-stm32.11.3.rel1.win32_1.1.100.202309141235/tools/bin/../lib/gcc/arm-none-eabi/11.3.1/thumb/v7e-m+fp/hard/crtbegin.o
 .ARM.attributes
                0x0000000000000052       0x34 ./Core/Src/dma.o
 .ARM.attributes
                0x0000000000000086       0x34 ./Core/Src/gpio.o
 .ARM.attributes
                0x00000000000000ba       0x34 ./Core/Src/main.o
 .ARM.attributes
                0x00000000000000ee       0x34 ./Core/Src/stm32f4xx_hal_msp.o
 .ARM.attributes
                0x0000000000000122       0x34 ./Core/Src/stm32f4xx_hal_timebase_tim.o
 .ARM.attributes
                0x0000000000000156       0x34 ./Core/Src/stm32f4xx_it.o
 .ARM.attributes
                0x000000000000018a       0x34 ./Core/Src/system_stm32f4xx.o
 .ARM.attributes
                0x00000000000001be       0x34 ./Core/Src/tim.o
 .ARM.attributes
                0x00000000000001f2       0x34 ./Core/Src/usart.o
 .ARM.attributes
                0x0000000000000226       0x21 ./Core/Startup/startup_stm32f411retx.o
 .ARM.attributes
                0x0000000000000247       0x34 ./Drivers/STM32F4xx_HAL_Driver/Src/stm32f4xx_hal.o
 .ARM.attributes
                0x000000000000027b       0x34 ./Drivers/STM32F4xx_HAL_Driver/Src/stm32f4xx_hal_cortex.o
 .ARM.attributes
                0x00000000000002af       0x34 ./Drivers/STM32F4xx_HAL_Driver/Src/stm32f4xx_hal_dma.o
 .ARM.attributes
                0x00000000000002e3       0x34 ./Drivers/STM32F4xx_HAL_Driver/Src/stm32f4xx_hal_gpio.o
 .ARM.attributes
                0x0000000000000317       0x34 ./Drivers/STM32F4xx_HAL_Driver/Src/stm32f4xx_hal_rcc.o
 .ARM.attributes
                0x000000000000034b       0x34 ./Drivers/STM32F4xx_HAL_Driver/Src/stm32f4xx_hal_tim.o
 .ARM.attributes
                0x000000000000037f       0x34 ./Drivers/STM32F4xx_HAL_Driver/Src/stm32f4xx_hal_tim_ex.o
 .ARM.attributes
                0x00000000000003b3       0x34 ./Drivers/STM32F4xx_HAL_Driver/Src/stm32f4xx_hal_uart.o
 .ARM.attributes
                0x00000000000003e7       0x34 C:/ST/STM32CubeIDE_1.13.2/STM32CubeIDE/plugins/com.st.stm32cube.ide.mcu.externaltools.gnu-tools-for-stm32.11.3.rel1.win32_1.1.100.202309141235/tools/bin/../lib/gcc/arm-none-eabi/11.3.1/../../../../arm-none-eabi/lib/thumb/v7e-m+fp/hard\libc_nano.a(libc_a-memset.o)
 .ARM.attributes
                0x000000000000041b       0x34 C:/ST/STM32CubeIDE_1.13.2/STM32CubeIDE/plugins/com.st.stm32cube.ide.mcu.externaltools.gnu-tools-for-stm32.11.3.rel1.win32_1.1.100.202309141235/tools/bin/../lib/gcc/arm-none-eabi/11.3.1/../../../../arm-none-eabi/lib/thumb/v7e-m+fp/hard\libc_nano.a(libc_a-init.o)
 .ARM.attributes
                0x000000000000044f       0x1e C:/ST/STM32CubeIDE_1.13.2/STM32CubeIDE/plugins/com.st.stm32cube.ide.mcu.externaltools.gnu-tools-for-stm32.11.3.rel1.win32_1.1.100.202309141235/tools/bin/../lib/gcc/arm-none-eabi/11.3.1/thumb/v7e-m+fp/hard\libgcc.a(_aeabi_uldivmod.o)
 .ARM.attributes
                0x000000000000046d       0x34 C:/ST/STM32CubeIDE_1.13.2/STM32CubeIDE/plugins/com.st.stm32cube.ide.mcu.externaltools.gnu-tools-for-stm32.11.3.rel1.win32_1.1.100.202309141235/tools/bin/../lib/gcc/arm-none-eabi/11.3.1/thumb/v7e-m+fp/hard\libgcc.a(_udivmoddi4.o)
 .ARM.attributes
                0x00000000000004a1       0x1e C:/ST/STM32CubeIDE_1.13.2/STM32CubeIDE/plugins/com.st.stm32cube.ide.mcu.externaltools.gnu-tools-for-stm32.11.3.rel1.win32_1.1.100.202309141235/tools/bin/../lib/gcc/arm-none-eabi/11.3.1/thumb/v7e-m+fp/hard\libgcc.a(_dvmd_tls.o)
 .ARM.attributes
                0x00000000000004bf       0x1e C:/ST/STM32CubeIDE_1.13.2/STM32CubeIDE/plugins/com.st.stm32cube.ide.mcu.externaltools.gnu-tools-for-stm32.11.3.rel1.win32_1.1.100.202309141235/tools/bin/../lib/gcc/arm-none-eabi/11.3.1/thumb/v7e-m+fp/hard/crtn.o
OUTPUT(UART_02_22.elf elf32-littlearm)
LOAD linker stubs
LOAD C:/ST/STM32CubeIDE_1.13.2/STM32CubeIDE/plugins/com.st.stm32cube.ide.mcu.externaltools.gnu-tools-for-stm32.11.3.rel1.win32_1.1.100.202309141235/tools/bin/../lib/gcc/arm-none-eabi/11.3.1/../../../../arm-none-eabi/lib/thumb/v7e-m+fp/hard\libc.a
LOAD C:/ST/STM32CubeIDE_1.13.2/STM32CubeIDE/plugins/com.st.stm32cube.ide.mcu.externaltools.gnu-tools-for-stm32.11.3.rel1.win32_1.1.100.202309141235/tools/bin/../lib/gcc/arm-none-eabi/11.3.1/../../../../arm-none-eabi/lib/thumb/v7e-m+fp/hard\libm.a
LOAD C:/ST/STM32CubeIDE_1.13.2/STM32CubeIDE/plugins/com.st.stm32cube.ide.mcu.externaltools.gnu-tools-for-stm32.11.3.rel1.win32_1.1.100.202309141235/tools/bin/../lib/gcc/arm-none-eabi/11.3.1/thumb/v7e-m+fp/hard\libgcc.a

.comment        0x0000000000000000       0x43
 .comment       0x0000000000000000       0x43 C:/ST/STM32CubeIDE_1.13.2/STM32CubeIDE/plugins/com.st.stm32cube.ide.mcu.externaltools.gnu-tools-for-stm32.11.3.rel1.win32_1.1.100.202309141235/tools/bin/../lib/gcc/arm-none-eabi/11.3.1/thumb/v7e-m+fp/hard/crtbegin.o
                                         0x44 (size before relaxing)
 .comment       0x0000000000000043       0x44 ./Core/Src/dma.o
 .comment       0x0000000000000043       0x44 ./Core/Src/gpio.o
 .comment       0x0000000000000043       0x44 ./Core/Src/main.o
 .comment       0x0000000000000043       0x44 ./Core/Src/stm32f4xx_hal_msp.o
 .comment       0x0000000000000043       0x44 ./Core/Src/stm32f4xx_hal_timebase_tim.o
 .comment       0x0000000000000043       0x44 ./Core/Src/stm32f4xx_it.o
 .comment       0x0000000000000043       0x44 ./Core/Src/system_stm32f4xx.o
 .comment       0x0000000000000043       0x44 ./Core/Src/tim.o
 .comment       0x0000000000000043       0x44 ./Core/Src/usart.o
 .comment       0x0000000000000043       0x44 ./Drivers/STM32F4xx_HAL_Driver/Src/stm32f4xx_hal.o
 .comment       0x0000000000000043       0x44 ./Drivers/STM32F4xx_HAL_Driver/Src/stm32f4xx_hal_cortex.o
 .comment       0x0000000000000043       0x44 ./Drivers/STM32F4xx_HAL_Driver/Src/stm32f4xx_hal_dma.o
 .comment       0x0000000000000043       0x44 ./Drivers/STM32F4xx_HAL_Driver/Src/stm32f4xx_hal_gpio.o
 .comment       0x0000000000000043       0x44 ./Drivers/STM32F4xx_HAL_Driver/Src/stm32f4xx_hal_rcc.o
 .comment       0x0000000000000043       0x44 ./Drivers/STM32F4xx_HAL_Driver/Src/stm32f4xx_hal_tim.o
 .comment       0x0000000000000043       0x44 ./Drivers/STM32F4xx_HAL_Driver/Src/stm32f4xx_hal_tim_ex.o
 .comment       0x0000000000000043       0x44 ./Drivers/STM32F4xx_HAL_Driver/Src/stm32f4xx_hal_uart.o

.debug_info     0x0000000000000000     0xf0e8
 .debug_info    0x0000000000000000      0x445 ./Core/Src/dma.o
 .debug_info    0x0000000000000445      0x433 ./Core/Src/gpio.o
 .debug_info    0x0000000000000878     0x122f ./Core/Src/main.o
 .debug_info    0x0000000000001aa7      0x291 ./Core/Src/stm32f4xx_hal_msp.o
 .debug_info    0x0000000000001d38      0xb83 ./Core/Src/stm32f4xx_hal_timebase_tim.o
 .debug_info    0x00000000000028bb      0xa1b ./Core/Src/stm32f4xx_it.o
 .debug_info    0x00000000000032d6      0x53e ./Core/Src/system_stm32f4xx.o
 .debug_info    0x0000000000003814     0x10b6 ./Core/Src/tim.o
 .debug_info    0x00000000000048ca      0xbdf ./Core/Src/usart.o
 .debug_info    0x00000000000054a9       0x23 ./Core/Startup/startup_stm32f411retx.o
 .debug_info    0x00000000000054cc      0x8c4 ./Drivers/STM32F4xx_HAL_Driver/Src/stm32f4xx_hal.o
 .debug_info    0x0000000000005d90      0xcc7 ./Drivers/STM32F4xx_HAL_Driver/Src/stm32f4xx_hal_cortex.o
 .debug_info    0x0000000000006a57      0x8e6 ./Drivers/STM32F4xx_HAL_Driver/Src/stm32f4xx_hal_dma.o
 .debug_info    0x000000000000733d      0x6f9 ./Drivers/STM32F4xx_HAL_Driver/Src/stm32f4xx_hal_gpio.o
 .debug_info    0x0000000000007a36      0x8f2 ./Drivers/STM32F4xx_HAL_Driver/Src/stm32f4xx_hal_rcc.o
 .debug_info    0x0000000000008328     0x2996 ./Drivers/STM32F4xx_HAL_Driver/Src/stm32f4xx_hal_tim.o
 .debug_info    0x000000000000acbe     0x14d4 ./Drivers/STM32F4xx_HAL_Driver/Src/stm32f4xx_hal_tim_ex.o
 .debug_info    0x000000000000c192     0x2f56 ./Drivers/STM32F4xx_HAL_Driver/Src/stm32f4xx_hal_uart.o

.debug_abbrev   0x0000000000000000     0x2496
 .debug_abbrev  0x0000000000000000      0x10e ./Core/Src/dma.o
 .debug_abbrev  0x000000000000010e      0x151 ./Core/Src/gpio.o
 .debug_abbrev  0x000000000000025f      0x361 ./Core/Src/main.o
 .debug_abbrev  0x00000000000005c0       0xd8 ./Core/Src/stm32f4xx_hal_msp.o
 .debug_abbrev  0x0000000000000698      0x207 ./Core/Src/stm32f4xx_hal_timebase_tim.o
 .debug_abbrev  0x000000000000089f      0x1b6 ./Core/Src/stm32f4xx_it.o
 .debug_abbrev  0x0000000000000a55      0x11a ./Core/Src/system_stm32f4xx.o
 .debug_abbrev  0x0000000000000b6f      0x28c ./Core/Src/tim.o
 .debug_abbrev  0x0000000000000dfb      0x231 ./Core/Src/usart.o
 .debug_abbrev  0x000000000000102c       0x12 ./Core/Startup/startup_stm32f411retx.o
 .debug_abbrev  0x000000000000103e      0x24b ./Drivers/STM32F4xx_HAL_Driver/Src/stm32f4xx_hal.o
 .debug_abbrev  0x0000000000001289      0x328 ./Drivers/STM32F4xx_HAL_Driver/Src/stm32f4xx_hal_cortex.o
 .debug_abbrev  0x00000000000015b1      0x221 ./Drivers/STM32F4xx_HAL_Driver/Src/stm32f4xx_hal_dma.o
 .debug_abbrev  0x00000000000017d2      0x1d3 ./Drivers/STM32F4xx_HAL_Driver/Src/stm32f4xx_hal_gpio.o
 .debug_abbrev  0x00000000000019a5      0x2b5 ./Drivers/STM32F4xx_HAL_Driver/Src/stm32f4xx_hal_rcc.o
 .debug_abbrev  0x0000000000001c5a      0x28b ./Drivers/STM32F4xx_HAL_Driver/Src/stm32f4xx_hal_tim.o
 .debug_abbrev  0x0000000000001ee5      0x296 ./Drivers/STM32F4xx_HAL_Driver/Src/stm32f4xx_hal_tim_ex.o
 .debug_abbrev  0x000000000000217b      0x31b ./Drivers/STM32F4xx_HAL_Driver/Src/stm32f4xx_hal_uart.o

.debug_aranges  0x0000000000000000      0xd98
 .debug_aranges
                0x0000000000000000       0x20 ./Core/Src/dma.o
 .debug_aranges
                0x0000000000000020       0x20 ./Core/Src/gpio.o
 .debug_aranges
                0x0000000000000040       0xb8 ./Core/Src/main.o
 .debug_aranges
                0x00000000000000f8       0x20 ./Core/Src/stm32f4xx_hal_msp.o
 .debug_aranges
                0x0000000000000118       0x30 ./Core/Src/stm32f4xx_hal_timebase_tim.o
 .debug_aranges
                0x0000000000000148       0x98 ./Core/Src/stm32f4xx_it.o
 .debug_aranges
                0x00000000000001e0       0x28 ./Core/Src/system_stm32f4xx.o
 .debug_aranges
                0x0000000000000208       0x70 ./Core/Src/tim.o
 .debug_aranges
                0x0000000000000278       0x38 ./Core/Src/usart.o
 .debug_aranges
                0x00000000000002b0       0x28 ./Core/Startup/startup_stm32f411retx.o
 .debug_aranges
                0x00000000000002d8       0xf0 ./Drivers/STM32F4xx_HAL_Driver/Src/stm32f4xx_hal.o
 .debug_aranges
                0x00000000000003c8      0x120 ./Drivers/STM32F4xx_HAL_Driver/Src/stm32f4xx_hal_cortex.o
 .debug_aranges
                0x00000000000004e8       0x90 ./Drivers/STM32F4xx_HAL_Driver/Src/stm32f4xx_hal_dma.o
 .debug_aranges
                0x0000000000000578       0x58 ./Drivers/STM32F4xx_HAL_Driver/Src/stm32f4xx_hal_gpio.o
 .debug_aranges
                0x00000000000005d0       0x88 ./Drivers/STM32F4xx_HAL_Driver/Src/stm32f4xx_hal_rcc.o
 .debug_aranges
                0x0000000000000658      0x3d0 ./Drivers/STM32F4xx_HAL_Driver/Src/stm32f4xx_hal_tim.o
 .debug_aranges
                0x0000000000000a28      0x168 ./Drivers/STM32F4xx_HAL_Driver/Src/stm32f4xx_hal_tim_ex.o
 .debug_aranges
                0x0000000000000b90      0x208 ./Drivers/STM32F4xx_HAL_Driver/Src/stm32f4xx_hal_uart.o

.debug_rnglists
                0x0000000000000000      0xa93
 .debug_rnglists
                0x0000000000000000       0x13 ./Core/Src/dma.o
 .debug_rnglists
                0x0000000000000013       0x14 ./Core/Src/gpio.o
 .debug_rnglists
                0x0000000000000027       0x8a ./Core/Src/main.o
 .debug_rnglists
                0x00000000000000b1       0x13 ./Core/Src/stm32f4xx_hal_msp.o
 .debug_rnglists
                0x00000000000000c4       0x20 ./Core/Src/stm32f4xx_hal_timebase_tim.o
 .debug_rnglists
                0x00000000000000e4       0x6d ./Core/Src/stm32f4xx_it.o
 .debug_rnglists
                0x0000000000000151       0x1a ./Core/Src/system_stm32f4xx.o
 .debug_rnglists
                0x000000000000016b       0x55 ./Core/Src/tim.o
 .debug_rnglists
                0x00000000000001c0       0x27 ./Core/Src/usart.o
 .debug_rnglists
                0x00000000000001e7       0x19 ./Core/Startup/startup_stm32f411retx.o
 .debug_rnglists
                0x0000000000000200       0xaf ./Drivers/STM32F4xx_HAL_Driver/Src/stm32f4xx_hal.o
 .debug_rnglists
                0x00000000000002af       0xd4 ./Drivers/STM32F4xx_HAL_Driver/Src/stm32f4xx_hal_cortex.o
 .debug_rnglists
                0x0000000000000383       0x70 ./Drivers/STM32F4xx_HAL_Driver/Src/stm32f4xx_hal_dma.o
 .debug_rnglists
                0x00000000000003f3       0x3f ./Drivers/STM32F4xx_HAL_Driver/Src/stm32f4xx_hal_gpio.o
 .debug_rnglists
                0x0000000000000432       0x66 ./Drivers/STM32F4xx_HAL_Driver/Src/stm32f4xx_hal_rcc.o
 .debug_rnglists
                0x0000000000000498      0x31a ./Drivers/STM32F4xx_HAL_Driver/Src/stm32f4xx_hal_tim.o
 .debug_rnglists
                0x00000000000007b2      0x125 ./Drivers/STM32F4xx_HAL_Driver/Src/stm32f4xx_hal_tim_ex.o
 .debug_rnglists
                0x00000000000008d7      0x1bc ./Drivers/STM32F4xx_HAL_Driver/Src/stm32f4xx_hal_uart.o

.debug_macro    0x0000000000000000    0x16a94
 .debug_macro   0x0000000000000000      0x1e7 ./Core/Src/dma.o
 .debug_macro   0x00000000000001e7      0xaa8 ./Core/Src/dma.o
 .debug_macro   0x0000000000000c8f      0x29b ./Core/Src/dma.o
 .debug_macro   0x0000000000000f2a       0x2e ./Core/Src/dma.o
 .debug_macro   0x0000000000000f58       0x28 ./Core/Src/dma.o
 .debug_macro   0x0000000000000f80       0x22 ./Core/Src/dma.o
 .debug_macro   0x0000000000000fa2       0x8e ./Core/Src/dma.o
 .debug_macro   0x0000000000001030       0x51 ./Core/Src/dma.o
 .debug_macro   0x0000000000001081      0x103 ./Core/Src/dma.o
 .debug_macro   0x0000000000001184       0x6a ./Core/Src/dma.o
 .debug_macro   0x00000000000011ee      0x1df ./Core/Src/dma.o
 .debug_macro   0x00000000000013cd       0x1c ./Core/Src/dma.o
 .debug_macro   0x00000000000013e9       0x22 ./Core/Src/dma.o
 .debug_macro   0x000000000000140b       0xfb ./Core/Src/dma.o
 .debug_macro   0x0000000000001506     0x1011 ./Core/Src/dma.o
 .debug_macro   0x0000000000002517      0x11f ./Core/Src/dma.o
 .debug_macro   0x0000000000002636     0xb953 ./Core/Src/dma.o
 .debug_macro   0x000000000000df89       0x6d ./Core/Src/dma.o
 .debug_macro   0x000000000000dff6     0x368c ./Core/Src/dma.o
 .debug_macro   0x0000000000011682      0x174 ./Core/Src/dma.o
 .debug_macro   0x00000000000117f6       0x5c ./Core/Src/dma.o
 .debug_macro   0x0000000000011852      0x45c ./Core/Src/dma.o
 .debug_macro   0x0000000000011cae      0x9e9 ./Core/Src/dma.o
 .debug_macro   0x0000000000012697      0x115 ./Core/Src/dma.o
 .debug_macro   0x00000000000127ac      0x11b ./Core/Src/dma.o
 .debug_macro   0x00000000000128c7       0xa5 ./Core/Src/dma.o
 .debug_macro   0x000000000001296c      0x15f ./Core/Src/dma.o
 .debug_macro   0x0000000000012acb      0x287 ./Core/Src/dma.o
 .debug_macro   0x0000000000012d52       0x5f ./Core/Src/dma.o
 .debug_macro   0x0000000000012db1      0x236 ./Core/Src/dma.o
 .debug_macro   0x0000000000012fe7      0x132 ./Core/Src/dma.o
 .debug_macro   0x0000000000013119      0x264 ./Core/Src/dma.o
 .debug_macro   0x000000000001337d       0x2e ./Core/Src/dma.o
 .debug_macro   0x00000000000133ab      0x127 ./Core/Src/dma.o
 .debug_macro   0x00000000000134d2       0x85 ./Core/Src/dma.o
 .debug_macro   0x0000000000013557       0x89 ./Core/Src/dma.o
 .debug_macro   0x00000000000135e0      0x8ed ./Core/Src/dma.o
 .debug_macro   0x0000000000013ecd       0x47 ./Core/Src/dma.o
 .debug_macro   0x0000000000013f14      0x2aa ./Core/Src/dma.o
 .debug_macro   0x00000000000141be      0x126 ./Core/Src/dma.o
 .debug_macro   0x00000000000142e4       0xd0 ./Core/Src/dma.o
 .debug_macro   0x00000000000143b4      0x1e7 ./Core/Src/gpio.o
 .debug_macro   0x000000000001459b      0x2e3 ./Core/Src/main.o
 .debug_macro   0x000000000001487e       0x61 ./Core/Src/main.o
 .debug_macro   0x00000000000148df       0x2a ./Core/Src/main.o
 .debug_macro   0x0000000000014909       0x43 ./Core/Src/main.o
 .debug_macro   0x000000000001494c       0x34 ./Core/Src/main.o
 .debug_macro   0x0000000000014980       0x16 ./Core/Src/main.o
 .debug_macro   0x0000000000014996       0x43 ./Core/Src/main.o
 .debug_macro   0x00000000000149d9       0x34 ./Core/Src/main.o
 .debug_macro   0x0000000000014a0d       0x10 ./Core/Src/main.o
 .debug_macro   0x0000000000014a1d       0x58 ./Core/Src/main.o
 .debug_macro   0x0000000000014a75       0x8e ./Core/Src/main.o
 .debug_macro   0x0000000000014b03       0x1c ./Core/Src/main.o
 .debug_macro   0x0000000000014b1f      0x177 ./Core/Src/main.o
 .debug_macro   0x0000000000014c96      0x369 ./Core/Src/main.o
 .debug_macro   0x0000000000014fff       0x10 ./Core/Src/main.o
 .debug_macro   0x000000000001500f       0x35 ./Core/Src/main.o
 .debug_macro   0x0000000000015044       0x20 ./Core/Src/main.o
 .debug_macro   0x0000000000015064      0x1dd ./Core/Src/stm32f4xx_hal_msp.o
 .debug_macro   0x0000000000015241      0x1ce ./Core/Src/stm32f4xx_hal_timebase_tim.o
 .debug_macro   0x000000000001540f      0x1e7 ./Core/Src/stm32f4xx_it.o
 .debug_macro   0x00000000000155f6      0x1ce ./Core/Src/system_stm32f4xx.o
 .debug_macro   0x00000000000157c4      0x1e7 ./Core/Src/tim.o
 .debug_macro   0x00000000000159ab      0x1e7 ./Core/Src/usart.o
 .debug_macro   0x0000000000015b92      0x22e ./Drivers/STM32F4xx_HAL_Driver/Src/stm32f4xx_hal.o
 .debug_macro   0x0000000000015dc0      0x1ce ./Drivers/STM32F4xx_HAL_Driver/Src/stm32f4xx_hal_cortex.o
 .debug_macro   0x0000000000015f8e      0x1d4 ./Drivers/STM32F4xx_HAL_Driver/Src/stm32f4xx_hal_dma.o
 .debug_macro   0x0000000000016162      0x1d4 ./Drivers/STM32F4xx_HAL_Driver/Src/stm32f4xx_hal_gpio.o
 .debug_macro   0x0000000000016336      0x1f2 ./Drivers/STM32F4xx_HAL_Driver/Src/stm32f4xx_hal_rcc.o
 .debug_macro   0x0000000000016528      0x1cf ./Drivers/STM32F4xx_HAL_Driver/Src/stm32f4xx_hal_tim.o
 .debug_macro   0x00000000000166f7      0x1ce ./Drivers/STM32F4xx_HAL_Driver/Src/stm32f4xx_hal_tim_ex.o
 .debug_macro   0x00000000000168c5      0x1cf ./Drivers/STM32F4xx_HAL_Driver/Src/stm32f4xx_hal_uart.o

.debug_line     0x0000000000000000    0x1076e
 .debug_line    0x0000000000000000      0x74a ./Core/Src/dma.o
 .debug_line    0x000000000000074a      0x776 ./Core/Src/gpio.o
 .debug_line    0x0000000000000ec0      0xdfc ./Core/Src/main.o
 .debug_line    0x0000000000001cbc      0x74f ./Core/Src/stm32f4xx_hal_msp.o
 .debug_line    0x000000000000240b      0x7ca ./Core/Src/stm32f4xx_hal_timebase_tim.o
 .debug_line    0x0000000000002bd5      0x8b4 ./Core/Src/stm32f4xx_it.o
 .debug_line    0x0000000000003489      0x7d0 ./Core/Src/system_stm32f4xx.o
 .debug_line    0x0000000000003c59      0x9ef ./Core/Src/tim.o
 .debug_line    0x0000000000004648      0x861 ./Core/Src/usart.o
 .debug_line    0x0000000000004ea9       0x7a ./Core/Startup/startup_stm32f411retx.o
 .debug_line    0x0000000000004f23      0xa36 ./Drivers/STM32F4xx_HAL_Driver/Src/stm32f4xx_hal.o
 .debug_line    0x0000000000005959      0xd02 ./Drivers/STM32F4xx_HAL_Driver/Src/stm32f4xx_hal_cortex.o
 .debug_line    0x000000000000665b      0xf9a ./Drivers/STM32F4xx_HAL_Driver/Src/stm32f4xx_hal_dma.o
 .debug_line    0x00000000000075f5      0xb6e ./Drivers/STM32F4xx_HAL_Driver/Src/stm32f4xx_hal_gpio.o
 .debug_line    0x0000000000008163      0xdaf ./Drivers/STM32F4xx_HAL_Driver/Src/stm32f4xx_hal_rcc.o
 .debug_line    0x0000000000008f12     0x359c ./Drivers/STM32F4xx_HAL_Driver/Src/stm32f4xx_hal_tim.o
 .debug_line    0x000000000000c4ae     0x19cd ./Drivers/STM32F4xx_HAL_Driver/Src/stm32f4xx_hal_tim_ex.o
 .debug_line    0x000000000000de7b     0x28f3 ./Drivers/STM32F4xx_HAL_Driver/Src/stm32f4xx_hal_uart.o

.debug_str      0x0000000000000000    0x8dcc0
 .debug_str     0x0000000000000000    0x8732d ./Core/Src/dma.o
                                      0x875ad (size before relaxing)
 .debug_str     0x000000000008732d       0xe9 ./Core/Src/gpio.o
                                      0x872b3 (size before relaxing)
 .debug_str     0x0000000000087416     0x3c29 ./Core/Src/main.o
                                      0x8af89 (size before relaxing)
 .debug_str     0x000000000008b03f       0x2c ./Core/Src/stm32f4xx_hal_msp.o
                                      0x871e8 (size before relaxing)
 .debug_str     0x000000000008b06b      0x107 ./Core/Src/stm32f4xx_hal_timebase_tim.o
                                      0x87971 (size before relaxing)
 .debug_str     0x000000000008b172      0x185 ./Core/Src/stm32f4xx_it.o
                                      0x87996 (size before relaxing)
 .debug_str     0x000000000008b2f7       0xdb ./Core/Src/system_stm32f4xx.o
                                      0x86fd2 (size before relaxing)
 .debug_str     0x000000000008b3d2      0x2bb ./Core/Src/tim.o
                                      0x87ed7 (size before relaxing)
 .debug_str     0x000000000008b68d       0x6d ./Core/Src/usart.o
                                      0x87b92 (size before relaxing)
 .debug_str     0x000000000008b6fa       0x34 ./Core/Startup/startup_stm32f411retx.o
                                         0x71 (size before relaxing)
 .debug_str     0x000000000008b72e      0x5c9 ./Drivers/STM32F4xx_HAL_Driver/Src/stm32f4xx_hal.o
                                      0x879fe (size before relaxing)
 .debug_str     0x000000000008bcf7      0x33a ./Drivers/STM32F4xx_HAL_Driver/Src/stm32f4xx_hal_cortex.o
                                      0x87736 (size before relaxing)
 .debug_str     0x000000000008c031      0x2f4 ./Drivers/STM32F4xx_HAL_Driver/Src/stm32f4xx_hal_dma.o
                                      0x873da (size before relaxing)
 .debug_str     0x000000000008c325      0x121 ./Drivers/STM32F4xx_HAL_Driver/Src/stm32f4xx_hal_gpio.o
                                      0x8714d (size before relaxing)
 .debug_str     0x000000000008c446      0x1fd ./Drivers/STM32F4xx_HAL_Driver/Src/stm32f4xx_hal_rcc.o
                                      0x87406 (size before relaxing)
 .debug_str     0x000000000008c643      0xc25 ./Drivers/STM32F4xx_HAL_Driver/Src/stm32f4xx_hal_tim.o
                                      0x8834a (size before relaxing)
 .debug_str     0x000000000008d268      0x493 ./Drivers/STM32F4xx_HAL_Driver/Src/stm32f4xx_hal_tim_ex.o
                                      0x87b56 (size before relaxing)
 .debug_str     0x000000000008d6fb      0x5c5 ./Drivers/STM32F4xx_HAL_Driver/Src/stm32f4xx_hal_uart.o
                                      0x879d5 (size before relaxing)

.debug_frame    0x0000000000000000     0x378c
 .debug_frame   0x0000000000000000       0x34 ./Core/Src/dma.o
 .debug_frame   0x0000000000000034       0x34 ./Core/Src/gpio.o
 .debug_frame   0x0000000000000068      0x274 ./Core/Src/main.o
 .debug_frame   0x00000000000002dc       0x38 ./Core/Src/stm32f4xx_hal_msp.o
 .debug_frame   0x0000000000000314       0x74 ./Core/Src/stm32f4xx_hal_timebase_tim.o
 .debug_frame   0x0000000000000388      0x1cc ./Core/Src/stm32f4xx_it.o
 .debug_frame   0x0000000000000554       0x58 ./Core/Src/system_stm32f4xx.o
 .debug_frame   0x00000000000005ac      0x1a4 ./Core/Src/tim.o
 .debug_frame   0x0000000000000750       0x90 ./Core/Src/usart.o
 .debug_frame   0x00000000000007e0      0x374 ./Drivers/STM32F4xx_HAL_Driver/Src/stm32f4xx_hal.o
 .debug_frame   0x0000000000000b54      0x4b8 ./Drivers/STM32F4xx_HAL_Driver/Src/stm32f4xx_hal_cortex.o
 .debug_frame   0x000000000000100c      0x250 ./Drivers/STM32F4xx_HAL_Driver/Src/stm32f4xx_hal_dma.o
 .debug_frame   0x000000000000125c      0x14c ./Drivers/STM32F4xx_HAL_Driver/Src/stm32f4xx_hal_gpio.o
 .debug_frame   0x00000000000013a8      0x1f4 ./Drivers/STM32F4xx_HAL_Driver/Src/stm32f4xx_hal_rcc.o
 .debug_frame   0x000000000000159c     0x11b8 ./Drivers/STM32F4xx_HAL_Driver/Src/stm32f4xx_hal_tim.o
 .debug_frame   0x0000000000002754      0x638 ./Drivers/STM32F4xx_HAL_Driver/Src/stm32f4xx_hal_tim_ex.o
 .debug_frame   0x0000000000002d8c      0x954 ./Drivers/STM32F4xx_HAL_Driver/Src/stm32f4xx_hal_uart.o
 .debug_frame   0x00000000000036e0       0x20 C:/ST/STM32CubeIDE_1.13.2/STM32CubeIDE/plugins/com.st.stm32cube.ide.mcu.externaltools.gnu-tools-for-stm32.11.3.rel1.win32_1.1.100.202309141235/tools/bin/../lib/gcc/arm-none-eabi/11.3.1/../../../../arm-none-eabi/lib/thumb/v7e-m+fp/hard\libc_nano.a(libc_a-memset.o)
 .debug_frame   0x0000000000003700       0x2c C:/ST/STM32CubeIDE_1.13.2/STM32CubeIDE/plugins/com.st.stm32cube.ide.mcu.externaltools.gnu-tools-for-stm32.11.3.rel1.win32_1.1.100.202309141235/tools/bin/../lib/gcc/arm-none-eabi/11.3.1/../../../../arm-none-eabi/lib/thumb/v7e-m+fp/hard\libc_nano.a(libc_a-init.o)
 .debug_frame   0x000000000000372c       0x2c C:/ST/STM32CubeIDE_1.13.2/STM32CubeIDE/plugins/com.st.stm32cube.ide.mcu.externaltools.gnu-tools-for-stm32.11.3.rel1.win32_1.1.100.202309141235/tools/bin/../lib/gcc/arm-none-eabi/11.3.1/thumb/v7e-m+fp/hard\libgcc.a(_aeabi_uldivmod.o)
 .debug_frame   0x0000000000003758       0x34 C:/ST/STM32CubeIDE_1.13.2/STM32CubeIDE/plugins/com.st.stm32cube.ide.mcu.externaltools.gnu-tools-for-stm32.11.3.rel1.win32_1.1.100.202309141235/tools/bin/../lib/gcc/arm-none-eabi/11.3.1/thumb/v7e-m+fp/hard\libgcc.a(_udivmoddi4.o)

.debug_line_str
                0x0000000000000000       0x65
 .debug_line_str
                0x0000000000000000       0x65 ./Core/Startup/startup_stm32f411retx.o
                                         0x7d (size before relaxing)
