Archive member included to satisfy reference by file (symbol)

C:/ST/STM32CubeIDE_1.13.2/STM32CubeIDE/plugins/com.st.stm32cube.ide.mcu.externaltools.gnu-tools-for-stm32.11.3.rel1.win32_1.1.100.202309141235/tools/bin/../lib/gcc/arm-none-eabi/11.3.1/../../../../arm-none-eabi/lib/thumb/v7e-m+fp/hard\libc_nano.a(libc_a-exit.o)
                              C:/ST/STM32CubeIDE_1.13.2/STM32CubeIDE/plugins/com.st.stm32cube.ide.mcu.externaltools.gnu-tools-for-stm32.11.3.rel1.win32_1.1.100.202309141235/tools/bin/../lib/gcc/arm-none-eabi/11.3.1/../../../../arm-none-eabi/lib/thumb/v7e-m+fp/hard/crt0.o (exit)
C:/ST/STM32CubeIDE_1.13.2/STM32CubeIDE/plugins/com.st.stm32cube.ide.mcu.externaltools.gnu-tools-for-stm32.11.3.rel1.win32_1.1.100.202309141235/tools/bin/../lib/gcc/arm-none-eabi/11.3.1/../../../../arm-none-eabi/lib/thumb/v7e-m+fp/hard\libc_nano.a(libc_a-findfp.o)
                              ./Middlewares/Third_Party/FreeRTOS/Source/tasks.o (__sf)
C:/ST/STM32CubeIDE_1.13.2/STM32CubeIDE/plugins/com.st.stm32cube.ide.mcu.externaltools.gnu-tools-for-stm32.11.3.rel1.win32_1.1.100.202309141235/tools/bin/../lib/gcc/arm-none-eabi/11.3.1/../../../../arm-none-eabi/lib/thumb/v7e-m+fp/hard\libc_nano.a(libc_a-fwalk.o)
                              C:/ST/STM32CubeIDE_1.13.2/STM32CubeIDE/plugins/com.st.stm32cube.ide.mcu.externaltools.gnu-tools-for-stm32.11.3.rel1.win32_1.1.100.202309141235/tools/bin/../lib/gcc/arm-none-eabi/11.3.1/../../../../arm-none-eabi/lib/thumb/v7e-m+fp/hard\libc_nano.a(libc_a-findfp.o) (_fwalk_sglue)
C:/ST/STM32CubeIDE_1.13.2/STM32CubeIDE/plugins/com.st.stm32cube.ide.mcu.externaltools.gnu-tools-for-stm32.11.3.rel1.win32_1.1.100.202309141235/tools/bin/../lib/gcc/arm-none-eabi/11.3.1/../../../../arm-none-eabi/lib/thumb/v7e-m+fp/hard\libc_nano.a(libc_a-stdio.o)
                              C:/ST/STM32CubeIDE_1.13.2/STM32CubeIDE/plugins/com.st.stm32cube.ide.mcu.externaltools.gnu-tools-for-stm32.11.3.rel1.win32_1.1.100.202309141235/tools/bin/../lib/gcc/arm-none-eabi/11.3.1/../../../../arm-none-eabi/lib/thumb/v7e-m+fp/hard\libc_nano.a(libc_a-findfp.o) (__sread)
C:/ST/STM32CubeIDE_1.13.2/STM32CubeIDE/plugins/com.st.stm32cube.ide.mcu.externaltools.gnu-tools-for-stm32.11.3.rel1.win32_1.1.100.202309141235/tools/bin/../lib/gcc/arm-none-eabi/11.3.1/../../../../arm-none-eabi/lib/thumb/v7e-m+fp/hard\libc_nano.a(libc_a-memset.o)
                              C:/ST/STM32CubeIDE_1.13.2/STM32CubeIDE/plugins/com.st.stm32cube.ide.mcu.externaltools.gnu-tools-for-stm32.11.3.rel1.win32_1.1.100.202309141235/tools/bin/../lib/gcc/arm-none-eabi/11.3.1/../../../../arm-none-eabi/lib/thumb/v7e-m+fp/hard/crt0.o (memset)
C:/ST/STM32CubeIDE_1.13.2/STM32CubeIDE/plugins/com.st.stm32cube.ide.mcu.externaltools.gnu-tools-for-stm32.11.3.rel1.win32_1.1.100.202309141235/tools/bin/../lib/gcc/arm-none-eabi/11.3.1/../../../../arm-none-eabi/lib/thumb/v7e-m+fp/hard\libc_nano.a(libc_a-closer.o)
                              C:/ST/STM32CubeIDE_1.13.2/STM32CubeIDE/plugins/com.st.stm32cube.ide.mcu.externaltools.gnu-tools-for-stm32.11.3.rel1.win32_1.1.100.202309141235/tools/bin/../lib/gcc/arm-none-eabi/11.3.1/../../../../arm-none-eabi/lib/thumb/v7e-m+fp/hard\libc_nano.a(libc_a-stdio.o) (_close_r)
C:/ST/STM32CubeIDE_1.13.2/STM32CubeIDE/plugins/com.st.stm32cube.ide.mcu.externaltools.gnu-tools-for-stm32.11.3.rel1.win32_1.1.100.202309141235/tools/bin/../lib/gcc/arm-none-eabi/11.3.1/../../../../arm-none-eabi/lib/thumb/v7e-m+fp/hard\libc_nano.a(libc_a-reent.o)
                              ./Middlewares/Third_Party/FreeRTOS/Source/tasks.o (_reclaim_reent)
C:/ST/STM32CubeIDE_1.13.2/STM32CubeIDE/plugins/com.st.stm32cube.ide.mcu.externaltools.gnu-tools-for-stm32.11.3.rel1.win32_1.1.100.202309141235/tools/bin/../lib/gcc/arm-none-eabi/11.3.1/../../../../arm-none-eabi/lib/thumb/v7e-m+fp/hard\libc_nano.a(libc_a-impure.o)
                              ./Middlewares/Third_Party/FreeRTOS/Source/tasks.o (_impure_ptr)
C:/ST/STM32CubeIDE_1.13.2/STM32CubeIDE/plugins/com.st.stm32cube.ide.mcu.externaltools.gnu-tools-for-stm32.11.3.rel1.win32_1.1.100.202309141235/tools/bin/../lib/gcc/arm-none-eabi/11.3.1/../../../../arm-none-eabi/lib/thumb/v7e-m+fp/hard\libc_nano.a(libc_a-lseekr.o)
                              C:/ST/STM32CubeIDE_1.13.2/STM32CubeIDE/plugins/com.st.stm32cube.ide.mcu.externaltools.gnu-tools-for-stm32.11.3.rel1.win32_1.1.100.202309141235/tools/bin/../lib/gcc/arm-none-eabi/11.3.1/../../../../arm-none-eabi/lib/thumb/v7e-m+fp/hard\libc_nano.a(libc_a-stdio.o) (_lseek_r)
C:/ST/STM32CubeIDE_1.13.2/STM32CubeIDE/plugins/com.st.stm32cube.ide.mcu.externaltools.gnu-tools-for-stm32.11.3.rel1.win32_1.1.100.202309141235/tools/bin/../lib/gcc/arm-none-eabi/11.3.1/../../../../arm-none-eabi/lib/thumb/v7e-m+fp/hard\libc_nano.a(libc_a-readr.o)
[...]
Memory Configuration

Name             Origin             Length             Attributes
RAM              0x0000000020000000 0x0000000000020000 xrw
FLASH            0x0000000008000000 0x0000000000080000 xr
*default*        0x0000000000000000 0xffffffffffffffff

Linker script and memory map

LOAD C:/ST/STM32CubeIDE_1.13.2/STM32CubeIDE/plugins/com.st.stm32cube.ide.mcu.externaltools.gnu-tools-for-stm32.11.3.rel1.win32_1.1.100.202309141235/tools/bin/../lib/gcc/arm-none-eabi/11.3.1/thumb/v7e-m+fp/hard/crti.o
LOAD C:/ST/STM32CubeIDE_1.13.2/STM32CubeIDE/plugins/com.st.stm32cube.ide.mcu.externaltools.gnu-tools-for-stm32.11.3.rel1.win32_1.1.100.202309141235/tools/bin/../lib/gcc/arm-none-eabi/11.3.1/thumb/v7e-m+fp/hard/crtbegin.o
LOAD C:/ST/STM32CubeIDE_1.13.2/STM32CubeIDE/plugins/com.st.stm32cube.ide.mcu.externaltools.gnu-tools-for-stm32.11.3.rel1.win32_1.1.100.202309141235/tools/bin/../lib/gcc/arm-none-eabi/11.3.1/../../../../arm-none-eabi/lib/thumb/v7e-m+fp/hard/crt0.o
LOAD ./Core/Src/dma.o
LOAD ./Core/Src/freertos.o
LOAD ./Core/Src/gpio.o
LOAD ./Core/Src/main.o
LOAD ./Core/Src/stm32f4xx_hal_msp.o
LOAD ./Core/Src/stm32f4xx_hal_timebase_tim.o
LOAD ./Core/Src/stm32f4xx_it.o
LOAD ./Core/Src/syscalls.o
LOAD ./Core/Src/sysmem.o
LOAD ./Core/Src/system_stm32f4xx.o
LOAD ./Core/Src/tim.o
LOAD ./Core/Src/usart.o
LOAD ./Core/Startup/startup_stm32f411retx.o
LOAD ./Drivers/STM32F4xx_HAL_Driver/Src/stm32f4xx_hal.o
LOAD ./Drivers/STM32F4xx_HAL_Driver/Src/stm32f4xx_hal_cortex.o
LOAD ./Drivers/STM32F4xx_HAL_Driver/Src/stm32f4xx_hal_dma.o
LOAD ./Drivers/STM32F4xx_HAL_Driver/Src/stm32f4xx_hal_dma_ex.o
LOAD ./Drivers/STM32F4xx_HAL_Driver/Src/stm32f4xx_hal_exti.o
LOAD ./Drivers/STM32F4xx_HAL_Driver/Src/stm32f4xx_hal_flash.o
LOAD ./Drivers/STM32F4xx_HAL_Driver/Src/stm32f4xx_hal_flash_ex.o
LOAD ./Drivers/STM32F4xx_HAL_Driver/Src/stm32f4xx_hal_flash_ramfunc.o
LOAD ./Drivers/STM32F4xx_HAL_Driver/Src/stm32f4xx_hal_gpio.o
LOAD ./Drivers/STM32F4xx_HAL_Driver/Src/stm32f4xx_hal_pwr.o
LOAD ./Drivers/STM32F4xx_HAL_Driver/Src/stm32f4xx_hal_pwr_ex.o
LOAD ./Drivers/STM32F4xx_HAL_Driver/Src/stm32f4xx_hal_rcc.o
LOAD ./Drivers/STM32F4xx_HAL_Driver/Src/stm32f4xx_hal_rcc_ex.o
LOAD ./Drivers/STM32F4xx_HAL_Driver/Src/stm32f4xx_hal_tim.o
LOAD ./Drivers/STM32F4xx_HAL_Driver/Src/stm32f4xx_hal_tim_ex.o
LOAD ./Drivers/STM32F4xx_HAL_Driver/Src/stm32f4xx_hal_uart.o
LOAD ./Middlewares/Third_Party/FreeRTOS/Source/CMSIS_RTOS_V2/cmsis_os2.o
LOAD ./Middlewares/Third_Party/FreeRTOS/Source/croutine.o
LOAD ./Middlewares/Third_Party/FreeRTOS/Source/event_groups.o
LOAD ./Middlewares/Third_Party/FreeRTOS/Source/list.o
LOAD ./Middlewares/Third_Party/FreeRTOS/Source/queue.o
LOAD ./Middlewares/Third_Party/FreeRTOS/Source/stream_buffer.o
LOAD ./Middlewares/Third_Party/FreeRTOS/Source/tasks.o
LOAD ./Middlewares/Third_Party/FreeRTOS/Source/timers.o
LOAD ./Middlewares/Third_Party/FreeRTOS/Source/portable/GCC/ARM_CM4F/port.o
LOAD ./Middlewares/Third_Party/FreeRTOS/Source/portable/MemMang/heap_4.o
START GROUP
LOAD C:/ST/STM32CubeIDE_1.13.2/STM32CubeIDE/plugins/com.st.stm32cube.ide.mcu.externaltools.gnu-tools-for-stm32.11.3.rel1.win32_1.1.100.202309141235/tools/bin/../lib/gcc/arm-none-eabi/11.3.1/../../../../arm-none-eabi/lib/thumb/v7e-m+fp/hard\libc_nano.a
LOAD C:/ST/STM32CubeIDE_1.13.2/STM32CubeIDE/plugins/com.st.stm32cube.ide.mcu.externaltools.gnu-tools-for-stm32.11.3.rel1.win32_1.1.100.202309141235/tools/bin/../lib/gcc/arm-none-eabi/11.3.1/../../../../arm-none-eabi/lib/thumb/v7e-m+fp/hard\libm.a
END GROUP
START GROUP
LOAD C:/ST/STM32CubeIDE_1.13.2/STM32CubeIDE/plugins/com.st.stm32cube.ide.mcu.externaltools.gnu-tools-for-stm32.11.3.rel1.win32_1.1.100.202309141235/tools/bin/../lib/gcc/arm-none-eabi/11.3.1/thumb/v7e-m+fp/hard\libgcc.a
LOAD C:/ST/STM32CubeIDE_1.13.2/STM32CubeIDE/plugins/com.st.stm32cube.ide.mcu.externaltools.gnu-tools-for-stm32.11.3.rel1.win32_1.1.100.202309141235/tools/bin/../lib/gcc/arm-none-eabi/11.3.1/../../../../arm-none-eabi/lib/thumb/v7e-m+fp/hard\libc_nano.a
END GROUP
START GROUP
LOAD C:/ST/STM32CubeIDE_1.13.2/STM32CubeIDE/plugins/com.st.stm32cube.ide.mcu.externaltools.gnu-tools-for-stm32.11.3.rel1.win32_1.1.100.202309141235/tools/bin/../lib/gcc/arm-none-eabi/11.3.1/thumb/v7e-m+fp/hard\libgcc.a
LOAD C:/ST/STM32CubeIDE_1.13.2/STM32CubeIDE/plugins/com.st.stm32cube.ide.mcu.externaltools.gnu-tools-for-stm32.11.3.rel1.win32_1.1.100.202309141235/tools/bin/../lib/gcc/arm-none-eabi/11.3.1/../../../../arm-none-eabi/lib/thumb/v7e-m+fp/hard\libc_nano.a
LOAD C:/ST/STM32CubeIDE_1.13.2/STM32CubeIDE/plugins/com.st.stm32cube.ide.mcu.externaltools.gnu-tools-for-stm32.11.3.rel1.win32_1.1.100.202309141235/tools/bin/../lib/gcc/arm-none-eabi/11.3.1/../../../../arm-none-eabi/lib/thumb/v7e-m+fp/hard\libnosys.a
END GROUP
START GROUP
LOAD C:/ST/STM32CubeIDE_1.13.2/STM32CubeIDE/plugins/com.st.stm32cube.ide.mcu.externaltools.gnu-tools-for-stm32.11.3.rel1.win32_1.1.100.202309141235/tools/bin/../lib/gcc/arm-none-eabi/11.3.1/thumb/v7e-m+fp/hard\libgcc.a
LOAD C:/ST/STM32CubeIDE_1.13.2/STM32CubeIDE/plugins/com.st.stm32cube.ide.mcu.externaltools.gnu-tools-for-stm32.11.3.rel1.win32_1.1.100.202309141235/tools/bin/../lib/gcc/arm-none-eabi/11.3.1/../../../../arm-none-eabi/lib/thumb/v7e-m+fp/hard\libc_nano.a
LOAD C:/ST/STM32CubeIDE_1.13.2/STM32CubeIDE/plugins/com.st.stm32cube.ide.mcu.externaltools.gnu-tools-for-stm32.11.3.rel1.win32_1.1.100.202309141235/tools/bin/../lib/gcc/arm-none-eabi/11.3.1/../../../../arm-none-eabi/lib/thumb/v7e-m+fp/hard\libnosys.a
END GROUP
LOAD C:/ST/STM32CubeIDE_1.13.2/STM32CubeIDE/plugins/com.st.stm32cube.ide.mcu.externaltools.gnu-tools-for-stm32.11.3.rel1.win32_1.1.100.202309141235/tools/bin/../lib/gcc/arm-none-eabi/11.3.1/thumb/v7e-m+fp/hard/crtend.o
LOAD C:/ST/STM32CubeIDE_1.13.2/STM32CubeIDE/plugins/com.st.stm32cube.ide.mcu.externaltools.gnu-tools-for-stm32.11.3.rel1.win32_1.1.100.202309141235/tools/bin/../lib/gcc/arm-none-eabi/11.3.1/thumb/v7e-m+fp/hard/crtn.o
                0x0000000020020000                _estack = (ORIGIN (RAM) + LENGTH (RAM))
                0x0000000000000200                _Min_Heap_Size = 0x200
                0x0000000000000400                _Min_Stack_Size = 0x400

.isr_vector     0x0000000008000000      0x198
                0x0000000008000000                . = ALIGN (0x4)
 *(.isr_vector)
 .isr_vector    0x0000000008000000      0x198 ./Core/Startup/startup_stm32f411retx.o
                0x0000000008000000                g_pfnVectors
                0x0000000008000198                . = ALIGN (0x4)

.text           0x00000000080001a0     0x88b8
                0x00000000080001a0                . = ALIGN (0x4)
 *(.text)
 .text          0x00000000080001a0       0x40 C:/ST/STM32CubeIDE_1.13.2/STM32CubeIDE/plugins/com.st.stm32cube.ide.mcu.externaltools.gnu-tools-for-stm32.11.3.rel1.win32_1.1.100.202309141235/tools/bin/../lib/gcc/arm-none-eabi/11.3.1/thumb/v7e-m+fp/hard/crtbegin.o
 .text          0x00000000080001e0       0x30 C:/ST/STM32CubeIDE_1.13.2/STM32CubeIDE/plugins/com.st.stm32cube.ide.mcu.externaltools.gnu-tools-for-stm32.11.3.rel1.win32_1.1.100.202309141235/tools/bin/../lib/gcc/arm-none-eabi/11.3.1/thumb/v7e-m+fp/hard\libgcc.a(_aeabi_uldivmod.o)
                0x00000000080001e0                __aeabi_uldivmod
 .text          0x0000000008000210      0x2c8 C:/ST/STM32CubeIDE_1.13.2/STM32CubeIDE/plugins/com.st.stm32cube.ide.mcu.externaltools.gnu-tools-for-stm32.11.3.rel1.win32_1.1.100.202309141235/tools/bin/../lib/gcc/arm-none-eabi/11.3.1/thumb/v7e-m+fp/hard\libgcc.a(_udivmoddi4.o)
                0x0000000008000210                __udivmoddi4
 .text          0x00000000080004d8        0x4 C:/ST/STM32CubeIDE_1.13.2/STM32CubeIDE/plugins/com.st.stm32cube.ide.mcu.externaltools.gnu-tools-for-stm32.11.3.rel1.win32_1.1.100.202309141235/tools/bin/../lib/gcc/arm-none-eabi/11.3.1/thumb/v7e-m+fp/hard\libgcc.a(_dvmd_tls.o)
                0x00000000080004d8                __aeabi_idiv0
                0x00000000080004d8                __aeabi_ldiv0
 *(.text*)
 .text.MX_DMA_Init
                0x00000000080004dc       0x8c ./Core/Src/dma.o
                0x00000000080004dc                MX_DMA_Init
 .text.MX_FREERTOS_Init
                0x0000000008000568       0x40 ./Core/Src/freertos.o
                0x0000000008000568                MX_FREERTOS_Init
 .text.changeModefunc
                0x00000000080005a8       0x10 ./Core/Src/freertos.o
                0x00000000080005a8                changeModefunc
 .text.trigUltrasonicfunc
                0x00000000080005b8       0x10 ./Core/Src/freertos.o
                0x00000000080005b8                trigUltrasonicfunc
 .text.MX_GPIO_Init
                0x00000000080005c8      0x110 ./Core/Src/gpio.o
                0x00000000080005c8                MX_GPIO_Init
 .text.delay_us
                0x00000000080006d8       0x34 ./Core/Src/main.o
                0x00000000080006d8                delay_us
 .text.HAL_TIM_IC_CaptureCallback
                0x000000000800070c      0x330 ./Core/Src/main.o
                0x000000000800070c                HAL_TIM_IC_CaptureCallback
 .text.Trig1    0x0000000008000a3c       0x3c ./Core/Src/main.o
                0x0000000008000a3c                Trig1
 .text.Trig2    0x0000000008000a78       0x40 ./Core/Src/main.o
                0x0000000008000a78                Trig2
 .text.Trig3    0x0000000008000ab8       0x40 ./Core/Src/main.o
                0x0000000008000ab8                Trig3
 .text.go       0x0000000008000af8       0x58 ./Core/Src/main.o
                0x0000000008000af8                go
 .text.back     0x0000000008000b50       0x58 ./Core/Src/main.o
                0x0000000008000b50                back
 .text.stop     0x0000000008000ba8       0x3c ./Core/Src/main.o
                0x0000000008000ba8                stop
 .text.right    0x0000000008000be4       0x58 ./Core/Src/main.o
                0x0000000008000be4                right
 .text.left     0x0000000008000c3c       0x58 ./Core/Src/main.o
                0x0000000008000c3c                left
 .text.left_back
                0x0000000008000c94       0x3c ./Core/Src/main.o
                0x0000000008000c94                left_back
 .text.right_back
                0x0000000008000cd0       0x3c ./Core/Src/main.o
                0x0000000008000cd0                right_back
 .text.at_motor
                0x0000000008000d0c      0x148 ./Core/Src/main.o
                0x0000000008000d0c                at_motor
 .text.bt_motor
                0x0000000008000e54       0xdc ./Core/Src/main.o
                0x0000000008000e54                bt_motor
 .text.HAL_UART_RxCpltCallback
                0x0000000008000f30       0x30 ./Core/Src/main.o
                0x0000000008000f30                HAL_UART_RxCpltCallback
 .text.main     0x0000000008000f60       0xe0 ./Core/Src/main.o
                0x0000000008000f60                main
 .text.SystemClock_Config
                0x0000000008001040       0xd4 ./Core/Src/main.o
                0x0000000008001040                SystemClock_Config
 .text.HAL_TIM_PeriodElapsedCallback
                0x0000000008001114       0x24 ./Core/Src/main.o
                0x0000000008001114                HAL_TIM_PeriodElapsedCallback
 .text.Error_Handler
                0x0000000008001138        0xa ./Core/Src/main.o
                0x0000000008001138                Error_Handler
 *fill*         0x0000000008001142        0x2 
 .text.HAL_MspInit
                0x0000000008001144       0x58 ./Core/Src/stm32f4xx_hal_msp.o
                0x0000000008001144                HAL_MspInit
 .text.HAL_InitTick
                0x000000000800119c       0xe4 ./Core/Src/stm32f4xx_hal_timebase_tim.o
                0x000000000800119c                HAL_InitTick
 .text.NMI_Handler
                0x0000000008001280        0x6 ./Core/Src/stm32f4xx_it.o
                0x0000000008001280                NMI_Handler
 .text.HardFault_Handler
                0x0000000008001286        0x6 ./Core/Src/stm32f4xx_it.o
                0x0000000008001286                HardFault_Handler
 .text.MemManage_Handler
                0x000000000800128c        0x6 ./Core/Src/stm32f4xx_it.o
                0x000000000800128c                MemManage_Handler
 .text.BusFault_Handler
                0x0000000008001292        0x6 ./Core/Src/stm32f4xx_it.o
                0x0000000008001292                BusFault_Handler
 .text.UsageFault_Handler
                0x0000000008001298        0x6 ./Core/Src/stm32f4xx_it.o
                0x0000000008001298                UsageFault_Handler
 .text.DebugMon_Handler
                0x000000000800129e        0xe ./Core/Src/stm32f4xx_it.o
                0x000000000800129e                DebugMon_Handler
 .text.DMA1_Stream2_IRQHandler
                0x00000000080012ac       0x14 ./Core/Src/stm32f4xx_it.o
                0x00000000080012ac                DMA1_Stream2_IRQHandler
 .text.DMA1_Stream5_IRQHandler
                0x00000000080012c0       0x14 ./Core/Src/stm32f4xx_it.o
                0x00000000080012c0                DMA1_Stream5_IRQHandler
 .text.TIM1_BRK_TIM9_IRQHandler
                0x00000000080012d4       0x1c ./Core/Src/stm32f4xx_it.o
                0x00000000080012d4                TIM1_BRK_TIM9_IRQHandler
 .text.TIM1_CC_IRQHandler
                0x00000000080012f0       0x14 ./Core/Src/stm32f4xx_it.o
                0x00000000080012f0                TIM1_CC_IRQHandler
 .text.TIM2_IRQHandler
                0x0000000008001304       0x14 ./Core/Src/stm32f4xx_it.o
                0x0000000008001304                TIM2_IRQHandler
 .text.USART1_IRQHandler
                0x0000000008001318       0x14 ./Core/Src/stm32f4xx_it.o
                0x0000000008001318                USART1_IRQHandler
 .text.USART2_IRQHandler
                0x000000000800132c       0x14 ./Core/Src/stm32f4xx_it.o
                0x000000000800132c                USART2_IRQHandler
 .text.DMA1_Stream7_IRQHandler
                0x0000000008001340       0x14 ./Core/Src/stm32f4xx_it.o
                0x0000000008001340                DMA1_Stream7_IRQHandler
 .text.DMA2_Stream1_IRQHandler
                0x0000000008001354       0x14 ./Core/Src/stm32f4xx_it.o
                0x0000000008001354                DMA2_Stream1_IRQHandler
 .text.SystemInit
                0x0000000008001368       0x24 ./Core/Src/system_stm32f4xx.o
                0x0000000008001368                SystemInit
 .text.MX_TIM1_Init
                0x000000000800138c       0xe8 ./Core/Src/tim.o
                0x000000000800138c                MX_TIM1_Init
 .text.MX_TIM2_Init
                0x0000000008001474       0xa4 ./Core/Src/tim.o
                0x0000000008001474                MX_TIM2_Init
 .text.MX_TIM4_Init
                0x0000000008001518       0xcc ./Core/Src/tim.o
                0x0000000008001518                MX_TIM4_Init
 .text.MX_TIM5_Init
                0x00000000080015e4       0xa8 ./Core/Src/tim.o
                0x00000000080015e4                MX_TIM5_Init
 .text.HAL_TIM_Base_MspInit
                0x000000000800168c      0x118 ./Core/Src/tim.o
                0x000000000800168c                HAL_TIM_Base_MspInit
 .text.HAL_TIM_IC_MspInit
                0x00000000080017a4      0x1d4 ./Core/Src/tim.o
                0x00000000080017a4                HAL_TIM_IC_MspInit
 .text.HAL_TIM_PWM_MspInit
                0x0000000008001978       0x44 ./Core/Src/tim.o
                0x0000000008001978                HAL_TIM_PWM_MspInit
 .text.HAL_TIM_MspPostInit
                0x00000000080019bc       0x74 ./Core/Src/tim.o
                0x00000000080019bc                HAL_TIM_MspPostInit
 .text.MX_USART1_UART_Init
                0x0000000008001a30       0x54 ./Core/Src/usart.o
                0x0000000008001a30                MX_USART1_UART_Init
 .text.MX_USART2_UART_Init
                0x0000000008001a84       0x54 ./Core/Src/usart.o
                0x0000000008001a84                MX_USART2_UART_Init
 .text.HAL_UART_MspInit
                0x0000000008001ad8      0x1bc ./Core/Src/usart.o
                0x0000000008001ad8                HAL_UART_MspInit
 .text.Reset_Handler
                0x0000000008001c94       0x50 ./Core/Startup/startup_stm32f411retx.o
                0x0000000008001c94                Reset_Handler
 .text.Default_Handler
                0x0000000008001ce4        0x2 ./Core/Startup/startup_stm32f411retx.o
                0x0000000008001ce4                RTC_Alarm_IRQHandler
                0x0000000008001ce4                EXTI2_IRQHandler
                0x0000000008001ce4                SPI4_IRQHandler
                0x0000000008001ce4                DMA2_Stream5_IRQHandler
                0x0000000008001ce4                PVD_IRQHandler
                0x0000000008001ce4                SDIO_IRQHandler
                0x0000000008001ce4                TAMP_STAMP_IRQHandler
                0x0000000008001ce4                EXTI3_IRQHandler
                0x0000000008001ce4                TIM1_UP_TIM10_IRQHandler
                0x0000000008001ce4                I2C3_ER_IRQHandler
                0x0000000008001ce4                EXTI0_IRQHandler
                0x0000000008001ce4                I2C2_EV_IRQHandler
                0x0000000008001ce4                FPU_IRQHandler
                0x0000000008001ce4                DMA2_Stream2_IRQHandler
                0x0000000008001ce4                SPI1_IRQHandler
                0x0000000008001ce4                DMA2_Stream3_IRQHandler
                0x0000000008001ce4                USART6_IRQHandler
                0x0000000008001ce4                DMA2_Stream0_IRQHandler
                0x0000000008001ce4                TIM4_IRQHandler
                0x0000000008001ce4                I2C1_EV_IRQHandler
                0x0000000008001ce4                DMA1_Stream6_IRQHandler
                0x0000000008001ce4                DMA1_Stream1_IRQHandler
                0x0000000008001ce4                TIM3_IRQHandler
                0x0000000008001ce4                RCC_IRQHandler
                0x0000000008001ce4                Default_Handler
                0x0000000008001ce4                EXTI15_10_IRQHandler
                0x0000000008001ce4                ADC_IRQHandler
                0x0000000008001ce4                SPI5_IRQHandler
                0x0000000008001ce4                TIM5_IRQHandler
                0x0000000008001ce4                DMA2_Stream7_IRQHandler
                0x0000000008001ce4                I2C3_EV_IRQHandler
                0x0000000008001ce4                EXTI9_5_IRQHandler
                0x0000000008001ce4                RTC_WKUP_IRQHandler
                0x0000000008001ce4                SPI2_IRQHandler
                0x0000000008001ce4                DMA1_Stream0_IRQHandler
                0x0000000008001ce4                EXTI4_IRQHandler
                0x0000000008001ce4                WWDG_IRQHandler
                0x0000000008001ce4                OTG_FS_WKUP_IRQHandler
                0x0000000008001ce4                TIM1_TRG_COM_TIM11_IRQHandler
                0x0000000008001ce4                EXTI1_IRQHandler
                0x0000000008001ce4                I2C2_ER_IRQHandler
                0x0000000008001ce4                FLASH_IRQHandler
                0x0000000008001ce4                DMA2_Stream4_IRQHandler
                0x0000000008001ce4                OTG_FS_IRQHandler
                0x0000000008001ce4                SPI3_IRQHandler
                0x0000000008001ce4                DMA1_Stream4_IRQHandler
                0x0000000008001ce4                I2C1_ER_IRQHandler
                0x0000000008001ce4                DMA2_Stream6_IRQHandler
                0x0000000008001ce4                DMA1_Stream3_IRQHandler
 *fill*         0x0000000008001ce6        0x2 
 .text.HAL_Init
                0x0000000008001ce8       0x44 ./Drivers/STM32F4xx_HAL_Driver/Src/stm32f4xx_hal.o
                0x0000000008001ce8                HAL_Init
 .text.HAL_IncTick
                0x0000000008001d2c       0x28 ./Drivers/STM32F4xx_HAL_Driver/Src/stm32f4xx_hal.o
                0x0000000008001d2c                HAL_IncTick
 .text.HAL_GetTick
                0x0000000008001d54       0x18 ./Drivers/STM32F4xx_HAL_Driver/Src/stm32f4xx_hal.o
                0x0000000008001d54                HAL_GetTick
 .text.HAL_Delay
                0x0000000008001d6c       0x48 ./Drivers/STM32F4xx_HAL_Driver/Src/stm32f4xx_hal.o
                0x0000000008001d6c                HAL_Delay
 .text.__NVIC_SetPriorityGrouping
                0x0000000008001db4       0x48 ./Drivers/STM32F4xx_HAL_Driver/Src/stm32f4xx_hal_cortex.o
 .text.__NVIC_GetPriorityGrouping
                0x0000000008001dfc       0x1c ./Drivers/STM32F4xx_HAL_Driver/Src/stm32f4xx_hal_cortex.o
 .text.__NVIC_EnableIRQ
                0x0000000008001e18       0x3c ./Drivers/STM32F4xx_HAL_Driver/Src/stm32f4xx_hal_cortex.o
 .text.__NVIC_SetPriority
                0x0000000008001e54       0x54 ./Drivers/STM32F4xx_HAL_Driver/Src/stm32f4xx_hal_cortex.o
 .text.NVIC_EncodePriority
                0x0000000008001ea8       0x66 ./Drivers/STM32F4xx_HAL_Driver/Src/stm32f4xx_hal_cortex.o
 .text.HAL_NVIC_SetPriorityGrouping
                0x0000000008001f0e       0x16 ./Drivers/STM32F4xx_HAL_Driver/Src/stm32f4xx_hal_cortex.o
                0x0000000008001f0e                HAL_NVIC_SetPriorityGrouping
 .text.HAL_NVIC_SetPriority
                0x0000000008001f24       0x38 ./Drivers/STM32F4xx_HAL_Driver/Src/stm32f4xx_hal_cortex.o
                0x0000000008001f24                HAL_NVIC_SetPriority
 .text.HAL_NVIC_EnableIRQ
                0x0000000008001f5c       0x1c ./Drivers/STM32F4xx_HAL_Driver/Src/stm32f4xx_hal_cortex.o
                0x0000000008001f5c                HAL_NVIC_EnableIRQ
 .text.HAL_DMA_Init
                0x0000000008001f78      0x15c ./Drivers/STM32F4xx_HAL_Driver/Src/stm32f4xx_hal_dma.o
                0x0000000008001f78                HAL_DMA_Init
 .text.HAL_DMA_Start_IT
                0x00000000080020d4       0xb0 ./Drivers/STM32F4xx_HAL_Driver/Src/stm32f4xx_hal_dma.o
                0x00000000080020d4                HAL_DMA_Start_IT
 .text.HAL_DMA_Abort
                0x0000000008002184       0xe0 ./Drivers/STM32F4xx_HAL_Driver/Src/stm32f4xx_hal_dma.o
                0x0000000008002184                HAL_DMA_Abort
 .text.HAL_DMA_Abort_IT
                0x0000000008002264       0x44 ./Drivers/STM32F4xx_HAL_Driver/Src/stm32f4xx_hal_dma.o
                0x0000000008002264                HAL_DMA_Abort_IT
 .text.HAL_DMA_IRQHandler
                0x00000000080022a8      0x314 ./Drivers/STM32F4xx_HAL_Driver/Src/stm32f4xx_hal_dma.o
                0x00000000080022a8                HAL_DMA_IRQHandler
 .text.DMA_SetConfig
                0x00000000080025bc       0x5c ./Drivers/STM32F4xx_HAL_Driver/Src/stm32f4xx_hal_dma.o
 .text.DMA_CalcBaseAndBitshift
                0x0000000008002618       0x6c ./Drivers/STM32F4xx_HAL_Driver/Src/stm32f4xx_hal_dma.o
 .text.DMA_CheckFifoParam
                0x0000000008002684       0xf8 ./Drivers/STM32F4xx_HAL_Driver/Src/stm32f4xx_hal_dma.o
 .text.HAL_GPIO_Init
                0x000000000800277c      0x308 ./Drivers/STM32F4xx_HAL_Driver/Src/stm32f4xx_hal_gpio.o
                0x000000000800277c                HAL_GPIO_Init
 .text.HAL_GPIO_WritePin
                0x0000000008002a84       0x32 ./Drivers/STM32F4xx_HAL_Driver/Src/stm32f4xx_hal_gpio.o
                0x0000000008002a84                HAL_GPIO_WritePin
 *fill*         0x0000000008002ab6        0x2 
 .text.HAL_RCC_OscConfig
                0x0000000008002ab8      0x4f0 ./Drivers/STM32F4xx_HAL_Driver/Src/stm32f4xx_hal_rcc.o
                0x0000000008002ab8                HAL_RCC_OscConfig
 .text.HAL_RCC_ClockConfig
                0x0000000008002fa8      0x1cc ./Drivers/STM32F4xx_HAL_Driver/Src/stm32f4xx_hal_rcc.o
                0x0000000008002fa8                HAL_RCC_ClockConfig
 .text.HAL_RCC_GetSysClockFreq
                0x0000000008003174      0x20c ./Drivers/STM32F4xx_HAL_Driver/Src/stm32f4xx_hal_rcc.o
                0x0000000008003174                HAL_RCC_GetSysClockFreq
 .text.HAL_RCC_GetHCLKFreq
                0x0000000008003380       0x18 ./Drivers/STM32F4xx_HAL_Driver/Src/stm32f4xx_hal_rcc.o
                0x0000000008003380                HAL_RCC_GetHCLKFreq
 .text.HAL_RCC_GetPCLK1Freq
                0x0000000008003398       0x28 ./Drivers/STM32F4xx_HAL_Driver/Src/stm32f4xx_hal_rcc.o
                0x0000000008003398                HAL_RCC_GetPCLK1Freq
 .text.HAL_RCC_GetPCLK2Freq
                0x00000000080033c0       0x28 ./Drivers/STM32F4xx_HAL_Driver/Src/stm32f4xx_hal_rcc.o
                0x00000000080033c0                HAL_RCC_GetPCLK2Freq
 .text.HAL_RCC_GetClockConfig
                0x00000000080033e8       0x64 ./Drivers/STM32F4xx_HAL_Driver/Src/stm32f4xx_hal_rcc.o
                0x00000000080033e8                HAL_RCC_GetClockConfig
 .text.HAL_TIM_Base_Init
                0x000000000800344c       0x9e ./Drivers/STM32F4xx_HAL_Driver/Src/stm32f4xx_hal_tim.o
                0x000000000800344c                HAL_TIM_Base_Init
 *fill*         0x00000000080034ea        0x2 
 .text.HAL_TIM_Base_Start
                0x00000000080034ec       0xb4 ./Drivers/STM32F4xx_HAL_Driver/Src/stm32f4xx_hal_tim.o
                0x00000000080034ec                HAL_TIM_Base_Start
 .text.HAL_TIM_Base_Start_IT
                0x00000000080035a0       0xc4 ./Drivers/STM32F4xx_HAL_Driver/Src/stm32f4xx_hal_tim.o
                0x00000000080035a0                HAL_TIM_Base_Start_IT
 .text.HAL_TIM_PWM_Init
                0x0000000008003664       0x9e ./Drivers/STM32F4xx_HAL_Driver/Src/stm32f4xx_hal_tim.o
                0x0000000008003664                HAL_TIM_PWM_Init
 *fill*         0x0000000008003702        0x2 
 .text.HAL_TIM_PWM_Start
                0x0000000008003704      0x160 ./Drivers/STM32F4xx_HAL_Driver/Src/stm32f4xx_hal_tim.o
                0x0000000008003704                HAL_TIM_PWM_Start
 .text.HAL_TIM_IC_Init
                0x0000000008003864       0x9e ./Drivers/STM32F4xx_HAL_Driver/Src/stm32f4xx_hal_tim.o
                0x0000000008003864                HAL_TIM_IC_Init
 *fill*         0x0000000008003902        0x2 
 .text.HAL_TIM_IC_Start_DMA
                0x0000000008003904      0x338 ./Drivers/STM32F4xx_HAL_Driver/Src/stm32f4xx_hal_tim.o
                0x0000000008003904                HAL_TIM_IC_Start_DMA
 .text.HAL_TIM_IRQHandler
                0x0000000008003c3c      0x1e0 ./Drivers/STM32F4xx_HAL_Driver/Src/stm32f4xx_hal_tim.o
                0x0000000008003c3c                HAL_TIM_IRQHandler
 .text.HAL_TIM_IC_ConfigChannel
                0x0000000008003e1c      0x138 ./Drivers/STM32F4xx_HAL_Driver/Src/stm32f4xx_hal_tim.o
                0x0000000008003e1c                HAL_TIM_IC_ConfigChannel
 .text.HAL_TIM_PWM_ConfigChannel
                0x0000000008003f54      0x184 ./Drivers/STM32F4xx_HAL_Driver/Src/stm32f4xx_hal_tim.o
                0x0000000008003f54                HAL_TIM_PWM_ConfigChannel
 .text.HAL_TIM_ConfigClockSource
                0x00000000080040d8      0x18e ./Drivers/STM32F4xx_HAL_Driver/Src/stm32f4xx_hal_tim.o
                0x00000000080040d8                HAL_TIM_ConfigClockSource
 *fill*         0x0000000008004266        0x2 
 .text.HAL_TIM_ReadCapturedValue
                0x0000000008004268       0x88 ./Drivers/STM32F4xx_HAL_Driver/Src/stm32f4xx_hal_tim.o
                0x0000000008004268                HAL_TIM_ReadCapturedValue
 .text.HAL_TIM_OC_DelayElapsedCallback
                0x00000000080042f0       0x14 ./Drivers/STM32F4xx_HAL_Driver/Src/stm32f4xx_hal_tim.o
                0x00000000080042f0                HAL_TIM_OC_DelayElapsedCallback
 .text.HAL_TIM_IC_CaptureHalfCpltCallback
                0x0000000008004304       0x14 ./Drivers/STM32F4xx_HAL_Driver/Src/stm32f4xx_hal_tim.o
                0x0000000008004304                HAL_TIM_IC_CaptureHalfCpltCallback
 .text.HAL_TIM_PWM_PulseFinishedCallback
                0x0000000008004318       0x14 ./Drivers/STM32F4xx_HAL_Driver/Src/stm32f4xx_hal_tim.o
                0x0000000008004318                HAL_TIM_PWM_PulseFinishedCallback
 .text.HAL_TIM_TriggerCallback
                0x000000000800432c       0x14 ./Drivers/STM32F4xx_HAL_Driver/Src/stm32f4xx_hal_tim.o
                0x000000000800432c                HAL_TIM_TriggerCallback
 .text.HAL_TIM_ErrorCallback
                0x0000000008004340       0x14 ./Drivers/STM32F4xx_HAL_Driver/Src/stm32f4xx_hal_tim.o
                0x0000000008004340                HAL_TIM_ErrorCallback
 .text.TIM_DMAError
                0x0000000008004354       0x92 ./Drivers/STM32F4xx_HAL_Driver/Src/stm32f4xx_hal_tim.o
                0x0000000008004354                TIM_DMAError
 .text.TIM_DMACaptureCplt
                0x00000000080043e6       0xc8 ./Drivers/STM32F4xx_HAL_Driver/Src/stm32f4xx_hal_tim.o
                0x00000000080043e6                TIM_DMACaptureCplt
 .text.TIM_DMACaptureHalfCplt
                0x00000000080044ae       0x68 ./Drivers/STM32F4xx_HAL_Driver/Src/stm32f4xx_hal_tim.o
                0x00000000080044ae                TIM_DMACaptureHalfCplt
 *fill*         0x0000000008004516        0x2 
 .text.TIM_Base_SetConfig
                0x0000000008004518      0x118 ./Drivers/STM32F4xx_HAL_Driver/Src/stm32f4xx_hal_tim.o
                0x0000000008004518                TIM_Base_SetConfig
 .text.TIM_OC1_SetConfig
                0x0000000008004630       0xcc ./Drivers/STM32F4xx_HAL_Driver/Src/stm32f4xx_hal_tim.o
 .text.TIM_OC2_SetConfig
                0x00000000080046fc       0xd8 ./Drivers/STM32F4xx_HAL_Driver/Src/stm32f4xx_hal_tim.o
                0x00000000080046fc                TIM_OC2_SetConfig
 .text.TIM_OC3_SetConfig
                0x00000000080047d4       0xd4 ./Drivers/STM32F4xx_HAL_Driver/Src/stm32f4xx_hal_tim.o
 .text.TIM_OC4_SetConfig
                0x00000000080048a8       0xa0 ./Drivers/STM32F4xx_HAL_Driver/Src/stm32f4xx_hal_tim.o
 .text.TIM_TI1_SetConfig
                0x0000000008004948       0xd0 ./Drivers/STM32F4xx_HAL_Driver/Src/stm32f4xx_hal_tim.o
                0x0000000008004948                TIM_TI1_SetConfig
 .text.TIM_TI1_ConfigInputStage
                0x0000000008004a18       0x5e ./Drivers/STM32F4xx_HAL_Driver/Src/stm32f4xx_hal_tim.o
 .text.TIM_TI2_SetConfig
                0x0000000008004a76       0x7a ./Drivers/STM32F4xx_HAL_Driver/Src/stm32f4xx_hal_tim.o
 .text.TIM_TI2_ConfigInputStage
                0x0000000008004af0       0x60 ./Drivers/STM32F4xx_HAL_Driver/Src/stm32f4xx_hal_tim.o
 .text.TIM_TI3_SetConfig
                0x0000000008004b50       0x78 ./Drivers/STM32F4xx_HAL_Driver/Src/stm32f4xx_hal_tim.o
 .text.TIM_TI4_SetConfig
                0x0000000008004bc8       0x7a ./Drivers/STM32F4xx_HAL_Driver/Src/stm32f4xx_hal_tim.o
 .text.TIM_ITRx_SetConfig
                0x0000000008004c42       0x36 ./Drivers/STM32F4xx_HAL_Driver/Src/stm32f4xx_hal_tim.o
 .text.TIM_ETR_SetConfig
                0x0000000008004c78       0x40 ./Drivers/STM32F4xx_HAL_Driver/Src/stm32f4xx_hal_tim.o
                0x0000000008004c78                TIM_ETR_SetConfig
 .text.TIM_CCxChannelCmd
                0x0000000008004cb8       0x4a ./Drivers/STM32F4xx_HAL_Driver/Src/stm32f4xx_hal_tim.o
                0x0000000008004cb8                TIM_CCxChannelCmd
 *fill*         0x0000000008004d02        0x2 
 .text.HAL_TIMEx_MasterConfigSynchronization
                0x0000000008004d04       0xdc ./Drivers/STM32F4xx_HAL_Driver/Src/stm32f4xx_hal_tim_ex.o
                0x0000000008004d04                HAL_TIMEx_MasterConfigSynchronization
 .text.HAL_TIMEx_CommutCallback
                0x0000000008004de0       0x14 ./Drivers/STM32F4xx_HAL_Driver/Src/stm32f4xx_hal_tim_ex.o
                0x0000000008004de0                HAL_TIMEx_CommutCallback
 .text.HAL_TIMEx_BreakCallback
                0x0000000008004df4       0x14 ./Drivers/STM32F4xx_HAL_Driver/Src/stm32f4xx_hal_tim_ex.o
                0x0000000008004df4                HAL_TIMEx_BreakCallback
 .text.HAL_UART_Init
                0x0000000008004e08       0xa0 ./Drivers/STM32F4xx_HAL_Driver/Src/stm32f4xx_hal_uart.o
                0x0000000008004e08                HAL_UART_Init
 .text.HAL_UART_Receive_IT
                0x0000000008004ea8       0x4a ./Drivers/STM32F4xx_HAL_Driver/Src/stm32f4xx_hal_uart.o
                0x0000000008004ea8                HAL_UART_Receive_IT
 *fill*         0x0000000008004ef2        0x2 
 .text.HAL_UART_IRQHandler
                0x0000000008004ef4      0x524 ./Drivers/STM32F4xx_HAL_Driver/Src/stm32f4xx_hal_uart.o
                0x0000000008004ef4                HAL_UART_IRQHandler
 .text.HAL_UART_TxCpltCallback
                0x0000000008005418       0x14 ./Drivers/STM32F4xx_HAL_Driver/Src/stm32f4xx_hal_uart.o
                0x0000000008005418                HAL_UART_TxCpltCallback
 .text.HAL_UART_ErrorCallback
                0x000000000800542c       0x14 ./Drivers/STM32F4xx_HAL_Driver/Src/stm32f4xx_hal_uart.o
                0x000000000800542c                HAL_UART_ErrorCallback
 .text.HAL_UARTEx_RxEventCallback
                0x0000000008005440       0x18 ./Drivers/STM32F4xx_HAL_Driver/Src/stm32f4xx_hal_uart.o
                0x0000000008005440                HAL_UARTEx_RxEventCallback
 .text.UART_Start_Receive_IT
                0x0000000008005458       0x74 ./Drivers/STM32F4xx_HAL_Driver/Src/stm32f4xx_hal_uart.o
                0x0000000008005458                UART_Start_Receive_IT
 .text.UART_EndRxTransfer
                0x00000000080054cc       0xc6 ./Drivers/STM32F4xx_HAL_Driver/Src/stm32f4xx_hal_uart.o
 .text.UART_DMAAbortOnError
                0x0000000008005592       0x28 ./Drivers/STM32F4xx_HAL_Driver/Src/stm32f4xx_hal_uart.o
 .text.UART_Transmit_IT
                0x00000000080055ba       0xa0 ./Drivers/STM32F4xx_HAL_Driver/Src/stm32f4xx_hal_uart.o
 .text.UART_EndTransmit_IT
                0x000000000800565a       0x30 ./Drivers/STM32F4xx_HAL_Driver/Src/stm32f4xx_hal_uart.o
 .text.UART_Receive_IT
                0x000000000800568a      0x17c ./Drivers/STM32F4xx_HAL_Driver/Src/stm32f4xx_hal_uart.o
 *fill*         0x0000000008005806        0x2 
 .text.UART_SetConfig
                0x0000000008005808      0x4e8 ./Drivers/STM32F4xx_HAL_Driver/Src/stm32f4xx_hal_uart.o
 .text.__NVIC_SetPriority
                0x0000000008005cf0       0x54 ./Middlewares/Third_Party/FreeRTOS/Source/CMSIS_RTOS_V2/cmsis_os2.o
 .text.SysTick_Handler
                0x0000000008005d44       0x20 ./Middlewares/Third_Party/FreeRTOS/Source/CMSIS_RTOS_V2/cmsis_os2.o
                0x0000000008005d44                SysTick_Handler
 .text.SVC_Setup
                0x0000000008005d64       0x12 ./Middlewares/Third_Party/FreeRTOS/Source/CMSIS_RTOS_V2/cmsis_os2.o
 *fill*         0x0000000008005d76        0x2 
 .text.osKernelInitialize
                0x0000000008005d78       0x48 ./Middlewares/Third_Party/FreeRTOS/Source/CMSIS_RTOS_V2/cmsis_os2.o
                0x0000000008005d78                osKernelInitialize
 .text.osKernelStart
                0x0000000008005dc0       0x4c ./Middlewares/Third_Party/FreeRTOS/Source/CMSIS_RTOS_V2/cmsis_os2.o
                0x0000000008005dc0                osKernelStart
 .text.osThreadNew
                0x0000000008005e0c      0x124 ./Middlewares/Third_Party/FreeRTOS/Source/CMSIS_RTOS_V2/cmsis_os2.o
                0x0000000008005e0c                osThreadNew
 .text.osDelay  0x0000000008005f30       0x36 ./Middlewares/Third_Party/FreeRTOS/Source/CMSIS_RTOS_V2/cmsis_os2.o
                0x0000000008005f30                osDelay
 *fill*         0x0000000008005f66        0x2 
 .text.vApplicationGetIdleTaskMemory
                0x0000000008005f68       0x34 ./Middlewares/Third_Party/FreeRTOS/Source/CMSIS_RTOS_V2/cmsis_os2.o
                0x0000000008005f68                vApplicationGetIdleTaskMemory
 .text.vApplicationGetTimerTaskMemory
                0x0000000008005f9c       0x34 ./Middlewares/Third_Party/FreeRTOS/Source/CMSIS_RTOS_V2/cmsis_os2.o
                0x0000000008005f9c                vApplicationGetTimerTaskMemory
 .text.vListInitialise
                0x0000000008005fd0       0x40 ./Middlewares/Third_Party/FreeRTOS/Source/list.o
                0x0000000008005fd0                vListInitialise
 .text.vListInitialiseItem
                0x0000000008006010       0x1a ./Middlewares/Third_Party/FreeRTOS/Source/list.o
                0x0000000008006010                vListInitialiseItem
 .text.vListInsertEnd
                0x000000000800602a       0x48 ./Middlewares/Third_Party/FreeRTOS/Source/list.o
                0x000000000800602a                vListInsertEnd
 .text.vListInsert
                0x0000000008006072       0x72 ./Middlewares/Third_Party/FreeRTOS/Source/list.o
                0x0000000008006072                vListInsert
 .text.uxListRemove
                0x00000000080060e4       0x54 ./Middlewares/Third_Party/FreeRTOS/Source/list.o
                0x00000000080060e4                uxListRemove
 .text.xQueueGenericReset
                0x0000000008006138       0xd0 ./Middlewares/Third_Party/FreeRTOS/Source/queue.o
                0x0000000008006138                xQueueGenericReset
 .text.xQueueGenericCreateStatic
                0x0000000008006208       0xf0 ./Middlewares/Third_Party/FreeRTOS/Source/queue.o
                0x0000000008006208                xQueueGenericCreateStatic
 .text.prvInitialiseNewQueue
                0x00000000080062f8       0x46 ./Middlewares/Third_Party/FreeRTOS/Source/queue.o
 *fill*         0x000000000800633e        0x2 
 .text.xQueueGenericSend
                0x0000000008006340      0x1fc ./Middlewares/Third_Party/FreeRTOS/Source/queue.o
                0x0000000008006340                xQueueGenericSend
 .text.xQueueGenericSendFromISR
                0x000000000800653c      0x136 ./Middlewares/Third_Party/FreeRTOS/Source/queue.o
                0x000000000800653c                xQueueGenericSendFromISR
 *fill*         0x0000000008006672        0x2 
 .text.xQueueReceive
                0x0000000008006674      0x1c0 ./Middlewares/Third_Party/FreeRTOS/Source/queue.o
                0x0000000008006674                xQueueReceive
 .text.prvCopyDataToQueue
                0x0000000008006834       0xd4 ./Middlewares/Third_Party/FreeRTOS/Source/queue.o
 .text.prvCopyDataFromQueue
                0x0000000008006908       0x4c ./Middlewares/Third_Party/FreeRTOS/Source/queue.o
 .text.prvUnlockQueue
                0x0000000008006954       0xa4 ./Middlewares/Third_Party/FreeRTOS/Source/queue.o
 .text.prvIsQueueEmpty
                0x00000000080069f8       0x2c ./Middlewares/Third_Party/FreeRTOS/Source/queue.o
 .text.prvIsQueueFull
                0x0000000008006a24       0x30 ./Middlewares/Third_Party/FreeRTOS/Source/queue.o
 .text.vQueueAddToRegistry
                0x0000000008006a54       0x54 ./Middlewares/Third_Party/FreeRTOS/Source/queue.o
                0x0000000008006a54                vQueueAddToRegistry
 .text.vQueueWaitForMessageRestricted
                0x0000000008006aa8       0x68 ./Middlewares/Third_Party/FreeRTOS/Source/queue.o
                0x0000000008006aa8                vQueueWaitForMessageRestricted
 .text.xTaskCreateStatic
                0x0000000008006b10       0xba ./Middlewares/Third_Party/FreeRTOS/Source/tasks.o
                0x0000000008006b10                xTaskCreateStatic
 .text.xTaskCreate
                0x0000000008006bca       0x8a ./Middlewares/Third_Party/FreeRTOS/Source/tasks.o
                0x0000000008006bca                xTaskCreate
 .text.prvInitialiseNewTask
                0x0000000008006c54      0x14c ./Middlewares/Third_Party/FreeRTOS/Source/tasks.o
 .text.prvAddNewTaskToReadyList
                0x0000000008006da0       0xe0 ./Middlewares/Third_Party/FreeRTOS/Source/tasks.o
 .text.vTaskDelay
                0x0000000008006e80       0x68 ./Middlewares/Third_Party/FreeRTOS/Source/tasks.o
                0x0000000008006e80                vTaskDelay
 .text.vTaskStartScheduler
                0x0000000008006ee8       0xe0 ./Middlewares/Third_Party/FreeRTOS/Source/tasks.o
                0x0000000008006ee8                vTaskStartScheduler
 .text.vTaskSuspendAll
                0x0000000008006fc8       0x1c ./Middlewares/Third_Party/FreeRTOS/Source/tasks.o
                0x0000000008006fc8                vTaskSuspendAll
 .text.xTaskResumeAll
                0x0000000008006fe4      0x13c ./Middlewares/Third_Party/FreeRTOS/Source/tasks.o
                0x0000000008006fe4                xTaskResumeAll
 .text.xTaskGetTickCount
                0x0000000008007120       0x20 ./Middlewares/Third_Party/FreeRTOS/Source/tasks.o
                0x0000000008007120                xTaskGetTickCount
 .text.xTaskIncrementTick
                0x0000000008007140      0x174 ./Middlewares/Third_Party/FreeRTOS/Source/tasks.o
                0x0000000008007140                xTaskIncrementTick
 .text.vTaskSwitchContext
                0x00000000080072b4       0xc8 ./Middlewares/Third_Party/FreeRTOS/Source/tasks.o
                0x00000000080072b4                vTaskSwitchContext
 .text.vTaskPlaceOnEventList
                0x000000000800737c       0x48 ./Middlewares/Third_Party/FreeRTOS/Source/tasks.o
                0x000000000800737c                vTaskPlaceOnEventList
 .text.vTaskPlaceOnEventListRestricted
                0x00000000080073c4       0x58 ./Middlewares/Third_Party/FreeRTOS/Source/tasks.o
                0x00000000080073c4                vTaskPlaceOnEventListRestricted
 .text.xTaskRemoveFromEventList
                0x000000000800741c       0xc8 ./Middlewares/Third_Party/FreeRTOS/Source/tasks.o
                0x000000000800741c                xTaskRemoveFromEventList
 .text.vTaskInternalSetTimeOutState
                0x00000000080074e4       0x2c ./Middlewares/Third_Party/FreeRTOS/Source/tasks.o
                0x00000000080074e4                vTaskInternalSetTimeOutState
 .text.xTaskCheckForTimeOut
                0x0000000008007510       0xc4 ./Middlewares/Third_Party/FreeRTOS/Source/tasks.o
                0x0000000008007510                xTaskCheckForTimeOut
 .text.vTaskMissedYield
                0x00000000080075d4       0x18 ./Middlewares/Third_Party/FreeRTOS/Source/tasks.o
                0x00000000080075d4                vTaskMissedYield
 .text.prvIdleTask
                0x00000000080075ec       0x30 ./Middlewares/Third_Party/FreeRTOS/Source/tasks.o
 .text.prvInitialiseTaskLists
                0x000000000800761c       0x80 ./Middlewares/Third_Party/FreeRTOS/Source/tasks.o
 .text.prvCheckTasksWaitingTermination
                0x000000000800769c       0x5c ./Middlewares/Third_Party/FreeRTOS/Source/tasks.o
 .text.prvDeleteTCB
                0x00000000080076f8       0x68 ./Middlewares/Third_Party/FreeRTOS/Source/tasks.o
 .text.prvResetNextTaskUnblockTime
                0x0000000008007760       0x40 ./Middlewares/Third_Party/FreeRTOS/Source/tasks.o
 .text.xTaskGetSchedulerState
                0x00000000080077a0       0x3c ./Middlewares/Third_Party/FreeRTOS/Source/tasks.o
                0x00000000080077a0                xTaskGetSchedulerState
 .text.xTaskPriorityDisinherit
                0x00000000080077dc       0xdc ./Middlewares/Third_Party/FreeRTOS/Source/tasks.o
                0x00000000080077dc                xTaskPriorityDisinherit
 .text.prvAddCurrentTaskToDelayedList
                0x00000000080078b8       0xa8 ./Middlewares/Third_Party/FreeRTOS/Source/tasks.o
 .text.xTimerCreateTimerTask
                0x0000000008007960       0x90 ./Middlewares/Third_Party/FreeRTOS/Source/timers.o
                0x0000000008007960                xTimerCreateTimerTask
 .text.xTimerGenericCommand
                0x00000000080079f0       0x9c ./Middlewares/Third_Party/FreeRTOS/Source/timers.o
                0x00000000080079f0                xTimerGenericCommand
 .text.prvProcessExpiredTimer
                0x0000000008007a8c       0x98 ./Middlewares/Third_Party/FreeRTOS/Source/timers.o
 .text.prvTimerTask
                0x0000000008007b24       0x24 ./Middlewares/Third_Party/FreeRTOS/Source/timers.o
 .text.prvProcessTimerOrBlockTask
                0x0000000008007b48       0x9c ./Middlewares/Third_Party/FreeRTOS/Source/timers.o
 .text.prvGetNextExpireTime
                0x0000000008007be4       0x48 ./Middlewares/Third_Party/FreeRTOS/Source/timers.o
 .text.prvSampleTimeNow
                0x0000000008007c2c       0x40 ./Middlewares/Third_Party/FreeRTOS/Source/timers.o
 .text.prvInsertTimerInActiveList
                0x0000000008007c6c       0x84 ./Middlewares/Third_Party/FreeRTOS/Source/timers.o
 .text.prvProcessReceivedCommands
                0x0000000008007cf0      0x1c4 ./Middlewares/Third_Party/FreeRTOS/Source/timers.o
 .text.prvSwitchTimerLists
                0x0000000008007eb4       0xc8 ./Middlewares/Third_Party/FreeRTOS/Source/timers.o
 .text.prvCheckForValidListAndQueue
                0x0000000008007f7c       0x80 ./Middlewares/Third_Party/FreeRTOS/Source/timers.o
 .text.pxPortInitialiseStack
                0x0000000008007ffc       0x68 ./Middlewares/Third_Party/FreeRTOS/Source/portable/GCC/ARM_CM4F/port.o
                0x0000000008007ffc                pxPortInitialiseStack
 .text.prvTaskExitError
                0x0000000008008064       0x58 ./Middlewares/Third_Party/FreeRTOS/Source/portable/GCC/ARM_CM4F/port.o
 *fill*         0x00000000080080bc        0x4 
 .text.SVC_Handler
                0x00000000080080c0       0x28 ./Middlewares/Third_Party/FreeRTOS/Source/portable/GCC/ARM_CM4F/port.o
                0x00000000080080c0                SVC_Handler
 .text.prvPortStartFirstTask
                0x00000000080080e8       0x28 ./Middlewares/Third_Party/FreeRTOS/Source/portable/GCC/ARM_CM4F/port.o
 .text.xPortStartScheduler
                0x0000000008008110      0x144 ./Middlewares/Third_Party/FreeRTOS/Source/portable/GCC/ARM_CM4F/port.o
                0x0000000008008110                xPortStartScheduler
 .text.vPortEnterCritical
                0x0000000008008254       0x60 ./Middlewares/Third_Party/FreeRTOS/Source/portable/GCC/ARM_CM4F/port.o
                0x0000000008008254                vPortEnterCritical
 .text.vPortExitCritical
                0x00000000080082b4       0x54 ./Middlewares/Third_Party/FreeRTOS/Source/portable/GCC/ARM_CM4F/port.o
                0x00000000080082b4                vPortExitCritical
 *fill*         0x0000000008008308        0x8 
 .text.PendSV_Handler
                0x0000000008008310       0x68 ./Middlewares/Third_Party/FreeRTOS/Source/portable/GCC/ARM_CM4F/port.o
                0x0000000008008310                PendSV_Handler
 .text.xPortSysTickHandler
                0x0000000008008378       0x44 ./Middlewares/Third_Party/FreeRTOS/Source/portable/GCC/ARM_CM4F/port.o
                0x0000000008008378                xPortSysTickHandler
 .text.vPortSetupTimerInterrupt
                0x00000000080083bc       0x48 ./Middlewares/Third_Party/FreeRTOS/Source/portable/GCC/ARM_CM4F/port.o
                0x00000000080083bc                vPortSetupTimerInterrupt
 .text.vPortEnableVFP
                0x0000000008008404       0x14 ./Middlewares/Third_Party/FreeRTOS/Source/portable/GCC/ARM_CM4F/port.o
 .text.vPortValidateInterruptPriority
                0x0000000008008418       0x80 ./Middlewares/Third_Party/FreeRTOS/Source/portable/GCC/ARM_CM4F/port.o
                0x0000000008008418                vPortValidateInterruptPriority
 .text.pvPortMalloc
                0x0000000008008498      0x198 ./Middlewares/Third_Party/FreeRTOS/Source/portable/MemMang/heap_4.o
                0x0000000008008498                pvPortMalloc
 .text.vPortFree
                0x0000000008008630       0xc4 ./Middlewares/Third_Party/FreeRTOS/Source/portable/MemMang/heap_4.o
                0x0000000008008630                vPortFree
 .text.prvHeapInit
                0x00000000080086f4       0xc4 ./Middlewares/Third_Party/FreeRTOS/Source/portable/MemMang/heap_4.o
 .text.prvInsertBlockIntoFreeList
                0x00000000080087b8       0xb4 ./Middlewares/Third_Party/FreeRTOS/Source/portable/MemMang/heap_4.o
 .text.memset   0x000000000800886c       0x10 C:/ST/STM32CubeIDE_1.13.2/STM32CubeIDE/plugins/com.st.stm32cube.ide.mcu.externaltools.gnu-tools-for-stm32.11.3.rel1.win32_1.1.100.202309141235/tools/bin/../lib/gcc/arm-none-eabi/11.3.1/../../../../arm-none-eabi/lib/thumb/v7e-m+fp/hard\libc_nano.a(libc_a-memset.o)
                0x000000000800886c                memset
 .text._reclaim_reent
                0x000000000800887c       0xac C:/ST/STM32CubeIDE_1.13.2/STM32CubeIDE/plugins/com.st.stm32cube.ide.mcu.externaltools.gnu-tools-for-stm32.11.3.rel1.win32_1.1.100.202309141235/tools/bin/../lib/gcc/arm-none-eabi/11.3.1/../../../../arm-none-eabi/lib/thumb/v7e-m+fp/hard\libc_nano.a(libc_a-reent.o)
                0x000000000800887c                _reclaim_reent
 .text.__libc_init_array
                0x0000000008008928       0x48 C:/ST/STM32CubeIDE_1.13.2/STM32CubeIDE/plugins/com.st.stm32cube.ide.mcu.externaltools.gnu-tools-for-stm32.11.3.rel1.win32_1.1.100.202309141235/tools/bin/../lib/gcc/arm-none-eabi/11.3.1/../../../../arm-none-eabi/lib/thumb/v7e-m+fp/hard\libc_nano.a(libc_a-init.o)
                0x0000000008008928                __libc_init_array
 .text.__retarget_lock_acquire_recursive
                0x0000000008008970        0x2 C:/ST/STM32CubeIDE_1.13.2/STM32CubeIDE/plugins/com.st.stm32cube.ide.mcu.externaltools.gnu-tools-for-stm32.11.3.rel1.win32_1.1.100.202309141235/tools/bin/../lib/gcc/arm-none-eabi/11.3.1/../../../../arm-none-eabi/lib/thumb/v7e-m+fp/hard\libc_nano.a(libc_a-lock.o)
                0x0000000008008970                __retarget_lock_acquire_recursive
 .text.__retarget_lock_release_recursive
                0x0000000008008972        0x2 C:/ST/STM32CubeIDE_1.13.2/STM32CubeIDE/plugins/com.st.stm32cube.ide.mcu.externaltools.gnu-tools-for-stm32.11.3.rel1.win32_1.1.100.202309141235/tools/bin/../lib/gcc/arm-none-eabi/11.3.1/../../../../arm-none-eabi/lib/thumb/v7e-m+fp/hard\libc_nano.a(libc_a-lock.o)
                0x0000000008008972                __retarget_lock_release_recursive
 .text.memcpy   0x0000000008008974       0x1c C:/ST/STM32CubeIDE_1.13.2/STM32CubeIDE/plugins/com.st.stm32cube.ide.mcu.externaltools.gnu-tools-for-stm32.11.3.rel1.win32_1.1.100.202309141235/tools/bin/../lib/gcc/arm-none-eabi/11.3.1/../../../../arm-none-eabi/lib/thumb/v7e-m+fp/hard\libc_nano.a(libc_a-memcpy-stub.o)
                0x0000000008008974                memcpy
 .text._free_r  0x0000000008008990       0x98 C:/ST/STM32CubeIDE_1.13.2/STM32CubeIDE/plugins/com.st.stm32cube.ide.mcu.externaltools.gnu-tools-for-stm32.11.3.rel1.win32_1.1.100.202309141235/tools/bin/../lib/gcc/arm-none-eabi/11.3.1/../../../../arm-none-eabi/lib/thumb/v7e-m+fp/hard\libc_nano.a(libc_a-freer.o)
                0x0000000008008990                _free_r
 .text.__malloc_lock
                0x0000000008008a28        0xc C:/ST/STM32CubeIDE_1.13.2/STM32CubeIDE/plugins/com.st.stm32cube.ide.mcu.externaltools.gnu-tools-for-stm32.11.3.rel1.win32_1.1.100.202309141235/tools/bin/../lib/gcc/arm-none-eabi/11.3.1/../../../../arm-none-eabi/lib/thumb/v7e-m+fp/hard\libc_nano.a(libc_a-mlock.o)
                0x0000000008008a28                __malloc_lock
 .text.__malloc_unlock
                0x0000000008008a34        0xc C:/ST/STM32CubeIDE_1.13.2/STM32CubeIDE/plugins/com.st.stm32cube.ide.mcu.externaltools.gnu-tools-for-stm32.11.3.rel1.win32_1.1.100.202309141235/tools/bin/../lib/gcc/arm-none-eabi/11.3.1/../../../../arm-none-eabi/lib/thumb/v7e-m+fp/hard\libc_nano.a(libc_a-mlock.o)
                0x0000000008008a34                __malloc_unlock
 *(.glue_7)
 .glue_7        0x0000000008008a40        0x0 linker stubs
 *(.glue_7t)
 .glue_7t       0x0000000008008a40        0x0 linker stubs
 *(.eh_frame)
 .eh_frame      0x0000000008008a40        0x0 C:/ST/STM32CubeIDE_1.13.2/STM32CubeIDE/plugins/com.st.stm32cube.ide.mcu.externaltools.gnu-tools-for-stm32.11.3.rel1.win32_1.1.100.202309141235/tools/bin/../lib/gcc/arm-none-eabi/11.3.1/thumb/v7e-m+fp/hard/crtbegin.o
 *(.init)
 .init          0x0000000008008a40        0x4 C:/ST/STM32CubeIDE_1.13.2/STM32CubeIDE/plugins/com.st.stm32cube.ide.mcu.externaltools.gnu-tools-for-stm32.11.3.rel1.win32_1.1.100.202309141235/tools/bin/../lib/gcc/arm-none-eabi/11.3.1/thumb/v7e-m+fp/hard/crti.o
                0x0000000008008a40                _init
 .init          0x0000000008008a44        0x8 C:/ST/STM32CubeIDE_1.13.2/STM32CubeIDE/plugins/com.st.stm32cube.ide.mcu.externaltools.gnu-tools-for-stm32.11.3.rel1.win32_1.1.100.202309141235/tools/bin/../lib/gcc/arm-none-eabi/11.3.1/thumb/v7e-m+fp/hard/crtn.o
 *(.fini)
 .fini          0x0000000008008a4c        0x4 C:/ST/STM32CubeIDE_1.13.2/STM32CubeIDE/plugins/com.st.stm32cube.ide.mcu.externaltools.gnu-tools-for-stm32.11.3.rel1.win32_1.1.100.202309141235/tools/bin/../lib/gcc/arm-none-eabi/11.3.1/thumb/v7e-m+fp/hard/crti.o
                0x0000000008008a4c                _fini
 .fini          0x0000000008008a50        0x8 C:/ST/STM32CubeIDE_1.13.2/STM32CubeIDE/plugins/com.st.stm32cube.ide.mcu.externaltools.gnu-tools-for-stm32.11.3.rel1.win32_1.1.100.202309141235/tools/bin/../lib/gcc/arm-none-eabi/11.3.1/thumb/v7e-m+fp/hard/crtn.o
                0x0000000008008a58                . = ALIGN (0x4)
                0x0000000008008a58                _etext = .

.vfp11_veneer   0x0000000008008a58        0x0
 .vfp11_veneer  0x0000000008008a58        0x0 linker stubs

.v4_bx          0x0000000008008a58        0x0
 .v4_bx         0x0000000008008a58        0x0 linker stubs

.iplt           0x0000000008008a58        0x0
 .iplt          0x0000000008008a58        0x0 C:/ST/STM32CubeIDE_1.13.2/STM32CubeIDE/plugins/com.st.stm32cube.ide.mcu.externaltools.gnu-tools-for-stm32.11.3.rel1.win32_1.1.100.202309141235/tools/bin/../lib/gcc/arm-none-eabi/11.3.1/thumb/v7e-m+fp/hard/crtbegin.o

.rodata         0x0000000008008a58       0x9c
                0x0000000008008a58                . = ALIGN (0x4)
 *(.rodata)
 .rodata        0x0000000008008a58       0x1b ./Core/Src/freertos.o
 *fill*         0x0000000008008a73        0x1 
 .rodata        0x0000000008008a74        0x5 ./Middlewares/Third_Party/FreeRTOS/Source/tasks.o
 *fill*         0x0000000008008a79        0x3 
 .rodata        0x0000000008008a7c        0xd ./Middlewares/Third_Party/FreeRTOS/Source/timers.o
 *(.rodata*)
 *fill*         0x0000000008008a89        0x3 
 .rodata.changeMode_attributes
                0x0000000008008a8c       0x24 ./Core/Src/freertos.o
                0x0000000008008a8c                changeMode_attributes
 .rodata.trigUltrasonic_attributes
                0x0000000008008ab0       0x24 ./Core/Src/freertos.o
                0x0000000008008ab0                trigUltrasonic_attributes
 .rodata.AHBPrescTable
                0x0000000008008ad4       0x10 ./Core/Src/system_stm32f4xx.o
                0x0000000008008ad4                AHBPrescTable
 .rodata.APBPrescTable
                0x0000000008008ae4        0x8 ./Core/Src/system_stm32f4xx.o
                0x0000000008008ae4                APBPrescTable
 .rodata.flagBitshiftOffset.0
                0x0000000008008aec        0x8 ./Drivers/STM32F4xx_HAL_Driver/Src/stm32f4xx_hal_dma.o
                0x0000000008008af4                . = ALIGN (0x4)

.ARM.extab      0x0000000008008af4        0x0
                0x0000000008008af4                . = ALIGN (0x4)
 *(.ARM.extab* .gnu.linkonce.armextab.*)
                0x0000000008008af4                . = ALIGN (0x4)

.ARM            0x0000000008008af4        0x8
                0x0000000008008af4                . = ALIGN (0x4)
                0x0000000008008af4                __exidx_start = .
 *(.ARM.exidx*)
 .ARM.exidx     0x0000000008008af4        0x8 C:/ST/STM32CubeIDE_1.13.2/STM32CubeIDE/plugins/com.st.stm32cube.ide.mcu.externaltools.gnu-tools-for-stm32.11.3.rel1.win32_1.1.100.202309141235/tools/bin/../lib/gcc/arm-none-eabi/11.3.1/thumb/v7e-m+fp/hard\libgcc.a(_udivmoddi4.o)
                0x0000000008008afc                __exidx_end = .
                0x0000000008008afc                . = ALIGN (0x4)

.rel.dyn        0x0000000008008afc        0x0
 .rel.iplt      0x0000000008008afc        0x0 C:/ST/STM32CubeIDE_1.13.2/STM32CubeIDE/plugins/com.st.stm32cube.ide.mcu.externaltools.gnu-tools-for-stm32.11.3.rel1.win32_1.1.100.202309141235/tools/bin/../lib/gcc/arm-none-eabi/11.3.1/thumb/v7e-m+fp/hard/crtbegin.o

.preinit_array  0x0000000008008afc        0x0
                0x0000000008008afc                . = ALIGN (0x4)
                0x0000000008008afc                PROVIDE (__preinit_array_start = .)
 *(.preinit_array*)
                0x0000000008008afc                PROVIDE (__preinit_array_end = .)
                0x0000000008008afc                . = ALIGN (0x4)

.init_array     0x0000000008008afc        0x4
                0x0000000008008afc                . = ALIGN (0x4)
                0x0000000008008afc                PROVIDE (__init_array_start = .)
 *(SORT_BY_NAME(.init_array.*))
 *(.init_array*)
 .init_array    0x0000000008008afc        0x4 C:/ST/STM32CubeIDE_1.13.2/STM32CubeIDE/plugins/com.st.stm32cube.ide.mcu.externaltools.gnu-tools-for-stm32.11.3.rel1.win32_1.1.100.202309141235/tools/bin/../lib/gcc/arm-none-eabi/11.3.1/thumb/v7e-m+fp/hard/crtbegin.o
                0x0000000008008b00                PROVIDE (__init_array_end = .)
                0x0000000008008b00                . = ALIGN (0x4)

.fini_array     0x0000000008008b00        0x4
                0x0000000008008b00                . = ALIGN (0x4)
                [!provide]                        PROVIDE (__fini_array_start = .)
 *(SORT_BY_NAME(.fini_array.*))
 *(.fini_array*)
 .fini_array    0x0000000008008b00        0x4 C:/ST/STM32CubeIDE_1.13.2/STM32CubeIDE/plugins/com.st.stm32cube.ide.mcu.externaltools.gnu-tools-for-stm32.11.3.rel1.win32_1.1.100.202309141235/tools/bin/../lib/gcc/arm-none-eabi/11.3.1/thumb/v7e-m+fp/hard/crtbegin.o
                [!provide]                        PROVIDE (__fini_array_end = .)
                0x0000000008008b04                . = ALIGN (0x4)
                0x0000000008008b04                _sidata = LOADADDR (.data)

.data           0x0000000020000000       0x64 load address 0x0000000008008b04
                0x0000000020000000                . = ALIGN (0x4)
                0x0000000020000000                _sdata = .
 *(.data)
 *(.data*)
 .data.PWM      0x0000000020000000        0x4 ./Core/Src/main.o
                0x0000000020000000                PWM
 .data.SystemCoreClock
                0x0000000020000004        0x4 ./Core/Src/system_stm32f4xx.o
                0x0000000020000004                SystemCoreClock
 .data.uwTickPrio
                0x0000000020000008        0x4 ./Drivers/STM32F4xx_HAL_Driver/Src/stm32f4xx_hal.o
                0x0000000020000008                uwTickPrio
 .data.uwTickFreq
                0x000000002000000c        0x1 ./Drivers/STM32F4xx_HAL_Driver/Src/stm32f4xx_hal.o
                0x000000002000000c                uwTickFreq
 *fill*         0x000000002000000d        0x3 
 .data.uxCriticalNesting
                0x0000000020000010        0x4 ./Middlewares/Third_Party/FreeRTOS/Source/portable/GCC/ARM_CM4F/port.o
 .data._impure_data
                0x0000000020000014       0x4c C:/ST/STM32CubeIDE_1.13.2/STM32CubeIDE/plugins/com.st.stm32cube.ide.mcu.externaltools.gnu-tools-for-stm32.11.3.rel1.win32_1.1.100.202309141235/tools/bin/../lib/gcc/arm-none-eabi/11.3.1/../../../../arm-none-eabi/lib/thumb/v7e-m+fp/hard\libc_nano.a(libc_a-impure.o)
                0x0000000020000014                _impure_data
 .data._impure_ptr
                0x0000000020000060        0x4 C:/ST/STM32CubeIDE_1.13.2/STM32CubeIDE/plugins/com.st.stm32cube.ide.mcu.externaltools.gnu-tools-for-stm32.11.3.rel1.win32_1.1.100.202309141235/tools/bin/../lib/gcc/arm-none-eabi/11.3.1/../../../../arm-none-eabi/lib/thumb/v7e-m+fp/hard\libc_nano.a(libc_a-impure.o)
                0x0000000020000060                _impure_ptr
 *(.RamFunc)
 *(.RamFunc*)
                0x0000000020000064                . = ALIGN (0x4)
                0x0000000020000064                _edata = .

.igot.plt       0x0000000020000064        0x0 load address 0x0000000008008b68
 .igot.plt      0x0000000020000064        0x0 C:/ST/STM32CubeIDE_1.13.2/STM32CubeIDE/plugins/com.st.stm32cube.ide.mcu.externaltools.gnu-tools-for-stm32.11.3.rel1.win32_1.1.100.202309141235/tools/bin/../lib/gcc/arm-none-eabi/11.3.1/thumb/v7e-m+fp/hard/crtbegin.o
                0x0000000020000064                . = ALIGN (0x4)

.bss            0x0000000020000064     0x4f08 load address 0x0000000008008b68
                0x0000000020000064                _sbss = .
                0x0000000020000064                __bss_start__ = _sbss
 *(.bss)
 .bss           0x0000000020000064       0x1c C:/ST/STM32CubeIDE_1.13.2/STM32CubeIDE/plugins/com.st.stm32cube.ide.mcu.externaltools.gnu-tools-for-stm32.11.3.rel1.win32_1.1.100.202309141235/tools/bin/../lib/gcc/arm-none-eabi/11.3.1/thumb/v7e-m+fp/hard/crtbegin.o
 *(.bss*)
 .bss.changeModeHandle
                0x0000000020000080        0x4 ./Core/Src/freertos.o
                0x0000000020000080                changeModeHandle
 .bss.trigUltrasonicHandle
                0x0000000020000084        0x4 ./Core/Src/freertos.o
                0x0000000020000084                trigUltrasonicHandle
 .bss.rx_Data   0x0000000020000088        0x1 ./Core/Src/main.o
                0x0000000020000088                rx_Data
 .bss.state     0x0000000020000089        0x1 ./Core/Src/main.o
                0x0000000020000089                state
 .bss.flag      0x000000002000008a        0x1 ./Core/Src/main.o
                0x000000002000008a                flag
 *fill*         0x000000002000008b        0x1 
 .bss.INC_Value1
                0x000000002000008c        0x4 ./Core/Src/main.o
                0x000000002000008c                INC_Value1
 .bss.INC_Value2
                0x0000000020000090        0x4 ./Core/Src/main.o
                0x0000000020000090                INC_Value2
 .bss.echoTime_front
                0x0000000020000094        0x4 ./Core/Src/main.o
                0x0000000020000094                echoTime_front
 .bss.captureFlag1
                0x0000000020000098        0x1 ./Core/Src/main.o
                0x0000000020000098                captureFlag1
 *fill*         0x0000000020000099        0x3 
 .bss.distance_front
                0x000000002000009c        0x4 ./Core/Src/main.o
                0x000000002000009c                distance_front
 .bss.INC_Value3
                0x00000000200000a0        0x4 ./Core/Src/main.o
                0x00000000200000a0                INC_Value3
 .bss.INC_Value4
                0x00000000200000a4        0x4 ./Core/Src/main.o
                0x00000000200000a4                INC_Value4
 .bss.echoTime_left
                0x00000000200000a8        0x4 ./Core/Src/main.o
                0x00000000200000a8                echoTime_left
 .bss.captureFlag2
                0x00000000200000ac        0x1 ./Core/Src/main.o
                0x00000000200000ac                captureFlag2
 *fill*         0x00000000200000ad        0x3 
 .bss.distance_left
                0x00000000200000b0        0x4 ./Core/Src/main.o
                0x00000000200000b0                distance_left
 .bss.INC_Value5
                0x00000000200000b4        0x4 ./Core/Src/main.o
                0x00000000200000b4                INC_Value5
 .bss.INC_Value6
                0x00000000200000b8        0x4 ./Core/Src/main.o
                0x00000000200000b8                INC_Value6
 .bss.echoTime_right
                0x00000000200000bc        0x4 ./Core/Src/main.o
                0x00000000200000bc                echoTime_right
 .bss.captureFlag3
                0x00000000200000c0        0x1 ./Core/Src/main.o
                0x00000000200000c0                captureFlag3
 *fill*         0x00000000200000c1        0x3 
 .bss.distance_right
                0x00000000200000c4        0x4 ./Core/Src/main.o
                0x00000000200000c4                distance_right
 .bss.htim9     0x00000000200000c8       0x48 ./Core/Src/stm32f4xx_hal_timebase_tim.o
                0x00000000200000c8                htim9
 .bss.htim1     0x0000000020000110       0x48 ./Core/Src/tim.o
                0x0000000020000110                htim1
 .bss.htim2     0x0000000020000158       0x48 ./Core/Src/tim.o
                0x0000000020000158                htim2
 .bss.htim4     0x00000000200001a0       0x48 ./Core/Src/tim.o
                0x00000000200001a0                htim4
 .bss.htim5     0x00000000200001e8       0x48 ./Core/Src/tim.o
                0x00000000200001e8                htim5
 .bss.hdma_tim1_ch1
                0x0000000020000230       0x60 ./Core/Src/tim.o
                0x0000000020000230                hdma_tim1_ch1
 .bss.hdma_tim2_ch1
                0x0000000020000290       0x60 ./Core/Src/tim.o
                0x0000000020000290                hdma_tim2_ch1
 .bss.hdma_tim5_ch1
                0x00000000200002f0       0x60 ./Core/Src/tim.o
                0x00000000200002f0                hdma_tim5_ch1
 .bss.huart1    0x0000000020000350       0x48 ./Core/Src/usart.o
                0x0000000020000350                huart1
 .bss.huart2    0x0000000020000398       0x48 ./Core/Src/usart.o
                0x0000000020000398                huart2
 .bss.hdma_usart2_rx
                0x00000000200003e0       0x60 ./Core/Src/usart.o
                0x00000000200003e0                hdma_usart2_rx
 .bss.uwTick    0x0000000020000440        0x4 ./Drivers/STM32F4xx_HAL_Driver/Src/stm32f4xx_hal.o
                0x0000000020000440                uwTick
 .bss.KernelState
                0x0000000020000444        0x4 ./Middlewares/Third_Party/FreeRTOS/Source/CMSIS_RTOS_V2/cmsis_os2.o
 .bss.Idle_TCB.3
                0x0000000020000448       0xa8 ./Middlewares/Third_Party/FreeRTOS/Source/CMSIS_RTOS_V2/cmsis_os2.o
 .bss.Idle_Stack.2
                0x00000000200004f0      0x200 ./Middlewares/Third_Party/FreeRTOS/Source/CMSIS_RTOS_V2/cmsis_os2.o
 .bss.Timer_TCB.1
                0x00000000200006f0       0xa8 ./Middlewares/Third_Party/FreeRTOS/Source/CMSIS_RTOS_V2/cmsis_os2.o
 .bss.Timer_Stack.0
                0x0000000020000798      0x400 ./Middlewares/Third_Party/FreeRTOS/Source/CMSIS_RTOS_V2/cmsis_os2.o
 .bss.xQueueRegistry
                0x0000000020000b98       0x40 ./Middlewares/Third_Party/FreeRTOS/Source/queue.o
                0x0000000020000b98                xQueueRegistry
 .bss.pxCurrentTCB
                0x0000000020000bd8        0x4 ./Middlewares/Third_Party/FreeRTOS/Source/tasks.o
                0x0000000020000bd8                pxCurrentTCB
 .bss.pxReadyTasksLists
                0x0000000020000bdc      0x460 ./Middlewares/Third_Party/FreeRTOS/Source/tasks.o
 .bss.xDelayedTaskList1
                0x000000002000103c       0x14 ./Middlewares/Third_Party/FreeRTOS/Source/tasks.o
 .bss.xDelayedTaskList2
                0x0000000020001050       0x14 ./Middlewares/Third_Party/FreeRTOS/Source/tasks.o
 .bss.pxDelayedTaskList
                0x0000000020001064        0x4 ./Middlewares/Third_Party/FreeRTOS/Source/tasks.o
 .bss.pxOverflowDelayedTaskList
                0x0000000020001068        0x4 ./Middlewares/Third_Party/FreeRTOS/Source/tasks.o
 .bss.xPendingReadyList
                0x000000002000106c       0x14 ./Middlewares/Third_Party/FreeRTOS/Source/tasks.o
 .bss.xTasksWaitingTermination
                0x0000000020001080       0x14 ./Middlewares/Third_Party/FreeRTOS/Source/tasks.o
 .bss.uxDeletedTasksWaitingCleanUp
                0x0000000020001094        0x4 ./Middlewares/Third_Party/FreeRTOS/Source/tasks.o
 .bss.xSuspendedTaskList
                0x0000000020001098       0x14 ./Middlewares/Third_Party/FreeRTOS/Source/tasks.o
 .bss.uxCurrentNumberOfTasks
                0x00000000200010ac        0x4 ./Middlewares/Third_Party/FreeRTOS/Source/tasks.o
 .bss.xTickCount
                0x00000000200010b0        0x4 ./Middlewares/Third_Party/FreeRTOS/Source/tasks.o
 .bss.uxTopReadyPriority
                0x00000000200010b4        0x4 ./Middlewares/Third_Party/FreeRTOS/Source/tasks.o
 .bss.xSchedulerRunning
                0x00000000200010b8        0x4 ./Middlewares/Third_Party/FreeRTOS/Source/tasks.o
 .bss.xPendedTicks
                0x00000000200010bc        0x4 ./Middlewares/Third_Party/FreeRTOS/Source/tasks.o
 .bss.xYieldPending
                0x00000000200010c0        0x4 ./Middlewares/Third_Party/FreeRTOS/Source/tasks.o
 .bss.xNumOfOverflows
                0x00000000200010c4        0x4 ./Middlewares/Third_Party/FreeRTOS/Source/tasks.o
 .bss.uxTaskNumber
                0x00000000200010c8        0x4 ./Middlewares/Third_Party/FreeRTOS/Source/tasks.o
 .bss.xNextTaskUnblockTime
                0x00000000200010cc        0x4 ./Middlewares/Third_Party/FreeRTOS/Source/tasks.o
 .bss.xIdleTaskHandle
                0x00000000200010d0        0x4 ./Middlewares/Third_Party/FreeRTOS/Source/tasks.o
 .bss.uxSchedulerSuspended
                0x00000000200010d4        0x4 ./Middlewares/Third_Party/FreeRTOS/Source/tasks.o
 .bss.xActiveTimerList1
                0x00000000200010d8       0x14 ./Middlewares/Third_Party/FreeRTOS/Source/timers.o
 .bss.xActiveTimerList2
                0x00000000200010ec       0x14 ./Middlewares/Third_Party/FreeRTOS/Source/timers.o
 .bss.pxCurrentTimerList
                0x0000000020001100        0x4 ./Middlewares/Third_Party/FreeRTOS/Source/timers.o
 .bss.pxOverflowTimerList
                0x0000000020001104        0x4 ./Middlewares/Third_Party/FreeRTOS/Source/timers.o
 .bss.xTimerQueue
                0x0000000020001108        0x4 ./Middlewares/Third_Party/FreeRTOS/Source/timers.o
 .bss.xTimerTaskHandle
                0x000000002000110c        0x4 ./Middlewares/Third_Party/FreeRTOS/Source/timers.o
 .bss.xLastTime.2
                0x0000000020001110        0x4 ./Middlewares/Third_Party/FreeRTOS/Source/timers.o
 .bss.ucStaticTimerQueueStorage.1
                0x0000000020001114       0xa0 ./Middlewares/Third_Party/FreeRTOS/Source/timers.o
 .bss.xStaticTimerQueue.0
                0x00000000200011b4       0x50 ./Middlewares/Third_Party/FreeRTOS/Source/timers.o
 .bss.ucMaxSysCallPriority
                0x0000000020001204        0x1 ./Middlewares/Third_Party/FreeRTOS/Source/portable/GCC/ARM_CM4F/port.o
 *fill*         0x0000000020001205        0x3 
 .bss.ulMaxPRIGROUPValue
                0x0000000020001208        0x4 ./Middlewares/Third_Party/FreeRTOS/Source/portable/GCC/ARM_CM4F/port.o
 .bss.ucHeap    0x000000002000120c     0x3c00 ./Middlewares/Third_Party/FreeRTOS/Source/portable/MemMang/heap_4.o
 .bss.xStart    0x0000000020004e0c        0x8 ./Middlewares/Third_Party/FreeRTOS/Source/portable/MemMang/heap_4.o
 .bss.pxEnd     0x0000000020004e14        0x4 ./Middlewares/Third_Party/FreeRTOS/Source/portable/MemMang/heap_4.o
 .bss.xFreeBytesRemaining
                0x0000000020004e18        0x4 ./Middlewares/Third_Party/FreeRTOS/Source/portable/MemMang/heap_4.o
 .bss.xMinimumEverFreeBytesRemaining
                0x0000000020004e1c        0x4 ./Middlewares/Third_Party/FreeRTOS/Source/portable/MemMang/heap_4.o
 .bss.xNumberOfSuccessfulAllocations
                0x0000000020004e20        0x4 ./Middlewares/Third_Party/FreeRTOS/Source/portable/MemMang/heap_4.o
 .bss.xNumberOfSuccessfulFrees
                0x0000000020004e24        0x4 ./Middlewares/Third_Party/FreeRTOS/Source/portable/MemMang/heap_4.o
 .bss.xBlockAllocatedBit
                0x0000000020004e28        0x4 ./Middlewares/Third_Party/FreeRTOS/Source/portable/MemMang/heap_4.o
 .bss.__sf      0x0000000020004e2c      0x138 C:/ST/STM32CubeIDE_1.13.2/STM32CubeIDE/plugins/com.st.stm32cube.ide.mcu.externaltools.gnu-tools-for-stm32.11.3.rel1.win32_1.1.100.202309141235/tools/bin/../lib/gcc/arm-none-eabi/11.3.1/../../../../arm-none-eabi/lib/thumb/v7e-m+fp/hard\libc_nano.a(libc_a-findfp.o)
                0x0000000020004e2c                __sf
 .bss.__lock___malloc_recursive_mutex
                0x0000000020004f64        0x1 C:/ST/STM32CubeIDE_1.13.2/STM32CubeIDE/plugins/com.st.stm32cube.ide.mcu.externaltools.gnu-tools-for-stm32.11.3.rel1.win32_1.1.100.202309141235/tools/bin/../lib/gcc/arm-none-eabi/11.3.1/../../../../arm-none-eabi/lib/thumb/v7e-m+fp/hard\libc_nano.a(libc_a-lock.o)
                0x0000000020004f64                __lock___malloc_recursive_mutex
 *fill*         0x0000000020004f65        0x3 
 .bss.__malloc_free_list
                0x0000000020004f68        0x4 C:/ST/STM32CubeIDE_1.13.2/STM32CubeIDE/plugins/com.st.stm32cube.ide.mcu.externaltools.gnu-tools-for-stm32.11.3.rel1.win32_1.1.100.202309141235/tools/bin/../lib/gcc/arm-none-eabi/11.3.1/../../../../arm-none-eabi/lib/thumb/v7e-m+fp/hard\libc_nano.a(libc_a-mallocr.o)
                0x0000000020004f68                __malloc_free_list
 *(COMMON)
                0x0000000020004f6c                . = ALIGN (0x4)
                0x0000000020004f6c                _ebss = .
                0x0000000020004f6c                __bss_end__ = _ebss

._user_heap_stack
                0x0000000020004f6c      0x604 load address 0x0000000008008b68
                0x0000000020004f70                . = ALIGN (0x8)
 *fill*         0x0000000020004f6c        0x4 
                [!provide]                        PROVIDE (end = .)
                0x0000000020004f70                PROVIDE (_end = .)
                0x0000000020005170                . = (. + _Min_Heap_Size)
 *fill*         0x0000000020004f70      0x200 
                0x0000000020005570                . = (. + _Min_Stack_Size)
 *fill*         0x0000000020005170      0x400 
                0x0000000020005570                . = ALIGN (0x8)

/DISCARD/
 libc.a(*)
 libm.a(*)
 libgcc.a(*)

.ARM.attributes
                0x0000000000000000       0x30
 *(.ARM.attributes)
 .ARM.attributes
                0x0000000000000000       0x1e C:/ST/STM32CubeIDE_1.13.2/STM32CubeIDE/plugins/com.st.stm32cube.ide.mcu.externaltools.gnu-tools-for-stm32.11.3.rel1.win32_1.1.100.202309141235/tools/bin/../lib/gcc/arm-none-eabi/11.3.1/thumb/v7e-m+fp/hard/crti.o
 .ARM.attributes
                0x000000000000001e       0x34 C:/ST/STM32CubeIDE_1.13.2/STM32CubeIDE/plugins/com.st.stm32cube.ide.mcu.externaltools.gnu-tools-for-stm32.11.3.rel1.win32_1.1.100.202309141235/tools/bin/../lib/gcc/arm-none-eabi/11.3.1/thumb/v7e-m+fp/hard/crtbegin.o
 .ARM.attributes
                0x0000000000000052       0x34 ./Core/Src/dma.o
 .ARM.attributes
                0x0000000000000086       0x34 ./Core/Src/freertos.o
 .ARM.attributes
                0x00000000000000ba       0x34 ./Core/Src/gpio.o
 .ARM.attributes
                0x00000000000000ee       0x34 ./Core/Src/main.o
 .ARM.attributes
                0x0000000000000122       0x34 ./Core/Src/stm32f4xx_hal_msp.o
 .ARM.attributes
                0x0000000000000156       0x34 ./Core/Src/stm32f4xx_hal_timebase_tim.o
 .ARM.attributes
                0x000000000000018a       0x34 ./Core/Src/stm32f4xx_it.o
 .ARM.attributes
                0x00000000000001be       0x34 ./Core/Src/system_stm32f4xx.o
 .ARM.attributes
                0x00000000000001f2       0x34 ./Core/Src/tim.o
 .ARM.attributes
                0x0000000000000226       0x34 ./Core/Src/usart.o
 .ARM.attributes
                0x000000000000025a       0x21 ./Core/Startup/startup_stm32f411retx.o
 .ARM.attributes
                0x000000000000027b       0x34 ./Drivers/STM32F4xx_HAL_Driver/Src/stm32f4xx_hal.o
 .ARM.attributes
                0x00000000000002af       0x34 ./Drivers/STM32F4xx_HAL_Driver/Src/stm32f4xx_hal_cortex.o
 .ARM.attributes
                0x00000000000002e3       0x34 ./Drivers/STM32F4xx_HAL_Driver/Src/stm32f4xx_hal_dma.o
 .ARM.attributes
                0x0000000000000317       0x34 ./Drivers/STM32F4xx_HAL_Driver/Src/stm32f4xx_hal_gpio.o
 .ARM.attributes
                0x000000000000034b       0x34 ./Drivers/STM32F4xx_HAL_Driver/Src/stm32f4xx_hal_rcc.o
 .ARM.attributes
                0x000000000000037f       0x34 ./Drivers/STM32F4xx_HAL_Driver/Src/stm32f4xx_hal_tim.o
 .ARM.attributes
                0x00000000000003b3       0x34 ./Drivers/STM32F4xx_HAL_Driver/Src/stm32f4xx_hal_tim_ex.o
 .ARM.attributes
                0x00000000000003e7       0x34 ./Drivers/STM32F4xx_HAL_Driver/Src/stm32f4xx_hal_uart.o
 .ARM.attributes
                0x000000000000041b       0x34 ./Middlewares/Third_Party/FreeRTOS/Source/CMSIS_RTOS_V2/cmsis_os2.o
 .ARM.attributes
                0x000000000000044f       0x34 ./Middlewares/Third_Party/FreeRTOS/Source/list.o
 .ARM.attributes
                0x0000000000000483       0x34 ./Middlewares/Third_Party/FreeRTOS/Source/queue.o
 .ARM.attributes
                0x00000000000004b7       0x34 ./Middlewares/Third_Party/FreeRTOS/Source/tasks.o
 .ARM.attributes
                0x00000000000004eb       0x34 ./Middlewares/Third_Party/FreeRTOS/Source/timers.o
 .ARM.attributes
                0x000000000000051f       0x34 ./Middlewares/Third_Party/FreeRTOS/Source/portable/GCC/ARM_CM4F/port.o
 .ARM.attributes
                0x0000000000000553       0x34 ./Middlewares/Third_Party/FreeRTOS/Source/portable/MemMang/heap_4.o
 .ARM.attributes
                0x0000000000000587       0x34 C:/ST/STM32CubeIDE_1.13.2/STM32CubeIDE/plugins/com.st.stm32cube.ide.mcu.externaltools.gnu-tools-for-stm32.11.3.rel1.win32_1.1.100.202309141235/tools/bin/../lib/gcc/arm-none-eabi/11.3.1/../../../../arm-none-eabi/lib/thumb/v7e-m+fp/hard\libc_nano.a(libc_a-findfp.o)
 .ARM.attributes
                0x00000000000005bb       0x34 C:/ST/STM32CubeIDE_1.13.2/STM32CubeIDE/plugins/com.st.stm32cube.ide.mcu.externaltools.gnu-tools-for-stm32.11.3.rel1.win32_1.1.100.202309141235/tools/bin/../lib/gcc/arm-none-eabi/11.3.1/../../../../arm-none-eabi/lib/thumb/v7e-m+fp/hard\libc_nano.a(libc_a-memset.o)
 .ARM.attributes
                0x00000000000005ef       0x34 C:/ST/STM32CubeIDE_1.13.2/STM32CubeIDE/plugins/com.st.stm32cube.ide.mcu.externaltools.gnu-tools-for-stm32.11.3.rel1.win32_1.1.100.202309141235/tools/bin/../lib/gcc/arm-none-eabi/11.3.1/../../../../arm-none-eabi/lib/thumb/v7e-m+fp/hard\libc_nano.a(libc_a-reent.o)
 .ARM.attributes
                0x0000000000000623       0x34 C:/ST/STM32CubeIDE_1.13.2/STM32CubeIDE/plugins/com.st.stm32cube.ide.mcu.externaltools.gnu-tools-for-stm32.11.3.rel1.win32_1.1.100.202309141235/tools/bin/../lib/gcc/arm-none-eabi/11.3.1/../../../../arm-none-eabi/lib/thumb/v7e-m+fp/hard\libc_nano.a(libc_a-impure.o)
 .ARM.attributes
                0x0000000000000657       0x34 C:/ST/STM32CubeIDE_1.13.2/STM32CubeIDE/plugins/com.st.stm32cube.ide.mcu.externaltools.gnu-tools-for-stm32.11.3.rel1.win32_1.1.100.202309141235/tools/bin/../lib/gcc/arm-none-eabi/11.3.1/../../../../arm-none-eabi/lib/thumb/v7e-m+fp/hard\libc_nano.a(libc_a-init.o)
 .ARM.attributes
                0x000000000000068b       0x34 C:/ST/STM32CubeIDE_1.13.2/STM32CubeIDE/plugins/com.st.stm32cube.ide.mcu.externaltools.gnu-tools-for-stm32.11.3.rel1.win32_1.1.100.202309141235/tools/bin/../lib/gcc/arm-none-eabi/11.3.1/../../../../arm-none-eabi/lib/thumb/v7e-m+fp/hard\libc_nano.a(libc_a-lock.o)
 .ARM.attributes
                0x00000000000006bf       0x34 C:/ST/STM32CubeIDE_1.13.2/STM32CubeIDE/plugins/com.st.stm32cube.ide.mcu.externaltools.gnu-tools-for-stm32.11.3.rel1.win32_1.1.100.202309141235/tools/bin/../lib/gcc/arm-none-eabi/11.3.1/../../../../arm-none-eabi/lib/thumb/v7e-m+fp/hard\libc_nano.a(libc_a-memcpy-stub.o)
 .ARM.attributes
                0x00000000000006f3       0x34 C:/ST/STM32CubeIDE_1.13.2/STM32CubeIDE/plugins/com.st.stm32cube.ide.mcu.externaltools.gnu-tools-for-stm32.11.3.rel1.win32_1.1.100.202309141235/tools/bin/../lib/gcc/arm-none-eabi/11.3.1/../../../../arm-none-eabi/lib/thumb/v7e-m+fp/hard\libc_nano.a(libc_a-freer.o)
 .ARM.attributes
                0x0000000000000727       0x34 C:/ST/STM32CubeIDE_1.13.2/STM32CubeIDE/plugins/com.st.stm32cube.ide.mcu.externaltools.gnu-tools-for-stm32.11.3.rel1.win32_1.1.100.202309141235/tools/bin/../lib/gcc/arm-none-eabi/11.3.1/../../../../arm-none-eabi/lib/thumb/v7e-m+fp/hard\libc_nano.a(libc_a-mallocr.o)
 .ARM.attributes
                0x000000000000075b       0x34 C:/ST/STM32CubeIDE_1.13.2/STM32CubeIDE/plugins/com.st.stm32cube.ide.mcu.externaltools.gnu-tools-for-stm32.11.3.rel1.win32_1.1.100.202309141235/tools/bin/../lib/gcc/arm-none-eabi/11.3.1/../../../../arm-none-eabi/lib/thumb/v7e-m+fp/hard\libc_nano.a(libc_a-mlock.o)
 .ARM.attributes
                0x000000000000078f       0x1e C:/ST/STM32CubeIDE_1.13.2/STM32CubeIDE/plugins/com.st.stm32cube.ide.mcu.externaltools.gnu-tools-for-stm32.11.3.rel1.win32_1.1.100.202309141235/tools/bin/../lib/gcc/arm-none-eabi/11.3.1/thumb/v7e-m+fp/hard\libgcc.a(_aeabi_uldivmod.o)
 .ARM.attributes
                0x00000000000007ad       0x34 C:/ST/STM32CubeIDE_1.13.2/STM32CubeIDE/plugins/com.st.stm32cube.ide.mcu.externaltools.gnu-tools-for-stm32.11.3.rel1.win32_1.1.100.202309141235/tools/bin/../lib/gcc/arm-none-eabi/11.3.1/thumb/v7e-m+fp/hard\libgcc.a(_udivmoddi4.o)
 .ARM.attributes
                0x00000000000007e1       0x1e C:/ST/STM32CubeIDE_1.13.2/STM32CubeIDE/plugins/com.st.stm32cube.ide.mcu.externaltools.gnu-tools-for-stm32.11.3.rel1.win32_1.1.100.202309141235/tools/bin/../lib/gcc/arm-none-eabi/11.3.1/thumb/v7e-m+fp/hard\libgcc.a(_dvmd_tls.o)
 .ARM.attributes
                0x00000000000007ff       0x1e C:/ST/STM32CubeIDE_1.13.2/STM32CubeIDE/plugins/com.st.stm32cube.ide.mcu.externaltools.gnu-tools-for-stm32.11.3.rel1.win32_1.1.100.202309141235/tools/bin/../lib/gcc/arm-none-eabi/11.3.1/thumb/v7e-m+fp/hard/crtn.o
OUTPUT(UART_02_22.elf elf32-littlearm)
LOAD linker stubs
LOAD C:/ST/STM32CubeIDE_1.13.2/STM32CubeIDE/plugins/com.st.stm32cube.ide.mcu.externaltools.gnu-tools-for-stm32.11.3.rel1.win32_1.1.100.202309141235/tools/bin/../lib/gcc/arm-none-eabi/11.3.1/../../../../arm-none-eabi/lib/thumb/v7e-m+fp/hard\libc.a
LOAD C:/ST/STM32CubeIDE_1.13.2/STM32CubeIDE/plugins/com.st.stm32cube.ide.mcu.externaltools.gnu-tools-for-stm32.11.3.rel1.win32_1.1.100.202309141235/tools/bin/../lib/gcc/arm-none-eabi/11.3.1/../../../../arm-none-eabi/lib/thumb/v7e-m+fp/hard\libm.a
LOAD C:/ST/STM32CubeIDE_1.13.2/STM32CubeIDE/plugins/com.st.stm32cube.ide.mcu.externaltools.gnu-tools-for-stm32.11.3.rel1.win32_1.1.100.202309141235/tools/bin/../lib/gcc/arm-none-eabi/11.3.1/thumb/v7e-m+fp/hard\libgcc.a

.comment        0x0000000000000000       0x43
 .comment       0x0000000000000000       0x43 C:/ST/STM32CubeIDE_1.13.2/STM32CubeIDE/plugins/com.st.stm32cube.ide.mcu.externaltools.gnu-tools-for-stm32.11.3.rel1.win32_1.1.100.202309141235/tools/bin/../lib/gcc/arm-none-eabi/11.3.1/thumb/v7e-m+fp/hard/crtbegin.o
                                         0x44 (size before relaxing)
 .comment       0x0000000000000043       0x44 ./Core/Src/dma.o
 .comment       0x0000000000000043       0x44 ./Core/Src/freertos.o
 .comment       0x0000000000000043       0x44 ./Core/Src/gpio.o
 .comment       0x0000000000000043       0x44 ./Core/Src/main.o
 .comment       0x0000000000000043       0x44 ./Core/Src/stm32f4xx_hal_msp.o
 .comment       0x0000000000000043       0x44 ./Core/Src/stm32f4xx_hal_timebase_tim.o
 .comment       0x0000000000000043       0x44 ./Core/Src/stm32f4xx_it.o
 .comment       0x0000000000000043       0x44 ./Core/Src/system_stm32f4xx.o
 .comment       0x0000000000000043       0x44 ./Core/Src/tim.o
 .comment       0x0000000000000043       0x44 ./Core/Src/usart.o
 .comment       0x0000000000000043       0x44 ./Drivers/STM32F4xx_HAL_Driver/Src/stm32f4xx_hal.o
 .comment       0x0000000000000043       0x44 ./Drivers/STM32F4xx_HAL_Driver/Src/stm32f4xx_hal_cortex.o
 .comment       0x0000000000000043       0x44 ./Drivers/STM32F4xx_HAL_Driver/Src/stm32f4xx_hal_dma.o
 .comment       0x0000000000000043       0x44 ./Drivers/STM32F4xx_HAL_Driver/Src/stm32f4xx_hal_gpio.o
 .comment       0x0000000000000043       0x44 ./Drivers/STM32F4xx_HAL_Driver/Src/stm32f4xx_hal_rcc.o
 .comment       0x0000000000000043       0x44 ./Drivers/STM32F4xx_HAL_Driver/Src/stm32f4xx_hal_tim.o
 .comment       0x0000000000000043       0x44 ./Drivers/STM32F4xx_HAL_Driver/Src/stm32f4xx_hal_tim_ex.o
 .comment       0x0000000000000043       0x44 ./Drivers/STM32F4xx_HAL_Driver/Src/stm32f4xx_hal_uart.o
 .comment       0x0000000000000043       0x44 ./Middlewares/Third_Party/FreeRTOS/Source/CMSIS_RTOS_V2/cmsis_os2.o
 .comment       0x0000000000000043       0x44 ./Middlewares/Third_Party/FreeRTOS/Source/list.o
 .comment       0x0000000000000043       0x44 ./Middlewares/Third_Party/FreeRTOS/Source/queue.o
 .comment       0x0000000000000043       0x44 ./Middlewares/Third_Party/FreeRTOS/Source/tasks.o
 .comment       0x0000000000000043       0x44 ./Middlewares/Third_Party/FreeRTOS/Source/timers.o
 .comment       0x0000000000000043       0x44 ./Middlewares/Third_Party/FreeRTOS/Source/portable/GCC/ARM_CM4F/port.o
 .comment       0x0000000000000043       0x44 ./Middlewares/Third_Party/FreeRTOS/Source/portable/MemMang/heap_4.o

.debug_info     0x0000000000000000    0x1a373
 .debug_info    0x0000000000000000      0x45e ./Core/Src/dma.o
 .debug_info    0x000000000000045e      0x3cf ./Core/Src/freertos.o
 .debug_info    0x000000000000082d      0x433 ./Core/Src/gpio.o
 .debug_info    0x0000000000000c60     0x125b ./Core/Src/main.o
 .debug_info    0x0000000000001ebb      0x44f ./Core/Src/stm32f4xx_hal_msp.o
 .debug_info    0x000000000000230a      0xb75 ./Core/Src/stm32f4xx_hal_timebase_tim.o
 .debug_info    0x0000000000002e7f      0xa21 ./Core/Src/stm32f4xx_it.o
 .debug_info    0x00000000000038a0      0x53e ./Core/Src/system_stm32f4xx.o
 .debug_info    0x0000000000003dde     0x1115 ./Core/Src/tim.o
 .debug_info    0x0000000000004ef3      0xbdf ./Core/Src/usart.o
 .debug_info    0x0000000000005ad2       0x23 ./Core/Startup/startup_stm32f411retx.o
 .debug_info    0x0000000000005af5      0x8c4 ./Drivers/STM32F4xx_HAL_Driver/Src/stm32f4xx_hal.o
 .debug_info    0x00000000000063b9      0xcc7 ./Drivers/STM32F4xx_HAL_Driver/Src/stm32f4xx_hal_cortex.o
 .debug_info    0x0000000000007080      0x8e6 ./Drivers/STM32F4xx_HAL_Driver/Src/stm32f4xx_hal_dma.o
 .debug_info    0x0000000000007966      0x6f9 ./Drivers/STM32F4xx_HAL_Driver/Src/stm32f4xx_hal_gpio.o
 .debug_info    0x000000000000805f      0x8f2 ./Drivers/STM32F4xx_HAL_Driver/Src/stm32f4xx_hal_rcc.o
 .debug_info    0x0000000000008951     0x2996 ./Drivers/STM32F4xx_HAL_Driver/Src/stm32f4xx_hal_tim.o
 .debug_info    0x000000000000b2e7     0x14d4 ./Drivers/STM32F4xx_HAL_Driver/Src/stm32f4xx_hal_tim_ex.o
 .debug_info    0x000000000000c7bb     0x2f56 ./Drivers/STM32F4xx_HAL_Driver/Src/stm32f4xx_hal_uart.o
 .debug_info    0x000000000000f711     0x4078 ./Middlewares/Third_Party/FreeRTOS/Source/CMSIS_RTOS_V2/cmsis_os2.o
 .debug_info    0x0000000000013789      0x2af ./Middlewares/Third_Party/FreeRTOS/Source/list.o
 .debug_info    0x0000000000013a38     0x1b79 ./Middlewares/Third_Party/FreeRTOS/Source/queue.o
 .debug_info    0x00000000000155b1     0x28c0 ./Middlewares/Third_Party/FreeRTOS/Source/tasks.o
 .debug_info    0x0000000000017e71     0x1b4f ./Middlewares/Third_Party/FreeRTOS/Source/timers.o
 .debug_info    0x00000000000199c0      0x4de ./Middlewares/Third_Party/FreeRTOS/Source/portable/GCC/ARM_CM4F/port.o
 .debug_info    0x0000000000019e9e      0x4d5 ./Middlewares/Third_Party/FreeRTOS/Source/portable/MemMang/heap_4.o

.debug_abbrev   0x0000000000000000     0x3bf1
 .debug_abbrev  0x0000000000000000      0x11b ./Core/Src/dma.o
 .debug_abbrev  0x000000000000011b      0x12f ./Core/Src/freertos.o
 .debug_abbrev  0x000000000000024a      0x151 ./Core/Src/gpio.o
 .debug_abbrev  0x000000000000039b      0x359 ./Core/Src/main.o
 .debug_abbrev  0x00000000000006f4      0x119 ./Core/Src/stm32f4xx_hal_msp.o
 .debug_abbrev  0x000000000000080d      0x207 ./Core/Src/stm32f4xx_hal_timebase_tim.o
 .debug_abbrev  0x0000000000000a14      0x1b6 ./Core/Src/stm32f4xx_it.o
 .debug_abbrev  0x0000000000000bca      0x11a ./Core/Src/system_stm32f4xx.o
 .debug_abbrev  0x0000000000000ce4      0x2a0 ./Core/Src/tim.o
 .debug_abbrev  0x0000000000000f84      0x231 ./Core/Src/usart.o
 .debug_abbrev  0x00000000000011b5       0x12 ./Core/Startup/startup_stm32f411retx.o
 .debug_abbrev  0x00000000000011c7      0x24b ./Drivers/STM32F4xx_HAL_Driver/Src/stm32f4xx_hal.o
 .debug_abbrev  0x0000000000001412      0x328 ./Drivers/STM32F4xx_HAL_Driver/Src/stm32f4xx_hal_cortex.o
 .debug_abbrev  0x000000000000173a      0x221 ./Drivers/STM32F4xx_HAL_Driver/Src/stm32f4xx_hal_dma.o
 .debug_abbrev  0x000000000000195b      0x1d3 ./Drivers/STM32F4xx_HAL_Driver/Src/stm32f4xx_hal_gpio.o
 .debug_abbrev  0x0000000000001b2e      0x2b5 ./Drivers/STM32F4xx_HAL_Driver/Src/stm32f4xx_hal_rcc.o
 .debug_abbrev  0x0000000000001de3      0x28b ./Drivers/STM32F4xx_HAL_Driver/Src/stm32f4xx_hal_tim.o
 .debug_abbrev  0x000000000000206e      0x296 ./Drivers/STM32F4xx_HAL_Driver/Src/stm32f4xx_hal_tim_ex.o
 .debug_abbrev  0x0000000000002304      0x31b ./Drivers/STM32F4xx_HAL_Driver/Src/stm32f4xx_hal_uart.o
 .debug_abbrev  0x000000000000261f      0x548 ./Middlewares/Third_Party/FreeRTOS/Source/CMSIS_RTOS_V2/cmsis_os2.o
 .debug_abbrev  0x0000000000002b67       0xf5 ./Middlewares/Third_Party/FreeRTOS/Source/list.o
 .debug_abbrev  0x0000000000002c5c      0x3b6 ./Middlewares/Third_Party/FreeRTOS/Source/queue.o
 .debug_abbrev  0x0000000000003012      0x3fe ./Middlewares/Third_Party/FreeRTOS/Source/tasks.o
 .debug_abbrev  0x0000000000003410      0x368 ./Middlewares/Third_Party/FreeRTOS/Source/timers.o
 .debug_abbrev  0x0000000000003778      0x25c ./Middlewares/Third_Party/FreeRTOS/Source/portable/GCC/ARM_CM4F/port.o
 .debug_abbrev  0x00000000000039d4      0x21d ./Middlewares/Third_Party/FreeRTOS/Source/portable/MemMang/heap_4.o

.debug_aranges  0x0000000000000000     0x15d0
 .debug_aranges
                0x0000000000000000       0x20 ./Core/Src/dma.o
 .debug_aranges
                0x0000000000000020       0x30 ./Core/Src/freertos.o
 .debug_aranges
                0x0000000000000050       0x20 ./Core/Src/gpio.o
 .debug_aranges
                0x0000000000000070       0xb0 ./Core/Src/main.o
 .debug_aranges
                0x0000000000000120       0x20 ./Core/Src/stm32f4xx_hal_msp.o
 .debug_aranges
                0x0000000000000140       0x30 ./Core/Src/stm32f4xx_hal_timebase_tim.o
 .debug_aranges
                0x0000000000000170       0x90 ./Core/Src/stm32f4xx_it.o
 .debug_aranges
                0x0000000000000200       0x28 ./Core/Src/system_stm32f4xx.o
 .debug_aranges
                0x0000000000000228       0x70 ./Core/Src/tim.o
 .debug_aranges
                0x0000000000000298       0x38 ./Core/Src/usart.o
 .debug_aranges
                0x00000000000002d0       0x28 ./Core/Startup/startup_stm32f411retx.o
 .debug_aranges
                0x00000000000002f8       0xf0 ./Drivers/STM32F4xx_HAL_Driver/Src/stm32f4xx_hal.o
 .debug_aranges
                0x00000000000003e8      0x120 ./Drivers/STM32F4xx_HAL_Driver/Src/stm32f4xx_hal_cortex.o
 .debug_aranges
                0x0000000000000508       0x90 ./Drivers/STM32F4xx_HAL_Driver/Src/stm32f4xx_hal_dma.o
 .debug_aranges
                0x0000000000000598       0x58 ./Drivers/STM32F4xx_HAL_Driver/Src/stm32f4xx_hal_gpio.o
 .debug_aranges
                0x00000000000005f0       0x88 ./Drivers/STM32F4xx_HAL_Driver/Src/stm32f4xx_hal_rcc.o
 .debug_aranges
                0x0000000000000678      0x3d0 ./Drivers/STM32F4xx_HAL_Driver/Src/stm32f4xx_hal_tim.o
 .debug_aranges
                0x0000000000000a48      0x168 ./Drivers/STM32F4xx_HAL_Driver/Src/stm32f4xx_hal_tim_ex.o
 .debug_aranges
                0x0000000000000bb0      0x208 ./Drivers/STM32F4xx_HAL_Driver/Src/stm32f4xx_hal_uart.o
 .debug_aranges
                0x0000000000000db8      0x2b0 ./Middlewares/Third_Party/FreeRTOS/Source/CMSIS_RTOS_V2/cmsis_os2.o
 .debug_aranges
                0x0000000000001068       0x40 ./Middlewares/Third_Party/FreeRTOS/Source/list.o
 .debug_aranges
                0x00000000000010a8      0x158 ./Middlewares/Third_Party/FreeRTOS/Source/queue.o
 .debug_aranges
                0x0000000000001200      0x208 ./Middlewares/Third_Party/FreeRTOS/Source/tasks.o
 .debug_aranges
                0x0000000000001408       0xf0 ./Middlewares/Third_Party/FreeRTOS/Source/timers.o
 .debug_aranges
                0x00000000000014f8       0x80 ./Middlewares/Third_Party/FreeRTOS/Source/portable/GCC/ARM_CM4F/port.o
 .debug_aranges
                0x0000000000001578       0x58 ./Middlewares/Third_Party/FreeRTOS/Source/portable/MemMang/heap_4.o

.debug_rnglists
                0x0000000000000000     0x10e3
 .debug_rnglists
                0x0000000000000000       0x14 ./Core/Src/dma.o
 .debug_rnglists
                0x0000000000000014       0x1f ./Core/Src/freertos.o
 .debug_rnglists
                0x0000000000000033       0x14 ./Core/Src/gpio.o
 .debug_rnglists
                0x0000000000000047       0x84 ./Core/Src/main.o
 .debug_rnglists
                0x00000000000000cb       0x13 ./Core/Src/stm32f4xx_hal_msp.o
 .debug_rnglists
                0x00000000000000de       0x20 ./Core/Src/stm32f4xx_hal_timebase_tim.o
 .debug_rnglists
                0x00000000000000fe       0x67 ./Core/Src/stm32f4xx_it.o
 .debug_rnglists
                0x0000000000000165       0x1a ./Core/Src/system_stm32f4xx.o
 .debug_rnglists
                0x000000000000017f       0x55 ./Core/Src/tim.o
 .debug_rnglists
                0x00000000000001d4       0x27 ./Core/Src/usart.o
 .debug_rnglists
                0x00000000000001fb       0x19 ./Core/Startup/startup_stm32f411retx.o
 .debug_rnglists
                0x0000000000000214       0xaf ./Drivers/STM32F4xx_HAL_Driver/Src/stm32f4xx_hal.o
 .debug_rnglists
                0x00000000000002c3       0xd4 ./Drivers/STM32F4xx_HAL_Driver/Src/stm32f4xx_hal_cortex.o
 .debug_rnglists
                0x0000000000000397       0x70 ./Drivers/STM32F4xx_HAL_Driver/Src/stm32f4xx_hal_dma.o
 .debug_rnglists
                0x0000000000000407       0x3f ./Drivers/STM32F4xx_HAL_Driver/Src/stm32f4xx_hal_gpio.o
 .debug_rnglists
                0x0000000000000446       0x66 ./Drivers/STM32F4xx_HAL_Driver/Src/stm32f4xx_hal_rcc.o
 .debug_rnglists
                0x00000000000004ac      0x31a ./Drivers/STM32F4xx_HAL_Driver/Src/stm32f4xx_hal_tim.o
 .debug_rnglists
                0x00000000000007c6      0x125 ./Drivers/STM32F4xx_HAL_Driver/Src/stm32f4xx_hal_tim_ex.o
 .debug_rnglists
                0x00000000000008eb      0x1bc ./Drivers/STM32F4xx_HAL_Driver/Src/stm32f4xx_hal_uart.o
 .debug_rnglists
                0x0000000000000aa7      0x212 ./Middlewares/Third_Party/FreeRTOS/Source/CMSIS_RTOS_V2/cmsis_os2.o
 .debug_rnglists
                0x0000000000000cb9       0x2b ./Middlewares/Third_Party/FreeRTOS/Source/list.o
 .debug_rnglists