../Core/Src/main.c:86:6:delay_us	16	static
../Core/Src/main.c:93:6:HAL_TIM_IC_CaptureCallback	16	static
../Core/Src/main.c:198:6:Trig1	8	static
../Core/Src/main.c:207:6:Trig2	8	static
../Core/Src/main.c:216:6:Trig3	8	static
../Core/Src/main.c:226:6:go	8	static
../Core/Src/main.c:237:6:back	8	static
../Core/Src/main.c:249:6:stop	8	static
../Core/Src/main.c:258:6:right	8	static
../Core/Src/main.c:271:6:left	8	static
../Core/Src/main.c:285:6:left_back	8	static
../Core/Src/main.c:293:6:right_back	8	static
../Core/Src/main.c:303:6:at_motor	8	static
../Core/Src/main.c:374:6:bt_motor	8	static
../Core/Src/main.c:432:6:HAL_UART_RxCpltCallback	16	static
../Core/Src/main.c:446:5:__io_putchar	16	static
../Core/Src/main.c:462:5:main	8	static
../Core/Src/main.c:548:6:SystemClock_Config	88	static
../Core/Src/main.c:598:6:Error_Handler	4	static,ignoring_inline_asm
