../Core/Src/main.c:88:6:delay_us	16	static
../Core/Src/main.c:95:6:HAL_TIM_IC_CaptureCallback	16	static
../Core/Src/main.c:200:6:Trig1	8	static
../Core/Src/main.c:209:6:Trig2	8	static
../Core/Src/main.c:218:6:Trig3	8	static
../Core/Src/main.c:228:6:go	8	static
../Core/Src/main.c:239:6:back	8	static
../Core/Src/main.c:251:6:stop	8	static
../Core/Src/main.c:260:6:right	8	static
../Core/Src/main.c:273:6:left	8	static
../Core/Src/main.c:287:6:left_back	8	static
../Core/Src/main.c:295:6:right_back	8	static
../Core/Src/main.c:305:6:at_motor	8	static
../Core/Src/main.c:378:6:bt_motor	8	static
../Core/Src/main.c:436:6:HAL_UART_RxCpltCallback	16	static
../Core/Src/main.c:457:5:main	8	static
../Core/Src/main.c:543:6:SystemClock_Config	88	static
../Core/Src/main.c:597:6:HAL_TIM_PeriodElapsedCallback	16	static
../Core/Src/main.c:614:6:Error_Handler	4	static,ignoring_inline_asm
