../Core/Src/stm32f4xx_it.c:78:6:NMI_Handler	4	static
../Core/Src/stm32f4xx_it.c:93:6:HardFault_Handler	4	static
../Core/Src/stm32f4xx_it.c:108:6:MemManage_Handler	4	static
../Core/Src/stm32f4xx_it.c:123:6:BusFault_Handler	4	static
../Core/Src/stm32f4xx_it.c:138:6:UsageFault_Handler	4	static
../Core/Src/stm32f4xx_it.c:153:6:DebugMon_Handler	4	static
../Core/Src/stm32f4xx_it.c:173:6:DMA1_Stream2_IRQHandler	8	static
../Core/Src/stm32f4xx_it.c:187:6:DMA1_Stream5_IRQHandler	8	static
../Core/Src/stm32f4xx_it.c:201:6:TIM1_BRK_TIM9_IRQHandler	8	static
../Core/Src/stm32f4xx_it.c:216:6:TIM1_CC_IRQHandler	8	static
../Core/Src/stm32f4xx_it.c:230:6:TIM2_IRQHandler	8	static
../Core/Src/stm32f4xx_it.c:244:6:USART1_IRQHandler	8	static
../Core/Src/stm32f4xx_it.c:258:6:USART2_IRQHandler	8	static
../Core/Src/stm32f4xx_it.c:272:6:DMA1_Stream7_IRQHandler	8	static
../Core/Src/stm32f4xx_it.c:286:6:DMA2_Stream1_IRQHandler	8	static
